192.168.1.44 - - [07/Nov/2015:20:05:58 +0800] "GET /web/LoginServlet?qq=123&pwd=asd HTTP/1.1" 200 12
192.168.1.41 - - [07/Nov/2015:20:06:02 +0800] "GET /web/LoginServlet?qq=123&pwd=asd HTTP/1.1" 200 12
192.168.1.111 - - [07/Nov/2015:20:06:05 +0800] "POST /web/LoginServlet HTTP/1.1" 500 1418
192.168.1.173 - - [07/Nov/2015:20:06:17 +0800] "GET /web/LoginServlet?qq=123&pwd=123 HTTP/1.1" 200 12
192.168.1.79 - - [07/Nov/2015:20:06:21 +0800] "GET /web/LoginServlet?qq=123&pwd=asd HTTP/1.1" 200 12
192.168.1.173 - - [07/Nov/2015:20:06:25 +0800] "POST /web/LoginServlet HTTP/1.1" 200 12
192.168.1.44 - - [07/Nov/2015:20:06:43 +0800] "GET /web/LoginServlet?qq=123&pwd=asd HTTP/1.1" 200 12
192.168.1.44 - - [07/Nov/2015:20:06:51 +0800] "GET /web/LoginServlet?qq=123&pwd=asdd HTTP/1.1" 200 12
192.168.1.35 - - [07/Nov/2015:20:06:56 +0800] "GET /web/LoginServletqq=123&mm=asd HTTP/1.1" 404 1017
192.168.1.63 - - [07/Nov/2015:20:07:07 +0800] "POST /web/LoginServlet HTTP/1.1" 200 12
192.168.1.79 - - [07/Nov/2015:20:07:24 +0800] "POST /web/LoginServlet HTTP/1.1" 200 12
192.168.1.111 - - [07/Nov/2015:20:07:46 +0800] "POST /web/LoginServlet HTTP/1.1" 200 12
192.168.1.3 - - [07/Nov/2015:20:07:49 +0800] "GET /web/LoginServlet HTTP/1.1" 500 1359
192.168.1.3 - - [07/Nov/2015:20:07:50 +0800] "GET /web/LoginServlet HTTP/1.1" 500 1359
192.168.1.63 - - [07/Nov/2015:20:07:56 +0800] "POST /web/LoginServlet HTTP/1.1" 200 12
192.168.1.163 - - [07/Nov/2015:20:08:08 +0800] "POST /web/LoginServlet HTTP/1.1" 200 12
192.168.1.23 - - [07/Nov/2015:20:08:34 +0800] "GET /web/LoginServlet?qq=123&pwd=asd HTTP/1.1" 200 12
192.168.1.3 - - [07/Nov/2015:20:09:02 +0800] "GET /web/LoginServlet?pwd=asd&qq=123 HTTP/1.1" 200 12
192.168.1.57 - - [07/Nov/2015:20:09:02 +0800] "GET /web/LoginServlet/?qq=123&pwd=asd HTTP/1.1" 404 985
192.168.1.67 - - [07/Nov/2015:20:09:27 +0800] "POST /web/LoginServlet HTTP/1.1" 200 12
192.168.1.67 - - [07/Nov/2015:20:09:29 +0800] "POST /web/LoginServlet HTTP/1.1" 200 12
192.168.1.67 - - [07/Nov/2015:20:09:29 +0800] "POST /web/LoginServlet HTTP/1.1" 200 12
192.168.1.67 - - [07/Nov/2015:20:09:29 +0800] "POST /web/LoginServlet HTTP/1.1" 200 12
192.168.1.67 - - [07/Nov/2015:20:09:29 +0800] "POST /web/LoginServlet HTTP/1.1" 200 12
192.168.1.67 - - [07/Nov/2015:20:09:30 +0800] "POST /web/LoginServlet HTTP/1.1" 200 12
192.168.1.57 - - [07/Nov/2015:20:09:48 +0800] "GET / HTTP/1.1" 404 951
192.168.1.57 - - [07/Nov/2015:20:09:48 +0800] "GET /favicon.ico HTTP/1.1" 404 973
192.168.1.67 - - [07/Nov/2015:20:09:48 +0800] "GET /web/login.jsp HTTP/1.1" 200 769
192.168.1.119 - - [07/Nov/2015:20:09:53 +0800] "GET /web/LoginServlet?qq=ad%E7%88%B1%E4%B8%8A%E6%89%93%E7%AE%97v&pwd=123 HTTP/1.1" 200 12
192.168.1.67 - - [07/Nov/2015:20:10:04 +0800] "GET /web/login.jsp HTTP/1.1" 200 769
192.168.1.67 - - [07/Nov/2015:20:10:04 +0800] "GET /favicon.ico HTTP/1.1" 404 973
192.168.1.44 - - [07/Nov/2015:20:10:12 +0800] "GET /web/LoginServlet?qq=123&pwd=asdd HTTP/1.1" 200 12
192.168.1.119 - - [07/Nov/2015:20:10:13 +0800] "GET /web/LoginServlet?qq=ad%E7%88%B1%E4%B8%8A%E6%89%93%E7%AE%97v&pwd=123 HTTP/1.1" 200 12
192.168.1.163 - - [07/Nov/2015:20:10:15 +0800] "GET /web/LoginServlet?pwd=asd&qq=123 HTTP/1.1" 200 12
192.168.1.44 - - [07/Nov/2015:20:10:17 +0800] "GET /web/LoginServlet?qq=123&pwd=asd HTTP/1.1" 200 12
192.168.1.57 - - [07/Nov/2015:20:10:24 +0800] "GET /login.jsp HTTP/1.1" 404 969
192.168.1.57 - - [07/Nov/2015:20:10:33 +0800] "GET /login.jsp HTTP/1.1" 404 969
192.168.1.57 - - [07/Nov/2015:20:10:44 +0800] "GET /web/login.jsp HTTP/1.1" 200 769
192.168.1.57 - - [07/Nov/2015:20:11:07 +0800] "GET /web/LoginServlet?qq=123&pwd=asd HTTP/1.1" 200 12
192.168.1.57 - - [07/Nov/2015:20:11:25 +0800] "GET /web/LoginServlet?qq=123&pwd=asd HTTP/1.1" 200 12
192.168.1.113 - - [07/Nov/2015:20:11:26 +0800] "GET /web/LoginServlet?pwd=1&qq=123 HTTP/1.1" 200 12
192.168.1.113 - - [07/Nov/2015:20:11:31 +0800] "GET /web/LoginServlet?pwd=asd&qq=123 HTTP/1.1" 200 12
192.168.1.57 - - [07/Nov/2015:20:11:35 +0800] "POST /web/LoginServlet HTTP/1.1" 200 12
192.168.1.58 - - [07/Nov/2015:20:11:36 +0800] "GET /web/LoginServlet.jsp HTTP/1.1" 404 991
192.168.1.58 - - [07/Nov/2015:20:11:36 +0800] "GET /favicon.ico HTTP/1.1" 404 973
192.168.1.57 - - [07/Nov/2015:20:11:40 +0800] "GET /web/LoginServlet/?qq=123&pwd=asd HTTP/1.1" 404 985
192.168.1.58 - - [07/Nov/2015:20:11:45 +0800] "GET /web/LoginServlet. HTTP/1.1" 404 985
192.168.1.67 - - [07/Nov/2015:20:11:45 +0800] "POST /web/LoginServlet HTTP/1.1" 200 12
192.168.1.58 - - [07/Nov/2015:20:11:51 +0800] "GET /web/LoginServlet HTTP/1.1" 500 1359
192.168.1.67 - - [07/Nov/2015:20:12:01 +0800] "POST /web/LoginServlet HTTP/1.1" 200 12
192.168.1.67 - - [07/Nov/2015:20:12:02 +0800] "POST /web/LoginServlet HTTP/1.1" 200 12
192.168.1.67 - - [07/Nov/2015:20:12:02 +0800] "POST /web/LoginServlet HTTP/1.1" 200 12
192.168.1.67 - - [07/Nov/2015:20:12:03 +0800] "POST /web/LoginServlet HTTP/1.1" 200 12
192.168.1.67 - - [07/Nov/2015:20:12:03 +0800] "POST /web/LoginServlet HTTP/1.1" 200 12
192.168.1.67 - - [07/Nov/2015:20:12:23 +0800] "POST /web/LoginServlet HTTP/1.1" 200 12
192.168.1.119 - - [07/Nov/2015:20:13:24 +0800] "GET /favicon.ico HTTP/1.1" 404 973
192.168.1.35 - - [07/Nov/2015:20:13:27 +0800] "GET /web/LoginServlet?qq=123&pwd=asd HTTP/1.1" 200 12
192.168.1.119 - - [07/Nov/2015:20:13:28 +0800] "GET /web/LoginServlet HTTP/1.1" 500 1359
192.168.1.119 - - [07/Nov/2015:20:13:29 +0800] "GET /favicon.ico HTTP/1.1" 404 973
192.168.1.63 - - [07/Nov/2015:20:13:31 +0800] "POST /web/LoginServlet HTTP/1.1" 200 12
192.168.1.119 - - [07/Nov/2015:20:13:33 +0800] "GET /web/LoginServlet HTTP/1.1" 500 1359
192.168.1.119 - - [07/Nov/2015:20:13:33 +0800] "GET /favicon.ico HTTP/1.1" 404 973
192.168.1.119 - - [07/Nov/2015:20:13:40 +0800] "GET /web/LoginServlet HTTP/1.1" 500 1359
192.168.1.119 - - [07/Nov/2015:20:13:40 +0800] "GET /favicon.ico HTTP/1.1" 404 973
192.168.1.133 - - [07/Nov/2015:20:13:50 +0800] "GET /web/LoginServlet?qq=1231&pwd=123123 HTTP/1.1" 200 12
192.168.1.67 - - [07/Nov/2015:20:13:59 +0800] "POST /web/LoginServlet HTTP/1.1" 200 12
192.168.1.119 - - [07/Nov/2015:20:14:49 +0800] "GET /web/LoginServlet HTTP/1.1" 500 1359
192.168.1.119 - - [07/Nov/2015:20:14:49 +0800] "GET /favicon.ico HTTP/1.1" 404 973
192.168.1.105 - - [07/Nov/2015:20:14:53 +0800] "GET /web/JDBCUtil.java HTTP/1.1" 404 985
192.168.1.105 - - [07/Nov/2015:20:14:53 +0800] "GET /web/JDBCUtil.java HTTP/1.1" 404 985
192.168.1.105 - - [07/Nov/2015:20:14:53 +0800] "GET /web/JDBCUtil.java HTTP/1.1" 404 985
192.168.1.105 - - [07/Nov/2015:20:14:53 +0800] "GET /web/JDBCUtil.java HTTP/1.1" 404 985
192.168.1.119 - - [07/Nov/2015:20:14:59 +0800] "GET / HTTP/1.1" 404 951
192.168.1.119 - - [07/Nov/2015:20:14:59 +0800] "GET /favicon.ico HTTP/1.1" 404 973
192.168.1.57 - - [07/Nov/2015:20:15:01 +0800] "POST /web/LoginServlet HTTP/1.1" 200 12
192.168.1.57 - - [07/Nov/2015:20:15:05 +0800] "POST /web/LoginServlet HTTP/1.1" 200 12
192.168.1.133 - - [07/Nov/2015:20:15:07 +0800] "GET /web/LoginServlet?qq=12312&pwd=312312 HTTP/1.1" 200 12
192.168.1.57 - - [07/Nov/2015:20:15:16 +0800] "GET /web/LoginServlet/?qq=dsfs&pwd=dsf HTTP/1.1" 404 985
192.168.1.133 - - [07/Nov/2015:20:15:26 +0800] "GET /web/LoginServlet?qq=123&pwd=asd HTTP/1.1" 200 12
192.168.1.119 - - [07/Nov/2015:20:15:33 +0800] "GET /web/LoginServlet?qq=ad%E7%88%B1%E4%B8%8A%E6%89%93%E7%AE%97v&pwd=123 HTTP/1.1" 200 12
192.168.1.37 - - [07/Nov/2015:20:16:03 +0800] "GET /web/LoginServlet?qq=123&pwd=qwe HTTP/1.1" 200 12
192.168.1.37 - - [07/Nov/2015:20:16:14 +0800] "GET /web/LoginServlet?qq=123&pwd=asd HTTP/1.1" 200 12
192.168.1.67 - - [07/Nov/2015:20:16:30 +0800] "GET /web/LoginServlet?qq=123&pwd=1234 HTTP/1.1" 200 12
192.168.1.67 - - [07/Nov/2015:20:16:31 +0800] "GET /web/LoginServlet?qq=123&pwd=1234 HTTP/1.1" 200 12
192.168.1.67 - - [07/Nov/2015:20:16:31 +0800] "GET /web/LoginServlet?qq=123&pwd=1234 HTTP/1.1" 200 12
192.168.1.67 - - [07/Nov/2015:20:16:31 +0800] "GET /web/LoginServlet?qq=123&pwd=1234 HTTP/1.1" 200 12
192.168.1.67 - - [07/Nov/2015:20:16:31 +0800] "GET /web/LoginServlet?qq=123&pwd=1234 HTTP/1.1" 200 12
192.168.1.67 - - [07/Nov/2015:20:16:32 +0800] "GET /web/LoginServlet?qq=123&pwd=1234 HTTP/1.1" 200 12
192.168.1.67 - - [07/Nov/2015:20:16:33 +0800] "GET /web/LoginServlet?qq=123&pwd=1234 HTTP/1.1" 200 12
192.168.1.67 - - [07/Nov/2015:20:16:33 +0800] "GET /web/LoginServlet?qq=123&pwd=1234 HTTP/1.1" 200 12
192.168.1.67 - - [07/Nov/2015:20:16:33 +0800] "GET /web/LoginServlet?qq=123&pwd=1234 HTTP/1.1" 200 12
192.168.1.67 - - [07/Nov/2015:20:16:33 +0800] "GET /web/LoginServlet?qq=123&pwd=1234 HTTP/1.1" 200 12
192.168.1.67 - - [07/Nov/2015:20:16:34 +0800] "GET /web/LoginServlet?qq=123&pwd=1234 HTTP/1.1" 200 12
192.168.1.67 - - [07/Nov/2015:20:16:34 +0800] "GET /web/LoginServlet?qq=123&pwd=1234 HTTP/1.1" 200 12
192.168.1.67 - - [07/Nov/2015:20:16:34 +0800] "GET /web/LoginServlet?qq=123&pwd=1234 HTTP/1.1" 200 12
192.168.1.67 - - [07/Nov/2015:20:16:35 +0800] "GET /web/LoginServlet?qq=123&pwd=1234 HTTP/1.1" 200 12
192.168.1.67 - - [07/Nov/2015:20:16:35 +0800] "GET /web/LoginServlet?qq=123&pwd=1234 HTTP/1.1" 200 12
192.168.1.67 - - [07/Nov/2015:20:16:44 +0800] "GET /web/LoginServlet?qq=123&pwd=ASD HTTP/1.1" 200 12
192.168.1.67 - - [07/Nov/2015:20:16:50 +0800] "GET /web/LoginServlet?qq=123&pwd=asd HTTP/1.1" 200 12
192.168.1.67 - - [07/Nov/2015:20:17:17 +0800] "GET /web/LoginServlet?qq=123&pwd=asd HTTP/1.1" 200 12
192.168.1.209 - - [07/Nov/2015:20:17:17 +0800] "GET /web/download/gui.exe HTTP/1.1" 404 991
192.168.1.63 - - [07/Nov/2015:20:17:23 +0800] "POST /web/LoginServlet HTTP/1.1" 200 12
192.168.1.67 - - [07/Nov/2015:20:18:00 +0800] "POST /web/LoginServlet HTTP/1.1" 200 12
192.168.1.254 - - [07/Nov/2015:20:18:00 +0800] "GET /web/download/gui.exe HTTP/1.1" 404 991
192.168.1.254 - - [07/Nov/2015:20:18:00 +0800] "GET /web/download/gui.exe HTTP/1.1" 404 991
192.168.1.254 - - [07/Nov/2015:20:18:00 +0800] "GET /web/download/gui.exe HTTP/1.1" 404 991
192.168.1.254 - - [07/Nov/2015:20:18:01 +0800] "GET /favicon.ico HTTP/1.1" 404 973
192.168.1.254 - - [07/Nov/2015:20:18:01 +0800] "GET /favicon.ico HTTP/1.1" 404 973
192.168.1.254 - - [07/Nov/2015:20:18:01 +0800] "GET /favicon.ico HTTP/1.1" 404 973
192.168.1.63 - - [07/Nov/2015:20:18:05 +0800] "POST /web/LoginServlet HTTP/1.1" 200 12
192.168.1.63 - - [07/Nov/2015:20:18:09 +0800] "POST /web/LoginServlet HTTP/1.1" 200 12
192.168.1.63 - - [07/Nov/2015:20:18:09 +0800] "POST /web/LoginServlet HTTP/1.1" 200 12
192.168.1.147 - - [07/Nov/2015:20:18:14 +0800] "POST /Web/Login/Servlet HTTP/1.1" 404 985
192.168.1.147 - - [07/Nov/2015:20:18:18 +0800] "POST /Web/Login/Servlet HTTP/1.1" 404 985
192.168.1.147 - - [07/Nov/2015:20:18:18 +0800] "POST /Web/Login/Servlet HTTP/1.1" 404 985
192.168.1.147 - - [07/Nov/2015:20:18:19 +0800] "POST /Web/Login/Servlet HTTP/1.1" 404 985
192.168.1.67 - - [07/Nov/2015:20:18:21 +0800] "GET /web/LoginServlet?qq=123&pwd=asd HTTP/1.1" 200 12
192.168.1.36 - - [07/Nov/2015:20:18:23 +0800] "POST /web/UploadServlet HTTP/1.1" 200 -
192.168.1.147 - - [07/Nov/2015:20:18:25 +0800] "POST /Web/Login/Servlet HTTP/1.1" 404 985
192.168.1.147 - - [07/Nov/2015:20:18:35 +0800] "POST /Web/Login/Servlet HTTP/1.1" 404 985
192.168.1.57 - - [07/Nov/2015:20:18:44 +0800] "GET /web/LoginServlet?qq=gasdf&pwd=sdfs HTTP/1.1" 200 12
192.168.1.57 - - [07/Nov/2015:20:18:53 +0800] "GET /web/LoginServlet?qq=123&pwd=asd HTTP/1.1" 200 12
192.168.1.63 - - [07/Nov/2015:20:19:07 +0800] "POST /web/LoginServlet HTTP/1.1" 200 12
192.168.1.105 - - [07/Nov/2015:20:19:12 +0800] "GET /web/404.jpg HTTP/1.1" 404 973
192.168.1.105 - - [07/Nov/2015:20:19:12 +0800] "GET /web/404.jpg HTTP/1.1" 404 973
192.168.1.105 - - [07/Nov/2015:20:19:12 +0800] "GET /web/404.jpg HTTP/1.1" 404 973
192.168.1.105 - - [07/Nov/2015:20:19:12 +0800] "GET /web/404.jpg HTTP/1.1" 404 973
192.168.1.119 - - [07/Nov/2015:20:19:30 +0800] "GET /web/LoginServlet?qq=ad%E7%88%B1%E4%B8%8A%E6%89%93%E7%AE%97v&pwd=123 HTTP/1.1" 200 12
192.168.1.36 - - [07/Nov/2015:20:19:39 +0800] "POST /web/UploadServlet HTTP/1.1" 200 -
192.168.1.57 - - [07/Nov/2015:20:19:40 +0800] "GET /web/LoginServlet/?qq=123&pwd=asd HTTP/1.1" 404 985
192.168.1.57 - - [07/Nov/2015:20:19:41 +0800] "GET /web/LoginServlet/?qq=123&pwd=asd HTTP/1.1" 404 985
192.168.1.57 - - [07/Nov/2015:20:19:46 +0800] "GET /web/LoginServlet/?qq=123&pwd=asd HTTP/1.1" 404 985
192.168.1.57 - - [07/Nov/2015:20:19:49 +0800] "GET /web/LoginServlet/?qq=123&pwd=asd HTTP/1.1" 404 985
192.168.1.67 - - [07/Nov/2015:20:20:14 +0800] "GET /web/LoginServlet?qq=123&pwd=asd HTTP/1.1" 200 12
192.168.1.1 - - [07/Nov/2015:20:20:28 +0800] "POST /web/LoginServlet HTTP/1.1" 200 12
192.168.1.67 - - [07/Nov/2015:20:20:33 +0800] "POST /web/LoginServlet HTTP/1.1" 200 12
192.168.1.1 - - [07/Nov/2015:20:20:42 +0800] "POST /web/LoginServlet HTTP/1.1" 200 12
192.168.1.185 - - [07/Nov/2015:20:20:42 +0800] "POST /web/LoginServlet HTTP/1.1" 500 1418
192.168.1.63 - - [07/Nov/2015:20:20:46 +0800] "POST /web/LoginServlet HTTP/1.1" 200 12
192.168.1.185 - - [07/Nov/2015:20:20:48 +0800] "POST /web/LoginServlet HTTP/1.1" 500 1418
192.168.1.185 - - [07/Nov/2015:20:20:48 +0800] "POST /web/LoginServlet HTTP/1.1" 500 1418
192.168.1.219 - - [07/Nov/2015:20:20:50 +0800] "POST /web/UploadServlet HTTP/1.1" 200 -
192.168.1.185 - - [07/Nov/2015:20:20:50 +0800] "POST /web/LoginServlet HTTP/1.1" 500 1418
192.168.1.219 - - [07/Nov/2015:20:21:00 +0800] "POST /web/UploadServlet HTTP/1.1" 200 -
192.168.1.219 - - [07/Nov/2015:20:21:08 +0800] "POST /web/UploadServlet HTTP/1.1" 200 -
192.168.1.106 - - [07/Nov/2015:20:21:12 +0800] "GET / HTTP/1.1" 404 951
192.168.1.106 - - [07/Nov/2015:20:21:42 +0800] "POST /web/UploadServlet HTTP/1.1" 200 -
192.168.1.44 - - [07/Nov/2015:20:21:46 +0800] "GET /web/LoginServlet?qq=123&pwd=asd HTTP/1.1" 200 12
192.168.1.106 - - [07/Nov/2015:20:21:57 +0800] "POST /web/UploadServlet HTTP/1.1" 200 -
192.168.1.57 - - [07/Nov/2015:20:22:00 +0800] "GET /web/LoginServlet/?qq=123&pwd=asd HTTP/1.1" 404 985
192.168.1.44 - - [07/Nov/2015:20:22:10 +0800] "GET /web/LoginServlet?qq=123&pwd=asd HTTP/1.1" 200 12
192.168.1.106 - - [07/Nov/2015:20:22:12 +0800] "POST /web/UploadServlet HTTP/1.1" 200 -
192.168.1.185 - - [07/Nov/2015:20:22:14 +0800] "POST /web/LoginServlet HTTP/1.1" 500 1418
192.168.1.185 - - [07/Nov/2015:20:22:16 +0800] "POST /web/LoginServlet HTTP/1.1" 500 1418
192.168.1.185 - - [07/Nov/2015:20:22:16 +0800] "POST /web/LoginServlet HTTP/1.1" 500 1418
192.168.1.185 - - [07/Nov/2015:20:22:17 +0800] "POST /web/LoginServlet HTTP/1.1" 500 1418
192.168.1.44 - - [07/Nov/2015:20:22:20 +0800] "GET /web/LoginServlet?qq=123&pwd=asd HTTP/1.1" 200 12
192.168.1.59 - - [07/Nov/2015:20:22:44 +0800] "GET /web/LoginServlet?qq=123&pwd=123 HTTP/1.1" 200 12
192.168.1.44 - - [07/Nov/2015:20:22:47 +0800] "GET /web/LoginServlet?qq=123&pwd=asd HTTP/1.1" 200 12
192.168.1.44 - - [07/Nov/2015:20:22:53 +0800] "GET /web/login.jsp HTTP/1.1" 200 769
192.168.1.44 - - [07/Nov/2015:20:22:54 +0800] "GET /web/login.jsp HTTP/1.1" 200 769
192.168.1.59 - - [07/Nov/2015:20:22:56 +0800] "GET /web/LoginServlet?qq=123&pwd=asd HTTP/1.1" 200 12
192.168.1.44 - - [07/Nov/2015:20:23:01 +0800] "GET /web/login.jsp HTTP/1.1" 200 769
192.168.1.44 - - [07/Nov/2015:20:23:07 +0800] "GET /web/LoginServlet?qq=123&pwd=asd HTTP/1.1" 200 12
192.168.1.41 - - [07/Nov/2015:20:23:20 +0800] "POST /web/LoginServlet HTTP/1.1" 200 12
192.168.1.36 - - [07/Nov/2015:20:23:21 +0800] "POST /web/UploadServlet HTTP/1.1" 200 -
192.168.1.44 - - [07/Nov/2015:20:23:27 +0800] "GET /web/LoginServlet?qq=123&pwd=asd HTTP/1.1" 200 12
192.168.1.41 - - [07/Nov/2015:20:23:43 +0800] "GET /web/LoginServlet?qq=123&pwd=asd HTTP/1.1" 200 12
192.168.1.41 - - [07/Nov/2015:20:23:45 +0800] "GET /web/LoginServlet?qq=123&pwd=asdasd HTTP/1.1" 200 12
192.168.1.41 - - [07/Nov/2015:20:23:48 +0800] "GET /web/LoginServlet?qq=123asd&pwd=asdasd HTTP/1.1" 200 12
192.168.1.36 - - [07/Nov/2015:20:23:59 +0800] "POST /web/UploadServlet HTTP/1.1" 200 -
192.168.1.57 - - [07/Nov/2015:20:24:06 +0800] "GET /web/LoginServlet/?qq=123&pwd=asd HTTP/1.1" 404 985
192.168.1.120 - - [07/Nov/2015:20:24:26 +0800] "GET /favicon.ico HTTP/1.1" 404 973
192.168.1.185 - - [07/Nov/2015:20:24:28 +0800] "POST /web/LoginServlet HTTP/1.1" 500 1418
192.168.1.106 - - [07/Nov/2015:20:25:07 +0800] "POST /web/UploadServlet HTTP/1.1" 200 -
192.168.1.24 - - [07/Nov/2015:20:25:37 +0800] "GET /web/Login.jsp HTTP/1.1" 404 977
192.168.1.24 - - [07/Nov/2015:20:25:45 +0800] "GET /web/LoginServlet.jsp HTTP/1.1" 404 991
192.168.1.16 - - [07/Nov/2015:20:25:51 +0800] "POST /web/UploadServlet HTTP/1.1" 200 -
192.168.1.67 - - [07/Nov/2015:20:25:59 +0800] "GET /web/LoginServlet?qq=123&pwd=asd HTTP/1.1" 200 12
192.168.1.24 - - [07/Nov/2015:20:25:59 +0800] "GET /web/LoginServlet HTTP/1.1" 500 1359
192.168.1.67 - - [07/Nov/2015:20:26:08 +0800] "POST /web/LoginServlet HTTP/1.1" 200 12
192.168.1.225 - - [07/Nov/2015:20:26:51 +0800] "POST /web/LoginSrevlet HTTP/1.1" 404 983
192.168.1.106 - - [07/Nov/2015:20:27:16 +0800] "POST /web/UploadServlet HTTP/1.1" 200 -
192.168.1.106 - - [07/Nov/2015:20:27:17 +0800] "POST /web/UploadServlet HTTP/1.1" 200 -
192.168.1.106 - - [07/Nov/2015:20:27:18 +0800] "POST /web/UploadServlet HTTP/1.1" 200 -
192.168.1.106 - - [07/Nov/2015:20:27:19 +0800] "POST /web/UploadServlet HTTP/1.1" 200 -
192.168.1.106 - - [07/Nov/2015:20:27:19 +0800] "POST /web/UploadServlet HTTP/1.1" 200 -
192.168.1.106 - - [07/Nov/2015:20:27:20 +0800] "POST /web/UploadServlet HTTP/1.1" 200 -
192.168.1.106 - - [07/Nov/2015:20:27:20 +0800] "POST /web/UploadServlet HTTP/1.1" 200 -
192.168.1.106 - - [07/Nov/2015:20:27:20 +0800] "POST /web/UploadServlet HTTP/1.1" 200 -
192.168.1.106 - - [07/Nov/2015:20:27:21 +0800] "POST /web/UploadServlet HTTP/1.1" 200 -
192.168.1.24 - - [07/Nov/2015:20:27:21 +0800] "POST /web/LoginServlet HTTP/1.1" 200 12
192.168.1.106 - - [07/Nov/2015:20:27:22 +0800] "POST /web/UploadServlet HTTP/1.1" 200 -
192.168.1.106 - - [07/Nov/2015:20:27:22 +0800] "POST /web/UploadServlet HTTP/1.1" 200 -
192.168.1.106 - - [07/Nov/2015:20:27:23 +0800] "POST /web/UploadServlet HTTP/1.1" 200 -
192.168.1.106 - - [07/Nov/2015:20:27:24 +0800] "POST /web/UploadServlet HTTP/1.1" 200 -
192.168.1.44 - - [07/Nov/2015:20:27:33 +0800] "GET /web/LoginServlet?qq=123&pwd=asd HTTP/1.1" 200 12
192.168.1.44 - - [07/Nov/2015:20:27:36 +0800] "GET /web/LoginServlet?qq=123&pwd=asd HTTP/1.1" 200 12
192.168.1.219 - - [07/Nov/2015:20:28:35 +0800] "POST /web/UploadServlet HTTP/1.1" 200 -
192.168.1.24 - - [07/Nov/2015:20:28:44 +0800] "POST /web/LoginServlet HTTP/1.1" 200 12
192.168.1.41 - - [07/Nov/2015:20:28:45 +0800] "GET /web/LoginServlet?qq=123asd&pwd=asdasd HTTP/1.1" 200 12
192.168.1.219 - - [07/Nov/2015:20:28:46 +0800] "POST /web/UploadServlet HTTP/1.1" 200 -
192.168.1.68 - - [07/Nov/2015:20:28:51 +0800] "GET /web/LoginServlet?qq=123&pwd=asd HTTP/1.1" 200 12
192.168.1.219 - - [07/Nov/2015:20:28:57 +0800] "POST /web/UploadServlet HTTP/1.1" 200 -
192.168.1.219 - - [07/Nov/2015:20:29:07 +0800] "POST /web/UploadServlet HTTP/1.1" 200 -
192.168.1.219 - - [07/Nov/2015:20:29:17 +0800] "POST /web/UploadServlet HTTP/1.1" 200 -
192.168.1.68 - - [07/Nov/2015:20:29:21 +0800] "GET /web/LoginServlet?qq=%E6%88%91%E6%88%91%E6%88%91&pwd=asd HTTP/1.1" 200 12
192.168.1.219 - - [07/Nov/2015:20:29:28 +0800] "POST /web/UploadServlet HTTP/1.1" 200 -
192.168.1.68 - - [07/Nov/2015:20:29:46 +0800] "GET /web/LoginServlet?qq=%E6%88%91%E6%88%91%E6%88%91&pwd=asd HTTP/1.1" 200 12
192.168.1.68 - - [07/Nov/2015:20:30:28 +0800] "GET /web/LoginServlet?qq=w%E6%88%91%E6%88%91&pwd=123 HTTP/1.1" 200 12
192.168.1.131 - - [07/Nov/2015:20:30:37 +0800] "GET /web/LoginServlet?qq132&pwdefsefes HTTP/1.1" 500 1359
192.168.1.219 - - [07/Nov/2015:20:30:46 +0800] "POST /web/UploadServlet HTTP/1.1" 200 -
192.168.1.131 - - [07/Nov/2015:20:31:10 +0800] "GET /web/LoginServlet?qq132&pwdefsefes HTTP/1.1" 500 1359
192.168.1.131 - - [07/Nov/2015:20:31:15 +0800] "GET /web/LoginServlet?qq132&pwdefsefes HTTP/1.1" 500 1359
192.168.1.225 - - [07/Nov/2015:20:31:18 +0800] "POST /web/LoginSrevlet HTTP/1.1" 404 983
192.168.1.131 - - [07/Nov/2015:20:31:19 +0800] "GET /web/LoginServlet?qq132&pwdefsefes HTTP/1.1" 500 1359
192.168.1.67 - - [07/Nov/2015:20:31:22 +0800] "GET /web/LoginServlet/?qq=123&pwd=asd HTTP/1.1" 404 985
192.168.1.131 - - [07/Nov/2015:20:31:23 +0800] "GET /web/LoginServlet?qq132&pwdefsefes HTTP/1.1" 500 1359
192.168.1.207 - - [07/Nov/2015:20:31:24 +0800] "POST /web/LoginServlet HTTP/1.1" 500 1418
192.168.1.207 - - [07/Nov/2015:20:31:28 +0800] "POST /web/LoginServlet HTTP/1.1" 500 1418
192.168.1.131 - - [07/Nov/2015:20:31:28 +0800] "GET /web/LoginServlet?qq132&pwdefsefes HTTP/1.1" 500 1359
192.168.1.207 - - [07/Nov/2015:20:31:34 +0800] "POST /web/LoginServlet HTTP/1.1" 500 1418
192.168.1.36 - - [07/Nov/2015:20:31:42 +0800] "POST /web/UploadServlet HTTP/1.1" 200 -
192.168.1.106 - - [07/Nov/2015:20:31:49 +0800] "POST /web/UploadServlet HTTP/1.1" 200 -
192.168.1.131 - - [07/Nov/2015:20:32:02 +0800] "GET /web/LoginServlet?qq123&pwdasd HTTP/1.1" 500 1359
192.168.1.225 - - [07/Nov/2015:20:32:02 +0800] "POST /web/LoginSrevlet HTTP/1.1" 404 983
192.168.1.44 - - [07/Nov/2015:20:32:07 +0800] "POST /web/LoginServlet HTTP/1.1" 500 1418
192.168.1.44 - - [07/Nov/2015:20:32:11 +0800] "POST /web/LoginServlet HTTP/1.1" 500 1418
192.168.1.106 - - [07/Nov/2015:20:32:19 +0800] "POST /web/UploadServlet HTTP/1.1" 200 -
192.168.1.207 - - [07/Nov/2015:20:32:38 +0800] "POST /web/LoginServlet HTTP/1.1" 500 1418
192.168.1.207 - - [07/Nov/2015:20:32:42 +0800] "POST /web/LoginServlet HTTP/1.1" 500 1418
192.168.1.44 - - [07/Nov/2015:20:32:46 +0800] "POST /web/LoginServlet HTTP/1.1" 500 1418
192.168.1.36 - - [07/Nov/2015:20:32:48 +0800] "POST /web/UploadServlet HTTP/1.1" 200 -
192.168.1.106 - - [07/Nov/2015:20:32:52 +0800] "POST /web/UploadServlet HTTP/1.1" 200 -
192.168.1.252 - - [07/Nov/2015:20:32:57 +0800] "GET /nice/ HTTP/1.1" 404 961
192.168.1.219 - - [07/Nov/2015:20:33:00 +0800] "POST /web/UploadServlet HTTP/1.1" 200 -
192.168.1.67 - - [07/Nov/2015:20:33:01 +0800] "GET /web/LoginServlet/?qq=123&pwd=asd HTTP/1.1" 404 985
192.168.1.131 - - [07/Nov/2015:20:33:02 +0800] "GET /web/LoginServlet?qqfesef&pwdesfeffsef HTTP/1.1" 500 1359
192.168.1.131 - - [07/Nov/2015:20:33:06 +0800] "GET /web/LoginServlet?qqfesef&pwdesfeffsef HTTP/1.1" 500 1359
192.168.1.131 - - [07/Nov/2015:20:33:09 +0800] "GET /web/LoginServlet?qqfesef&pwdesfeffsef HTTP/1.1" 500 1359
192.168.1.131 - - [07/Nov/2015:20:33:12 +0800] "GET /web/LoginServlet?qqfesef&pwdesfeffsef HTTP/1.1" 500 1359
192.168.1.106 - - [07/Nov/2015:20:33:13 +0800] "POST /web/UploadServlet HTTP/1.1" 200 -
192.168.1.131 - - [07/Nov/2015:20:33:16 +0800] "GET /web/LoginServlet?qqfesef&pwdesfeffsef HTTP/1.1" 500 1359
192.168.1.131 - - [07/Nov/2015:20:33:19 +0800] "GET /web/LoginServlet?qqfesef&pwdesfeffsef HTTP/1.1" 500 1359
192.168.1.44 - - [07/Nov/2015:20:33:31 +0800] "GET /web/LoginServlet?qq=123&pwd=asd HTTP/1.1" 200 12
192.168.1.63 - - [07/Nov/2015:20:33:32 +0800] "GET /web/LoginServlet?qq=123&pwd=asd HTTP/1.1" 200 12
192.168.1.190 - - [07/Nov/2015:20:33:36 +0800] "GET /web/LoginServlet HTTP/1.1" 500 1359
192.168.1.190 - - [07/Nov/2015:20:33:37 +0800] "GET /favicon.ico HTTP/1.1" 404 973
192.168.1.190 - - [07/Nov/2015:20:33:37 +0800] "GET /favicon.ico HTTP/1.1" 404 973
192.168.1.44 - - [07/Nov/2015:20:33:39 +0800] "GET /web/LoginServlet?qq=123&pwd=asd HTTP/1.1" 200 12
192.168.1.207 - - [07/Nov/2015:20:33:47 +0800] "POST /web/LoginServlet HTTP/1.1" 500 1418
192.168.1.44 - - [07/Nov/2015:20:33:51 +0800] "POST /web/LoginServlet HTTP/1.1" 500 1418
192.168.1.209 - - [07/Nov/2015:20:33:53 +0800] "GET /web/download/gui.exe HTTP/1.1" 404 991
192.168.1.209 - - [07/Nov/2015:20:33:53 +0800] "GET /web/download/gui.exe HTTP/1.1" 404 991
192.168.1.209 - - [07/Nov/2015:20:33:53 +0800] "GET /web/download/gui.exe HTTP/1.1" 404 991
192.168.1.209 - - [07/Nov/2015:20:33:53 +0800] "GET /web/download/gui.exe HTTP/1.1" 404 991
192.168.1.190 - - [07/Nov/2015:20:33:54 +0800] "GET /web/LoginServlet HTTP/1.1" 500 1359
192.168.1.190 - - [07/Nov/2015:20:34:01 +0800] "GET / HTTP/1.1" 404 951
192.168.1.173 - - [07/Nov/2015:20:34:01 +0800] "GET /web/login.jsp?qq=11&pwd=11 HTTP/1.1" 200 769
192.168.1.173 - - [07/Nov/2015:20:34:06 +0800] "GET /web/login.jsp?qq=11&pwd=11 HTTP/1.1" 200 769
192.168.1.190 - - [07/Nov/2015:20:34:06 +0800] "GET / HTTP/1.1" 404 951
192.168.1.190 - - [07/Nov/2015:20:34:11 +0800] "GET /web/LoginServlet HTTP/1.1" 500 1359
192.168.1.133 - - [07/Nov/2015:20:34:13 +0800] "POST /web/LoginServlet HTTP/1.1" 500 1418
192.168.1.133 - - [07/Nov/2015:20:34:17 +0800] "POST /web/LoginServlet HTTP/1.1" 500 1418
192.168.1.44 - - [07/Nov/2015:20:34:26 +0800] "POST /web/LoginServlet HTTP/1.1" 500 1418
192.168.1.173 - - [07/Nov/2015:20:34:29 +0800] "GET /web/login.jsp?qq=11&pwd=11 HTTP/1.1" 200 769
192.168.1.173 - - [07/Nov/2015:20:34:33 +0800] "GET /web/login.jsp?qq=11&pwd=11 HTTP/1.1" 200 769
192.168.1.44 - - [07/Nov/2015:20:35:02 +0800] "POST /web/LoginServlet HTTP/1.1" 500 1418
192.168.1.67 - - [07/Nov/2015:20:35:29 +0800] "POST /web/LoginServlet HTTP/1.1" 200 12
192.168.1.67 - - [07/Nov/2015:20:35:45 +0800] "POST /web/LoginServlet HTTP/1.1" 500 1418
192.168.1.173 - - [07/Nov/2015:20:35:51 +0800] "GET /web/LoginServlet?qq=11&pwd=11 HTTP/1.1" 200 12
192.168.1.207 - - [07/Nov/2015:20:35:53 +0800] "POST /web/LoginServlet HTTP/1.1" 500 1418
192.168.1.207 - - [07/Nov/2015:20:36:03 +0800] "POST /web/LoginServlet HTTP/1.1" 500 1418
192.168.1.207 - - [07/Nov/2015:20:36:03 +0800] "POST /web/LoginServlet HTTP/1.1" 500 1418
192.168.1.207 - - [07/Nov/2015:20:36:08 +0800] "POST /web/LoginServlet HTTP/1.1" 500 1418
192.168.1.207 - - [07/Nov/2015:20:36:17 +0800] "POST /web/LoginServlet HTTP/1.1" 500 1418
192.168.1.156 - - [07/Nov/2015:20:36:24 +0800] "GET /web/FileUpload.jsp HTTP/1.1" 200 459
192.168.1.156 - - [07/Nov/2015:20:36:28 +0800] "GET /web/FileUpload.jsp HTTP/1.1" 200 459
192.168.1.207 - - [07/Nov/2015:20:36:29 +0800] "POST /web/LoginServlet HTTP/1.1" 500 1418
192.168.1.207 - - [07/Nov/2015:20:36:38 +0800] "POST /web/LoginServlet HTTP/1.1" 500 1418
192.168.1.44 - - [07/Nov/2015:20:36:39 +0800] "POST /web/LoginServlet HTTP/1.1" 200 12
192.168.1.16 - - [07/Nov/2015:20:36:45 +0800] "POST /web/UploadServlet HTTP/1.1" 200 -
192.168.1.67 - - [07/Nov/2015:20:36:57 +0800] "GET /web/LoginServlet HTTP/1.1" 500 1359
192.168.1.207 - - [07/Nov/2015:20:36:59 +0800] "POST /web/LoginServlet HTTP/1.1" 500 1418
192.168.1.133 - - [07/Nov/2015:20:37:00 +0800] "POST /web/LoginServlet HTTP/1.1" 500 1418
192.168.1.207 - - [07/Nov/2015:20:37:01 +0800] "POST /web/LoginServlet HTTP/1.1" 500 1418
192.168.1.207 - - [07/Nov/2015:20:37:04 +0800] "POST /web/LoginServlet HTTP/1.1" 500 1418
192.168.1.207 - - [07/Nov/2015:20:37:11 +0800] "POST /web/LoginServlet HTTP/1.1" 500 1418
192.168.1.207 - - [07/Nov/2015:20:37:14 +0800] "POST /web/LoginServlet HTTP/1.1" 500 1418
192.168.1.133 - - [07/Nov/2015:20:37:14 +0800] "POST /web/LoginServlet HTTP/1.1" 200 12
192.168.1.44 - - [07/Nov/2015:20:37:16 +0800] "POST /web/LoginServlet HTTP/1.1" 500 1418
192.168.1.133 - - [07/Nov/2015:20:37:20 +0800] "POST /web/LoginServlet HTTP/1.1" 200 12
192.168.1.163 - - [07/Nov/2015:20:37:40 +0800] "POST /web/LoginServlet HTTP/1.1" 200 12
192.168.1.163 - - [07/Nov/2015:20:38:17 +0800] "POST /web/LoginServlet HTTP/1.1" 200 12
192.168.1.163 - - [07/Nov/2015:20:38:22 +0800] "POST /web/LoginServlet HTTP/1.1" 200 12
192.168.1.207 - - [07/Nov/2015:20:38:23 +0800] "POST /web/LoginServlet HTTP/1.1" 500 1418
192.168.1.219 - - [07/Nov/2015:20:38:25 +0800] "GET /news/news.xml HTTP/1.1" 404 977
192.168.1.207 - - [07/Nov/2015:20:38:28 +0800] "POST /web/LoginServlet HTTP/1.1" 500 1418
192.168.1.67 - - [07/Nov/2015:20:38:30 +0800] "GET /web/LoginServlet HTTP/1.1" 500 1359
192.168.1.207 - - [07/Nov/2015:20:38:32 +0800] "POST /web/LoginServlet HTTP/1.1" 500 1418
192.168.1.219 - - [07/Nov/2015:20:38:36 +0800] "GET / HTTP/1.1" 404 951
192.168.1.219 - - [07/Nov/2015:20:38:38 +0800] "GET / HTTP/1.1" 404 951
192.168.1.219 - - [07/Nov/2015:20:38:42 +0800] "GET / HTTP/1.1" 404 951
192.168.1.219 - - [07/Nov/2015:20:38:47 +0800] "GET / HTTP/1.1" 404 951
192.168.1.67 - - [07/Nov/2015:20:38:47 +0800] "GET /web/LoginServlet HTTP/1.1" 500 1359
192.168.1.44 - - [07/Nov/2015:20:38:48 +0800] "POST /web/LoginServlet HTTP/1.1" 500 1418
192.168.1.164 - - [07/Nov/2015:20:39:08 +0800] "POST /web/UploadServlet HTTP/1.1" 200 -
192.168.1.44 - - [07/Nov/2015:20:39:16 +0800] "POST /web/LoginServlet HTTP/1.1" 200 12
192.168.1.164 - - [07/Nov/2015:20:39:26 +0800] "POST /web/UploadServlet HTTP/1.1" 200 -
192.168.1.207 - - [07/Nov/2015:20:39:39 +0800] "POST /web/LoginServlet HTTP/1.1" 500 1418
192.168.1.44 - - [07/Nov/2015:20:39:47 +0800] "POST /web/LoginServlet HTTP/1.1" 500 1418
192.168.1.13 - - [07/Nov/2015:20:39:53 +0800] "GET /web/login.jsp HTTP/1.1" 200 769
192.168.1.23 - - [07/Nov/2015:20:39:58 +0800] "GET /web/LoginServlet?qq=123&pwd=12332 HTTP/1.1" 200 12
192.168.1.13 - - [07/Nov/2015:20:40:04 +0800] "GET /web/LoginServlet HTTP/1.1" 500 1359
192.168.1.13 - - [07/Nov/2015:20:40:31 +0800] "GET /web/LoginServlet HTTP/1.1" 500 1359
127.0.0.1 - - [07/Nov/2015:20:40:31 +0800] "GET / HTTP/1.1" 404 951
0:0:0:0:0:0:0:1 - - [07/Nov/2015:20:40:31 +0800] "GET /web/login.jsp HTTP/1.1" 200 769
192.168.1.207 - - [07/Nov/2015:20:40:36 +0800] "POST /web/LoginServlet HTTP/1.1" 500 1418
192.168.1.13 - - [07/Nov/2015:20:40:41 +0800] "GET /web/LoginServlet HTTP/1.1" 500 1359
192.168.1.13 - - [07/Nov/2015:20:40:43 +0800] "GET /web/LoginServlet HTTP/1.1" 500 1359
192.168.1.207 - - [07/Nov/2015:20:40:46 +0800] "GET /web/LoginServlet HTTP/1.1" 500 1359
192.168.1.23 - - [07/Nov/2015:20:40:46 +0800] "GET /web/LoginServlet?qq=123&pwd=asd HTTP/1.1" 200 12
192.168.1.13 - - [07/Nov/2015:20:40:48 +0800] "GET /web/LoginServlet HTTP/1.1" 500 1359
192.168.1.13 - - [07/Nov/2015:20:40:56 +0800] "GET /web/login.jsp HTTP/1.1" 200 769
192.168.1.207 - - [07/Nov/2015:20:41:07 +0800] "GET /web/login.jsp HTTP/1.1" 200 769
192.168.1.207 - - [07/Nov/2015:20:41:08 +0800] "GET /favicon.ico HTTP/1.1" 404 973
192.168.1.13 - - [07/Nov/2015:20:41:08 +0800] "GET /web/LoginServlet HTTP/1.1" 500 1359
192.168.1.44 - - [07/Nov/2015:20:41:12 +0800] "POST /web/LoginServlet HTTP/1.1" 200 12
192.168.1.207 - - [07/Nov/2015:20:41:14 +0800] "POST /web/LoginServlet HTTP/1.1" 200 12
192.168.1.207 - - [07/Nov/2015:20:41:14 +0800] "GET /favicon.ico HTTP/1.1" 404 973
192.168.1.13 - - [07/Nov/2015:20:41:16 +0800] "GET /web/login.jsp HTTP/1.1" 200 769
192.168.1.31 - - [07/Nov/2015:20:41:17 +0800] "GET /web/LoginServlet?id=null&pwd=null HTTP/1.1" 500 1359
192.168.1.13 - - [07/Nov/2015:20:41:20 +0800] "GET /web/LoginServlet?qq=123&pwd=asd HTTP/1.1" 200 12
192.168.1.13 - - [07/Nov/2015:20:41:35 +0800] "GET /web/LoginServlet?qq=123&pwd=asd HTTP/1.1" 200 12
192.168.1.44 - - [07/Nov/2015:20:42:11 +0800] "POST /web/LoginServlet HTTP/1.1" 500 1418
192.168.1.156 - - [07/Nov/2015:20:42:27 +0800] "GET /web/LoginServlet?qq=312313&pwd=131213 HTTP/1.1" 200 12
192.168.1.219 - - [07/Nov/2015:20:42:33 +0800] "GET /web/UploadServlet HTTP/1.1" 405 1065
192.168.1.31 - - [07/Nov/2015:20:42:48 +0800] "GET /web/LoginServlet?qq=qq&pwd=pwd HTTP/1.1" 200 12
192.168.1.219 - - [07/Nov/2015:20:42:52 +0800] "GET /web/LoginServlet HTTP/1.1" 500 1359
192.168.1.44 - - [07/Nov/2015:20:42:53 +0800] "POST /web/LoginServlet HTTP/1.1" 500 1418
192.168.1.44 - - [07/Nov/2015:20:42:56 +0800] "POST /web/LoginServlet HTTP/1.1" 500 1418
192.168.1.156 - - [07/Nov/2015:20:42:59 +0800] "GET /web/LoginServlet?qq=312313&pwd=131213 HTTP/1.1" 200 12
192.168.1.44 - - [07/Nov/2015:20:43:02 +0800] "POST /web/LoginServlet HTTP/1.1" 500 1418
192.168.1.219 - - [07/Nov/2015:20:43:05 +0800] "GET /web/Login HTTP/1.1" 404 969
192.168.1.24 - - [07/Nov/2015:20:43:17 +0800] "POST /web/LoginServlet HTTP/1.1" 200 12
192.168.1.156 - - [07/Nov/2015:20:43:33 +0800] "GET /web/LoginServlet?qq=werwre&pwd=wrwerre HTTP/1.1" 200 12
192.168.1.173 - - [07/Nov/2015:20:43:38 +0800] "GET /web/login.jsp?qq=11&pwd=22 HTTP/1.1" 200 769
192.168.1.219 - - [07/Nov/2015:20:43:41 +0800] "GET /web/LoginServlet HTTP/1.1" 500 1359
192.168.1.44 - - [07/Nov/2015:20:43:45 +0800] "POST /web/LoginServlet HTTP/1.1" 500 1418
192.168.1.24 - - [07/Nov/2015:20:43:53 +0800] "GET /web/LoginServlet HTTP/1.1" 500 1359
192.168.1.24 - - [07/Nov/2015:20:43:59 +0800] "GET /web/Login.jsp HTTP/1.1" 404 977
192.168.1.207 - - [07/Nov/2015:20:44:04 +0800] "POST /web/LoginServlet HTTP/1.1" 500 1418
192.168.1.186 - - [07/Nov/2015:20:44:06 +0800] "GET /web/download/gui.exe HTTP/1.1" 404 991
192.168.1.186 - - [07/Nov/2015:20:44:06 +0800] "GET /web/download/gui.exe HTTP/1.1" 404 991
192.168.1.186 - - [07/Nov/2015:20:44:06 +0800] "GET /web/download/gui.exe HTTP/1.1" 404 991
192.168.1.186 - - [07/Nov/2015:20:44:06 +0800] "GET /web/download/gui.exe HTTP/1.1" 404 991
192.168.1.24 - - [07/Nov/2015:20:44:13 +0800] "GET /web/LoginServlet.jsp HTTP/1.1" 404 991
192.168.1.44 - - [07/Nov/2015:20:44:16 +0800] "POST /web/LoginServlet HTTP/1.1" 500 1418
192.168.1.24 - - [07/Nov/2015:20:44:19 +0800] "GET /web/LoginServlet.jsp HTTP/1.1" 404 991
192.168.1.44 - - [07/Nov/2015:20:44:20 +0800] "POST /web/LoginServlet HTTP/1.1" 500 1418
192.168.1.67 - - [07/Nov/2015:20:44:21 +0800] "GET /web/LoginServlet?qq=123&pwd=asd HTTP/1.1" 200 12
192.168.1.44 - - [07/Nov/2015:20:44:21 +0800] "POST /web/LoginServlet HTTP/1.1" 500 1418
192.168.1.44 - - [07/Nov/2015:20:44:21 +0800] "POST /web/LoginServlet HTTP/1.1" 500 1418
192.168.1.44 - - [07/Nov/2015:20:44:22 +0800] "POST /web/LoginServlet HTTP/1.1" 500 1418
192.168.1.44 - - [07/Nov/2015:20:44:22 +0800] "POST /web/LoginServlet HTTP/1.1" 500 1418
192.168.1.219 - - [07/Nov/2015:20:44:28 +0800] "GET /web/LoginServlet HTTP/1.1" 500 1359
192.168.1.44 - - [07/Nov/2015:20:44:34 +0800] "POST /web/LoginServlet HTTP/1.1" 200 12
192.168.1.37 - - [07/Nov/2015:20:44:35 +0800] "POST /web/LoginServlet HTTP/1.1" 500 1418
192.168.1.173 - - [07/Nov/2015:20:44:38 +0800] "GET /web/login.jsp?qq=11&pwd=11 HTTP/1.1" 200 769
192.168.1.119 - - [07/Nov/2015:20:44:40 +0800] "GET /favicon.ico HTTP/1.1" 404 973
192.168.1.219 - - [07/Nov/2015:20:44:45 +0800] "GET /web/LoginServlet HTTP/1.1" 500 1359
192.168.1.44 - - [07/Nov/2015:20:44:49 +0800] "POST /web/LoginServlet HTTP/1.1" 500 1418
192.168.1.219 - - [07/Nov/2015:20:44:51 +0800] "GET /web/LoginServlet HTTP/1.1" 500 1359
192.168.1.44 - - [07/Nov/2015:20:44:51 +0800] "POST /web/LoginServlet HTTP/1.1" 500 1418
192.168.1.44 - - [07/Nov/2015:20:44:52 +0800] "POST /web/LoginServlet HTTP/1.1" 500 1418
192.168.1.44 - - [07/Nov/2015:20:44:52 +0800] "POST /web/LoginServlet HTTP/1.1" 500 1418
192.168.1.44 - - [07/Nov/2015:20:44:52 +0800] "POST /web/LoginServlet HTTP/1.1" 500 1418
192.168.1.58 - - [07/Nov/2015:20:45:06 +0800] "POST /web/LoginServlet HTTP/1.1" 200 12
192.168.1.59 - - [07/Nov/2015:20:45:07 +0800] "POST /web/LoginServlet HTTP/1.1" 500 1418
192.168.1.58 - - [07/Nov/2015:20:45:08 +0800] "POST /web/LoginServlet HTTP/1.1" 200 12
192.168.1.58 - - [07/Nov/2015:20:45:09 +0800] "POST /web/LoginServlet HTTP/1.1" 200 12
192.168.1.58 - - [07/Nov/2015:20:45:09 +0800] "POST /web/LoginServlet HTTP/1.1" 200 12
192.168.1.58 - - [07/Nov/2015:20:45:09 +0800] "POST /web/LoginServlet HTTP/1.1" 200 12
192.168.1.58 - - [07/Nov/2015:20:45:09 +0800] "POST /web/LoginServlet HTTP/1.1" 200 12
192.168.1.31 - - [07/Nov/2015:20:45:16 +0800] "GET /web/LoginServlet?id=null&pwd=null HTTP/1.1" 500 1359
192.168.1.58 - - [07/Nov/2015:20:45:16 +0800] "POST /web/LoginServlet HTTP/1.1" 200 12
192.168.1.173 - - [07/Nov/2015:20:45:16 +0800] "GET /web/login.jsp?qq=11&pwd=11 HTTP/1.1" 200 769
192.168.1.185 - - [07/Nov/2015:20:45:18 +0800] "GET /web/login%E3%80%82jsp HTTP/1.1" 404 993
192.168.1.59 - - [07/Nov/2015:20:45:18 +0800] "POST /web/LoginServlet HTTP/1.1" 500 1418
192.168.1.58 - - [07/Nov/2015:20:45:19 +0800] "POST /web/LoginServlet HTTP/1.1" 200 12
192.168.1.59 - - [07/Nov/2015:20:45:22 +0800] "POST /web/LoginServlet HTTP/1.1" 500 1418
192.168.1.173 - - [07/Nov/2015:20:45:23 +0800] "GET /web/login.jsp?qq=11&pwd=11 HTTP/1.1" 200 769
192.168.1.173 - - [07/Nov/2015:20:45:27 +0800] "GET /web/login.jsp?qq=11&pwd=11 HTTP/1.1" 200 769
192.168.1.185 - - [07/Nov/2015:20:45:28 +0800] "GET /web/login.jsp HTTP/1.1" 200 769
192.168.1.173 - - [07/Nov/2015:20:45:31 +0800] "GET /web/login.jsp?qq=11&pwd=11 HTTP/1.1" 200 769
192.168.1.44 - - [07/Nov/2015:20:45:35 +0800] "POST /web/LoginServlet HTTP/1.1" 500 1418
192.168.1.57 - - [07/Nov/2015:20:45:38 +0800] "GET /web/LoginServlet/?qq=123&pwd=asd HTTP/1.1" 404 985
192.168.1.37 - - [07/Nov/2015:20:45:39 +0800] "POST /web/LoginServlet HTTP/1.1" 200 12
192.168.1.44 - - [07/Nov/2015:20:45:56 +0800] "POST /web/LoginServlet HTTP/1.1" 500 1418
192.168.1.5 - - [07/Nov/2015:20:46:02 +0800] "POST /web/LoginServlet HTTP/1.1" 200 12
192.168.1.131 - - [07/Nov/2015:20:46:13 +0800] "POST /web/LoginServlet HTTP/1.1" 200 12
192.168.1.59 - - [07/Nov/2015:20:46:16 +0800] "POST /web/LoginServlet HTTP/1.1" 500 1418
192.168.1.131 - - [07/Nov/2015:20:46:21 +0800] "POST /web/LoginServlet HTTP/1.1" 200 12
192.168.1.57 - - [07/Nov/2015:20:46:34 +0800] "GET /web/LoginServlet?qq=123&pwd=asd HTTP/1.1" 200 12
192.168.1.5 - - [07/Nov/2015:20:46:37 +0800] "POST /web/LoginServlet HTTP/1.1" 200 12
192.168.1.131 - - [07/Nov/2015:20:46:40 +0800] "POST /web/LoginServlet HTTP/1.1" 200 12
192.168.1.163 - - [07/Nov/2015:20:46:42 +0800] "GET /web/LoginServlet?pwd=asd&qq=123 HTTP/1.1" 200 12
192.168.1.163 - - [07/Nov/2015:20:46:45 +0800] "GET /web/LoginServlet?pwd=asd&qq=123 HTTP/1.1" 200 12
192.168.1.163 - - [07/Nov/2015:20:46:45 +0800] "GET /web/LoginServlet?pwd=asd&qq=123 HTTP/1.1" 200 12
192.168.1.163 - - [07/Nov/2015:20:46:45 +0800] "GET /web/LoginServlet?pwd=asd&qq=123 HTTP/1.1" 200 12
192.168.1.185 - - [07/Nov/2015:20:46:45 +0800] "GET /web/login.jsp HTTP/1.1" 200 769
192.168.1.163 - - [07/Nov/2015:20:46:45 +0800] "GET /web/LoginServlet?pwd=asd&qq=123 HTTP/1.1" 200 12
192.168.1.163 - - [07/Nov/2015:20:46:46 +0800] "GET /web/LoginServlet?pwd=asd&qq=123 HTTP/1.1" 200 12
192.168.1.185 - - [07/Nov/2015:20:46:46 +0800] "GET /favicon.ico HTTP/1.1" 404 973
192.168.1.185 - - [07/Nov/2015:20:46:46 +0800] "GET /favicon.ico HTTP/1.1" 404 973
192.168.1.163 - - [07/Nov/2015:20:46:50 +0800] "GET /web/LoginServlet?pwd=asd&qq=123 HTTP/1.1" 200 12
192.168.1.59 - - [07/Nov/2015:20:46:50 +0800] "POST /web/LoginServlet HTTP/1.1" 500 1418
192.168.1.163 - - [07/Nov/2015:20:46:50 +0800] "GET /web/LoginServlet?pwd=asd&qq=123 HTTP/1.1" 200 12
192.168.1.163 - - [07/Nov/2015:20:46:50 +0800] "GET /web/LoginServlet?pwd=asd&qq=123 HTTP/1.1" 200 12
192.168.1.163 - - [07/Nov/2015:20:46:50 +0800] "GET /web/LoginServlet?pwd=asd&qq=123 HTTP/1.1" 200 12
192.168.1.163 - - [07/Nov/2015:20:46:50 +0800] "GET /web/LoginServlet?pwd=asd&qq=123 HTTP/1.1" 200 12
192.168.1.163 - - [07/Nov/2015:20:46:51 +0800] "GET /web/LoginServlet?pwd=asd&qq=123 HTTP/1.1" 200 12
192.168.1.185 - - [07/Nov/2015:20:47:01 +0800] "POST /web/LoginServlet HTTP/1.1" 200 12
192.168.1.207 - - [07/Nov/2015:20:47:05 +0800] "POST /web/LoginServlet HTTP/1.1" 500 1418
192.168.1.59 - - [07/Nov/2015:20:47:08 +0800] "POST /web/LoginServlet HTTP/1.1" 500 1418
192.168.1.37 - - [07/Nov/2015:20:47:09 +0800] "POST /web/LoginServlet HTTP/1.1" 200 12
192.168.1.207 - - [07/Nov/2015:20:47:13 +0800] "POST /web/LoginServlet HTTP/1.1" 500 1418
192.168.1.59 - - [07/Nov/2015:20:47:29 +0800] "POST /web/LoginServlet HTTP/1.1" 500 1418
192.168.1.131 - - [07/Nov/2015:20:47:40 +0800] "POST /web/LoginServlet HTTP/1.1" 200 12
192.168.1.131 - - [07/Nov/2015:20:48:00 +0800] "POST /web/loginSeverlet HTTP/1.1" 404 985
192.168.1.131 - - [07/Nov/2015:20:48:04 +0800] "POST /web/loginSeverlet HTTP/1.1" 404 985
192.168.1.128 - - [07/Nov/2015:20:48:09 +0800] "GET /web/LoginServlet?qq=%E8%B6%85%E5%93%A5&pwd=weiwu HTTP/1.1" 200 12
192.168.1.207 - - [07/Nov/2015:20:48:17 +0800] "POST /web/LoginServlet HTTP/1.1" 500 1418
192.168.1.5 - - [07/Nov/2015:20:48:19 +0800] "POST /web/UploadServlet HTTP/1.1" 200 -
192.168.1.5 - - [07/Nov/2015:20:48:22 +0800] "POST /web/UploadServlet HTTP/1.1" 200 -
192.168.1.5 - - [07/Nov/2015:20:48:25 +0800] "POST /web/UploadServlet HTTP/1.1" 200 -
192.168.1.5 - - [07/Nov/2015:20:48:29 +0800] "POST /web/UploadServlet HTTP/1.1" 200 -
192.168.1.163 - - [07/Nov/2015:20:48:29 +0800] "GET /web/LoginServlet?pwd=asd&qq=123 HTTP/1.1" 200 12
192.168.1.173 - - [07/Nov/2015:20:48:30 +0800] "GET /web/login.jsp?qq=11&pwd=11 HTTP/1.1" 200 769
192.168.1.5 - - [07/Nov/2015:20:48:32 +0800] "POST /web/UploadServlet HTTP/1.1" 200 -
192.168.1.173 - - [07/Nov/2015:20:48:33 +0800] "GET /web/login.jsp?qq=11&pwd=11 HTTP/1.1" 200 769
192.168.1.5 - - [07/Nov/2015:20:48:35 +0800] "POST /web/UploadServlet HTTP/1.1" 200 -
192.168.1.163 - - [07/Nov/2015:20:48:35 +0800] "GET /web/LoginServlet?pwd=asd&qq=123 HTTP/1.1" 200 12
192.168.1.163 - - [07/Nov/2015:20:48:36 +0800] "GET /web/LoginServlet?pwd=asd&qq=123 HTTP/1.1" 200 12
192.168.1.163 - - [07/Nov/2015:20:48:36 +0800] "GET /web/LoginServlet?pwd=asd&qq=123 HTTP/1.1" 200 12
192.168.1.163 - - [07/Nov/2015:20:48:36 +0800] "GET /web/LoginServlet?pwd=asd&qq=123 HTTP/1.1" 200 12
192.168.1.163 - - [07/Nov/2015:20:48:37 +0800] "GET /web/LoginServlet?pwd=asd&qq=123 HTTP/1.1" 200 12
192.168.1.163 - - [07/Nov/2015:20:48:37 +0800] "GET /web/LoginServlet?pwd=asd&qq=123 HTTP/1.1" 200 12
192.168.1.163 - - [07/Nov/2015:20:48:37 +0800] "GET /web/LoginServlet?pwd=asd&qq=123 HTTP/1.1" 200 12
192.168.1.163 - - [07/Nov/2015:20:48:37 +0800] "GET /web/LoginServlet?pwd=asd&qq=123 HTTP/1.1" 200 12
192.168.1.163 - - [07/Nov/2015:20:48:37 +0800] "GET /web/LoginServlet?pwd=asd&qq=123 HTTP/1.1" 200 12
192.168.1.44 - - [07/Nov/2015:20:48:45 +0800] "POST /web/LoginServlet HTTP/1.1" 500 1418
192.168.1.44 - - [07/Nov/2015:20:48:47 +0800] "POST /web/LoginServlet HTTP/1.1" 500 1418
192.168.1.44 - - [07/Nov/2015:20:48:52 +0800] "POST /web/LoginServlet HTTP/1.1" 500 1418
192.168.1.44 - - [07/Nov/2015:20:48:54 +0800] "POST /web/LoginServlet HTTP/1.1" 500 1418
192.168.1.59 - - [07/Nov/2015:20:48:55 +0800] "POST /web/LoginServlet HTTP/1.1" 500 1418
192.168.1.59 - - [07/Nov/2015:20:48:56 +0800] "POST /web/LoginServlet HTTP/1.1" 500 1418
192.168.1.44 - - [07/Nov/2015:20:48:58 +0800] "POST /web/LoginServlet HTTP/1.1" 500 1418
192.168.1.44 - - [07/Nov/2015:20:49:02 +0800] "POST /web/LoginServlet HTTP/1.1" 500 1418
192.168.1.131 - - [07/Nov/2015:20:49:06 +0800] "POST /web/LoginSeverlet HTTP/1.1" 404 985
192.168.1.173 - - [07/Nov/2015:20:49:27 +0800] "GET /web/login.jsp?qq=11&pwd=11 HTTP/1.1" 200 769
192.168.1.131 - - [07/Nov/2015:20:49:32 +0800] "POST /web/LoginServlet HTTP/1.1" 200 12
192.168.1.173 - - [07/Nov/2015:20:49:34 +0800] "GET /web/login.jsp?qq=11&pwd=11 HTTP/1.1" 200 769
192.168.1.207 - - [07/Nov/2015:20:49:34 +0800] "POST /web/LoginServlet HTTP/1.1" 500 1418
192.168.1.207 - - [07/Nov/2015:20:49:41 +0800] "POST /web/LoginServlet HTTP/1.1" 500 1418
192.168.1.173 - - [07/Nov/2015:20:49:52 +0800] "GET /web/login.jsp?qq=11&pwd=11 HTTP/1.1" 200 769
192.168.1.207 - - [07/Nov/2015:20:49:58 +0800] "POST /web/LoginServlet HTTP/1.1" 500 1418
