127.0.0.1 - - [07/Nov/2015:09:14:45 +0800] "GET / HTTP/1.1" 404 951
0:0:0:0:0:0:0:1 - - [07/Nov/2015:09:14:46 +0800] "GET /web/login.jsp HTTP/1.1" 200 769
192.168.1.253 - - [07/Nov/2015:09:15:34 +0800] "GET /web/login.jsp HTTP/1.1" 200 769
192.168.1.253 - - [07/Nov/2015:09:15:51 +0800] "GET /web/LoginServlet?qq=123&pwd=asd HTTP/1.1" 200 13
192.168.1.58 - - [07/Nov/2015:09:16:06 +0800] "GET / HTTP/1.1" 404 951
192.168.1.58 - - [07/Nov/2015:09:16:06 +0800] "GET /favicon.ico HTTP/1.1" 404 973
192.168.1.222 - - [07/Nov/2015:09:16:20 +0800] "GET /web/login.jsp HTTP/1.1" 200 769
192.168.1.222 - - [07/Nov/2015:09:16:27 +0800] "GET /web/LoginServlet?qq=dssd&pwd=32 HTTP/1.1" 200 10
192.168.1.164 - - [07/Nov/2015:09:16:31 +0800] "GET /web/LoginServlet HTTP/1.1" 500 1359
192.168.1.184 - - [07/Nov/2015:09:16:38 +0800] "GET /web/LoginServlet HTTP/1.1" 500 1359
192.168.1.184 - - [07/Nov/2015:09:16:39 +0800] "GET /favicon.ico HTTP/1.1" 404 973
192.168.1.184 - - [07/Nov/2015:09:17:10 +0800] "GET /web/LoginServlet.jsp HTTP/1.1" 404 991
192.168.1.184 - - [07/Nov/2015:09:17:10 +0800] "GET /favicon.ico HTTP/1.1" 404 973
192.168.1.184 - - [07/Nov/2015:09:17:37 +0800] "GET /web HTTP/1.1" 302 -
192.168.1.184 - - [07/Nov/2015:09:17:37 +0800] "GET /web/ HTTP/1.1" 404 959
192.168.1.184 - - [07/Nov/2015:09:17:37 +0800] "GET /favicon.ico HTTP/1.1" 404 973
192.168.1.185 - - [07/Nov/2015:09:17:57 +0800] "GET /loginserverlt HTTP/1.1" 404 977
192.168.1.222 - - [07/Nov/2015:09:17:59 +0800] "GET /web/LoginServlet?qq=123&pwd=asa HTTP/1.1" 200 10
192.168.1.164 - - [07/Nov/2015:09:18:05 +0800] "GET /web/LoginServlet?qq=123&pwd=djfjfdslkfdskjk HTTP/1.1" 200 10
192.168.1.184 - - [07/Nov/2015:09:18:11 +0800] "GET /web/LoginServlet?qq=123& HTTP/1.1" 500 1359
192.168.1.184 - - [07/Nov/2015:09:18:11 +0800] "GET /favicon.ico HTTP/1.1" 404 973
192.168.1.184 - - [07/Nov/2015:09:18:16 +0800] "GET /web/LoginServlet HTTP/1.1" 500 1359
192.168.1.184 - - [07/Nov/2015:09:18:16 +0800] "GET /favicon.ico HTTP/1.1" 404 973
192.168.1.185 - - [07/Nov/2015:09:18:51 +0800] "GET /web/LoginServlet HTTP/1.1" 500 1359
192.168.1.222 - - [07/Nov/2015:09:19:01 +0800] "GET /web/LoginServlet?qq=123&pwd=asd HTTP/1.1" 200 13
192.168.1.222 - - [07/Nov/2015:09:37:37 +0800] "GET /web/LoginServlet?qq=123&pwd=77 HTTP/1.1" 200 10
192.168.1.253 - - [07/Nov/2015:09:37:37 +0800] "GET /web/LoginServlet?qq=123&pwd=asd HTTP/1.1" 200 13
192.168.1.253 - - [07/Nov/2015:09:37:57 +0800] "GET /web/LoginServlet?qq=123&pwd=asdasdasd HTTP/1.1" 200 10
192.168.1.222 - - [07/Nov/2015:09:38:15 +0800] "GET /web/LoginServlet?qq=123sdsfdf&pwd=dsfsdff HTTP/1.1" 200 10
192.168.1.27 - - [07/Nov/2015:09:39:20 +0800] "GET /qq HTTP/1.1" 404 955
192.168.1.27 - - [07/Nov/2015:09:39:59 +0800] "GET /LoginServlet?qq=123&qwd=swe HTTP/1.1" 404 975
192.168.1.146 - - [07/Nov/2015:09:40:50 +0800] "GET /news/news.xml HTTP/1.1" 404 977
192.168.1.27 - - [07/Nov/2015:09:42:22 +0800] "GET / HTTP/1.1" 404 951
192.168.1.146 - - [07/Nov/2015:09:42:41 +0800] "GET /news/news.xml HTTP/1.1" 404 977
192.168.1.219 - - [07/Nov/2015:09:43:41 +0800] "GET / HTTP/1.1" 404 951
192.168.1.219 - - [07/Nov/2015:09:43:41 +0800] "GET /favicon.ico HTTP/1.1" 404 973
192.168.1.225 - - [07/Nov/2015:09:49:30 +0800] "GET / HTTP/1.1" 404 951
192.168.1.225 - - [07/Nov/2015:09:49:30 +0800] "GET /favicon.ico HTTP/1.1" 404 973
192.168.1.225 - - [07/Nov/2015:09:49:30 +0800] "GET /favicon.ico HTTP/1.1" 404 973
192.168.1.27 - - [07/Nov/2015:09:49:43 +0800] "GET / HTTP/1.1" 404 951
192.168.1.253 - - [07/Nov/2015:09:52:16 +0800] "POST /web/LoginServlet HTTP/1.1" 200 10
192.168.1.245 - - [07/Nov/2015:09:52:40 +0800] "GET /favicon.ico HTTP/1.1" 404 973
192.168.1.245 - - [07/Nov/2015:09:52:42 +0800] "GET / HTTP/1.1" 404 951
192.168.1.245 - - [07/Nov/2015:09:52:42 +0800] "GET /favicon.ico HTTP/1.1" 404 973
192.168.1.253 - - [07/Nov/2015:09:53:34 +0800] "GET /web/LoginServlet?qq=123&pwd=asd HTTP/1.1" 200 13
192.168.1.245 - - [07/Nov/2015:09:53:52 +0800] "GET /web/login.jsp HTTP/1.1" 200 769
192.168.1.245 - - [07/Nov/2015:09:53:52 +0800] "GET /favicon.ico HTTP/1.1" 404 973
192.168.1.253 - - [07/Nov/2015:09:54:03 +0800] "POST /web/LoginServlet HTTP/1.1" 200 13
192.168.1.44 - - [07/Nov/2015:09:54:15 +0800] "GET /web/login.jsp HTTP/1.1" 200 769
192.168.1.44 - - [07/Nov/2015:09:54:15 +0800] "GET /favicon.ico HTTP/1.1" 404 973
192.168.1.245 - - [07/Nov/2015:09:55:54 +0800] "GET /web/LoginServlet?qq=fgjhj&pwd=gfgh HTTP/1.1" 200 10
192.168.1.245 - - [07/Nov/2015:09:55:54 +0800] "GET /favicon.ico HTTP/1.1" 404 973
192.168.1.253 - - [07/Nov/2015:10:03:47 +0800] "GET /web/LoginServlet?qq=123&pwd=asdasdasd HTTP/1.1" 200 10
192.168.1.245 - - [07/Nov/2015:10:04:14 +0800] "GET /favicon.ico HTTP/1.1" 404 973
192.168.1.245 - - [07/Nov/2015:10:04:17 +0800] "GET /web/Login.jsp HTTP/1.1" 404 977
192.168.1.245 - - [07/Nov/2015:10:04:18 +0800] "GET /favicon.ico HTTP/1.1" 404 973
192.168.1.245 - - [07/Nov/2015:10:04:24 +0800] "GET /web/login.jsp HTTP/1.1" 200 769
192.168.1.245 - - [07/Nov/2015:10:04:24 +0800] "GET /favicon.ico HTTP/1.1" 404 973
192.168.1.44 - - [07/Nov/2015:10:04:52 +0800] "GET /web/login.jsp HTTP/1.1" 200 769
192.168.1.44 - - [07/Nov/2015:10:04:55 +0800] "GET /web/login.jsp HTTP/1.1" 200 769
192.168.1.44 - - [07/Nov/2015:10:04:56 +0800] "GET /web/login.jsp HTTP/1.1" 200 769
192.168.1.44 - - [07/Nov/2015:10:04:56 +0800] "GET /web/login.jsp HTTP/1.1" 200 769
192.168.1.44 - - [07/Nov/2015:10:04:57 +0800] "GET /web/login.jsp HTTP/1.1" 200 769
192.168.1.44 - - [07/Nov/2015:10:04:57 +0800] "GET /web/login.jsp HTTP/1.1" 200 769
192.168.1.253 - - [07/Nov/2015:10:04:57 +0800] "POST /web/LoginServlet HTTP/1.1" 200 13
192.168.1.44 - - [07/Nov/2015:10:04:57 +0800] "GET /web/login.jsp HTTP/1.1" 200 769
192.168.1.44 - - [07/Nov/2015:10:04:58 +0800] "GET /web/login.jsp HTTP/1.1" 200 769
192.168.1.44 - - [07/Nov/2015:10:04:58 +0800] "GET /web/login.jsp HTTP/1.1" 200 769
192.168.1.253 - - [07/Nov/2015:10:05:21 +0800] "POST /web/LoginServlet HTTP/1.1" 200 13
192.168.1.27 - - [07/Nov/2015:10:05:29 +0800] "GET / HTTP/1.1" 404 951
192.168.1.27 - - [07/Nov/2015:10:05:32 +0800] "GET / HTTP/1.1" 404 951
192.168.1.253 - - [07/Nov/2015:10:05:43 +0800] "POST /web/LoginServlet HTTP/1.1" 200 10
192.168.1.27 - - [07/Nov/2015:10:06:19 +0800] "GET / HTTP/1.1" 404 951
192.168.1.27 - - [07/Nov/2015:10:06:52 +0800] "GET / HTTP/1.1" 404 951
192.168.1.27 - - [07/Nov/2015:10:06:52 +0800] "GET /favicon.ico HTTP/1.1" 404 973
192.168.1.27 - - [07/Nov/2015:10:06:52 +0800] "GET /favicon.ico HTTP/1.1" 404 973
192.168.1.27 - - [07/Nov/2015:10:07:04 +0800] "GET /web HTTP/1.1" 302 -
192.168.1.27 - - [07/Nov/2015:10:07:04 +0800] "GET /web/ HTTP/1.1" 404 959
192.168.1.27 - - [07/Nov/2015:10:07:20 +0800] "GET /Web/ HTTP/1.1" 404 959
192.168.1.27 - - [07/Nov/2015:10:07:34 +0800] "GET /Web/login.jsp HTTP/1.1" 404 977
192.168.1.253 - - [07/Nov/2015:10:12:40 +0800] "GET /web/LoginServlet?qq=%E5%BC%A0%E4%B8%89&pwd=asd HTTP/1.1" 200 8
192.168.1.253 - - [07/Nov/2015:10:12:58 +0800] "GET /web/LoginServlet?qq=%E5%BC%A0%E4%B8%89&pwd=asd HTTP/1.1" 200 8
192.168.1.253 - - [07/Nov/2015:10:14:19 +0800] "POST /web/LoginServlet HTTP/1.1" 200 8
192.168.1.253 - - [07/Nov/2015:10:16:15 +0800] "POST /web/LoginServlet HTTP/1.1" 200 8
192.168.1.253 - - [07/Nov/2015:10:17:39 +0800] "POST /web/LoginServlet HTTP/1.1" 200 8
192.168.1.253 - - [07/Nov/2015:10:18:40 +0800] "POST /web/LoginServlet HTTP/1.1" 200 12
192.168.1.222 - - [07/Nov/2015:10:19:17 +0800] "GET /web/LoginServlet?qq=%E8%B6%85%E5%AE%9D%E5%AE%9D&pwd=memeda HTTP/1.1" 200 12
192.168.1.253 - - [07/Nov/2015:10:19:17 +0800] "GET /web/login.jsp HTTP/1.1" 200 769
192.168.1.253 - - [07/Nov/2015:10:19:28 +0800] "GET /web/login.jsp HTTP/1.1" 200 769
127.0.0.1 - - [07/Nov/2015:10:20:27 +0800] "GET / HTTP/1.1" 404 951
0:0:0:0:0:0:0:1 - - [07/Nov/2015:10:20:27 +0800] "GET /web/login.jsp HTTP/1.1" 200 769
0:0:0:0:0:0:0:1 - - [07/Nov/2015:10:20:45 +0800] "GET /web/LoginServlet?qq=%E5%BC%A0%E4%B8%89&pwd=1243 HTTP/1.1" 200 12
192.168.1.222 - - [07/Nov/2015:10:21:01 +0800] "GET /web/login.jsp HTTP/1.1" 200 769
192.168.1.253 - - [07/Nov/2015:10:22:14 +0800] "GET /web/LoginServlet?qq=??&pwd=qwe HTTP/1.1" 200 12
0:0:0:0:0:0:0:1 - - [07/Nov/2015:10:26:37 +0800] "GET /web/LoginServlet?qq=%E5%BC%A0%E4%B8%89&pwd=123 HTTP/1.1" 200 12
192.168.1.253 - - [07/Nov/2015:10:26:56 +0800] "GET /web/LoginServlet?qq=??&pwd=qwe HTTP/1.1" 200 12
192.168.1.253 - - [07/Nov/2015:10:29:51 +0800] "GET /web/LoginServlet?qq=%E5%BC%A0%E4%B8%89&pwd=asdasd HTTP/1.1" 200 12
192.168.1.253 - - [07/Nov/2015:10:31:40 +0800] "POST /web/LoginServlet HTTP/1.1" 200 12
192.168.1.120 - - [07/Nov/2015:10:47:55 +0800] "GET /web/ HTTP/1.1" 404 959
192.168.1.120 - - [07/Nov/2015:10:47:56 +0800] "GET /favicon.ico HTTP/1.1" 404 973
192.168.1.120 - - [07/Nov/2015:10:48:17 +0800] "GET /web/LoginServlet.java HTTP/1.1" 404 993
192.168.1.120 - - [07/Nov/2015:10:48:17 +0800] "GET /favicon.ico HTTP/1.1" 404 973
192.168.1.120 - - [07/Nov/2015:10:48:30 +0800] "GET / HTTP/1.1" 404 951
192.168.1.120 - - [07/Nov/2015:10:48:30 +0800] "GET /favicon.ico HTTP/1.1" 404 973
192.168.1.120 - - [07/Nov/2015:10:48:35 +0800] "GET / HTTP/1.1" 404 951
192.168.1.120 - - [07/Nov/2015:10:48:35 +0800] "GET /favicon.ico HTTP/1.1" 404 973
192.168.1.222 - - [07/Nov/2015:10:48:50 +0800] "GET /web/LoginServlet?qq=%E8%B6%85%E5%AE%9D%E5%AE%9D&pwd=memeda HTTP/1.1" 200 12
192.168.1.253 - - [07/Nov/2015:10:51:23 +0800] "GET /web/LoginServlet HTTP/1.1" 500 1359
127.0.0.1 - - [07/Nov/2015:10:51:43 +0800] "GET / HTTP/1.1" 404 951
0:0:0:0:0:0:0:1 - - [07/Nov/2015:10:51:44 +0800] "GET /web/login.jsp HTTP/1.1" 200 769
0:0:0:0:0:0:0:1 - - [07/Nov/2015:10:51:53 +0800] "GET /web/login.jsp HTTP/1.1" 200 769
0:0:0:0:0:0:0:1 - - [07/Nov/2015:10:51:53 +0800] "GET /favicon.ico HTTP/1.1" 404 973
192.168.1.222 - - [07/Nov/2015:10:51:55 +0800] "GET /web/LoginServlet?qq=%E8%B6%85%E5%AE%9D%E5%AE%9D&pwd=memeda HTTP/1.1" 200 12
0:0:0:0:0:0:0:1 - - [07/Nov/2015:10:58:00 +0800] "GET /web/LoginServlet?qq=123&pwd=asd HTTP/1.1" 200 12
192.168.1.27 - - [07/Nov/2015:11:00:53 +0800] "GET /Web/login.jsp HTTP/1.1" 404 977
192.168.1.253 - - [07/Nov/2015:11:00:58 +0800] "GET /web/LoginServlet?qq=%E5%93%A5qweq&pwd=1231 HTTP/1.1" 200 12
192.168.1.27 - - [07/Nov/2015:11:01:18 +0800] "GET /web/login.jsp HTTP/1.1" 200 769
192.168.1.222 - - [07/Nov/2015:11:12:46 +0800] "GET /web/LoginServlet?qq=9%E7%BA%A6%E4%B9%88&pwd=mm HTTP/1.1" 200 12
192.168.1.245 - - [07/Nov/2015:11:12:54 +0800] "GET /web/LoginServlet?qq=tsj&pwd=dh HTTP/1.1" 200 12
192.168.1.245 - - [07/Nov/2015:11:12:54 +0800] "GET /favicon.ico HTTP/1.1" 404 973
192.168.1.253 - - [07/Nov/2015:11:13:57 +0800] "POST /web/LoginServlet HTTP/1.1" 200 12
192.168.1.253 - - [07/Nov/2015:11:28:22 +0800] "GET /web/LoginServlet?qq=%E6%98%AF%E5%9C%B0%E6%96%B9dddd&pwd=adfadf HTTP/1.1" 200 12
192.168.1.253 - - [07/Nov/2015:11:33:33 +0800] "POST /web/LoginServlet HTTP/1.1" 200 12
127.0.0.1 - - [07/Nov/2015:13:47:56 +0800] "GET / HTTP/1.1" 404 951
0:0:0:0:0:0:0:1 - - [07/Nov/2015:13:47:57 +0800] "GET /web/FileUpload.jsp HTTP/1.1" 200 450
192.168.1.128 - - [07/Nov/2015:13:48:07 +0800] "GET /favicon.ico HTTP/1.1" 404 973
192.168.1.44 - - [07/Nov/2015:13:48:11 +0800] "GET /favicon.ico HTTP/1.1" 404 973
192.168.1.10 - - [07/Nov/2015:13:48:13 +0800] "GET /nice/mm.jpg HTTP/1.1" 404 973
192.168.1.133 - - [07/Nov/2015:13:48:14 +0800] "GET / HTTP/1.1" 404 951
192.168.1.128 - - [07/Nov/2015:13:48:14 +0800] "GET / HTTP/1.1" 404 951
192.168.1.185 - - [07/Nov/2015:13:48:15 +0800] "GET / HTTP/1.1" 404 951
192.168.1.44 - - [07/Nov/2015:13:48:15 +0800] "GET /web/login.jsp HTTP/1.1" 200 769
192.168.1.44 - - [07/Nov/2015:13:48:15 +0800] "GET /favicon.ico HTTP/1.1" 404 973
192.168.1.133 - - [07/Nov/2015:13:48:16 +0800] "GET /favicon.ico HTTP/1.1" 404 973
192.168.1.133 - - [07/Nov/2015:13:48:16 +0800] "GET / HTTP/1.1" 404 951
192.168.1.133 - - [07/Nov/2015:13:48:16 +0800] "GET /favicon.ico HTTP/1.1" 404 973
192.168.1.133 - - [07/Nov/2015:13:48:16 +0800] "GET /favicon.ico HTTP/1.1" 404 973
192.168.1.133 - - [07/Nov/2015:13:48:16 +0800] "GET / HTTP/1.1" 404 951
192.168.1.133 - - [07/Nov/2015:13:48:16 +0800] "GET / HTTP/1.1" 404 951
192.168.1.133 - - [07/Nov/2015:13:48:16 +0800] "GET /favicon.ico HTTP/1.1" 404 973
192.168.1.133 - - [07/Nov/2015:13:48:16 +0800] "GET /favicon.ico HTTP/1.1" 404 973
192.168.1.133 - - [07/Nov/2015:13:48:16 +0800] "GET /favicon.ico HTTP/1.1" 404 973
192.168.1.133 - - [07/Nov/2015:13:48:16 +0800] "GET / HTTP/1.1" 404 951
192.168.1.133 - - [07/Nov/2015:13:48:16 +0800] "GET / HTTP/1.1" 404 951
192.168.1.133 - - [07/Nov/2015:13:48:16 +0800] "GET / HTTP/1.1" 404 951
192.168.1.133 - - [07/Nov/2015:13:48:16 +0800] "GET /favicon.ico HTTP/1.1" 404 973
192.168.1.133 - - [07/Nov/2015:13:48:16 +0800] "GET /favicon.ico HTTP/1.1" 404 973
192.168.1.133 - - [07/Nov/2015:13:48:16 +0800] "GET /favicon.ico HTTP/1.1" 404 973
192.168.1.133 - - [07/Nov/2015:13:48:16 +0800] "GET / HTTP/1.1" 404 951
192.168.1.133 - - [07/Nov/2015:13:48:16 +0800] "GET / HTTP/1.1" 404 951
192.168.1.133 - - [07/Nov/2015:13:48:16 +0800] "GET / HTTP/1.1" 404 951
192.168.1.133 - - [07/Nov/2015:13:48:16 +0800] "GET /favicon.ico HTTP/1.1" 404 973
192.168.1.133 - - [07/Nov/2015:13:48:16 +0800] "GET / HTTP/1.1" 404 951
192.168.1.10 - - [07/Nov/2015:13:48:17 +0800] "GET /favicon.ico HTTP/1.1" 404 973
192.168.1.24 - - [07/Nov/2015:13:48:22 +0800] "GET /nice/mm.jpg HTTP/1.1" 404 973
192.168.1.9 - - [07/Nov/2015:13:48:23 +0800] "GET / HTTP/1.1" 404 951
192.168.1.165 - - [07/Nov/2015:13:48:23 +0800] "GET /favicon.ico HTTP/1.1" 404 973
192.168.1.81 - - [07/Nov/2015:13:48:24 +0800] "GET /favicon.ico HTTP/1.1" 404 973
192.168.1.128 - - [07/Nov/2015:13:48:24 +0800] "GET /web HTTP/1.1" 302 -
192.168.1.128 - - [07/Nov/2015:13:48:24 +0800] "GET /web/ HTTP/1.1" 404 959
192.168.1.133 - - [07/Nov/2015:13:48:24 +0800] "GET /favicon.ico HTTP/1.1" 404 973
192.168.1.133 - - [07/Nov/2015:13:48:24 +0800] "GET / HTTP/1.1" 404 951
192.168.1.133 - - [07/Nov/2015:13:48:24 +0800] "GET /favicon.ico HTTP/1.1" 404 973
192.168.1.133 - - [07/Nov/2015:13:48:24 +0800] "GET / HTTP/1.1" 404 951
192.168.1.133 - - [07/Nov/2015:13:48:25 +0800] "GET /favicon.ico HTTP/1.1" 404 973
192.168.1.133 - - [07/Nov/2015:13:48:25 +0800] "GET / HTTP/1.1" 404 951
192.168.1.133 - - [07/Nov/2015:13:48:26 +0800] "GET /web HTTP/1.1" 302 -
192.168.1.133 - - [07/Nov/2015:13:48:26 +0800] "GET /web/ HTTP/1.1" 404 959
192.168.1.133 - - [07/Nov/2015:13:48:26 +0800] "GET /favicon.ico HTTP/1.1" 404 973
192.168.1.133 - - [07/Nov/2015:13:48:26 +0800] "GET /favicon.ico HTTP/1.1" 404 973
192.168.1.133 - - [07/Nov/2015:13:48:26 +0800] "GET / HTTP/1.1" 404 951
192.168.1.133 - - [07/Nov/2015:13:48:26 +0800] "GET /favicon.ico HTTP/1.1" 404 973
192.168.1.133 - - [07/Nov/2015:13:48:26 +0800] "GET / HTTP/1.1" 404 951
192.168.1.133 - - [07/Nov/2015:13:48:26 +0800] "GET / HTTP/1.1" 404 951
192.168.1.133 - - [07/Nov/2015:13:48:26 +0800] "GET /favicon.ico HTTP/1.1" 404 973
192.168.1.133 - - [07/Nov/2015:13:48:26 +0800] "GET /favicon.ico HTTP/1.1" 404 973
192.168.1.133 - - [07/Nov/2015:13:48:26 +0800] "GET / HTTP/1.1" 404 951
192.168.1.133 - - [07/Nov/2015:13:48:26 +0800] "GET /favicon.ico HTTP/1.1" 404 973
192.168.1.133 - - [07/Nov/2015:13:48:26 +0800] "GET / HTTP/1.1" 404 951
192.168.1.133 - - [07/Nov/2015:13:48:26 +0800] "GET / HTTP/1.1" 404 951
192.168.1.24 - - [07/Nov/2015:13:48:26 +0800] "GET /favicon.ico HTTP/1.1" 404 973
192.168.1.133 - - [07/Nov/2015:13:48:26 +0800] "GET /favicon.ico HTTP/1.1" 404 973
192.168.1.133 - - [07/Nov/2015:13:48:26 +0800] "GET /favicon.ico HTTP/1.1" 404 973
192.168.1.133 - - [07/Nov/2015:13:48:26 +0800] "GET /favicon.ico HTTP/1.1" 404 973
192.168.1.133 - - [07/Nov/2015:13:48:26 +0800] "GET / HTTP/1.1" 404 951
192.168.1.133 - - [07/Nov/2015:13:48:26 +0800] "GET / HTTP/1.1" 404 951
192.168.1.133 - - [07/Nov/2015:13:48:26 +0800] "GET / HTTP/1.1" 404 951
192.168.1.165 - - [07/Nov/2015:13:48:28 +0800] "GET /news/news.xml HTTP/1.1" 404 977
192.168.1.165 - - [07/Nov/2015:13:48:29 +0800] "GET /favicon.ico HTTP/1.1" 404 973
192.168.1.9 - - [07/Nov/2015:13:48:31 +0800] "GET / HTTP/1.1" 404 951
192.168.1.131 - - [07/Nov/2015:13:48:31 +0800] "GET / HTTP/1.1" 404 951
192.168.1.131 - - [07/Nov/2015:13:48:32 +0800] "GET /favicon.ico HTTP/1.1" 404 973
192.168.1.165 - - [07/Nov/2015:13:48:36 +0800] "GET / HTTP/1.1" 404 951
192.168.1.165 - - [07/Nov/2015:13:48:36 +0800] "GET /favicon.ico HTTP/1.1" 404 973
192.168.1.133 - - [07/Nov/2015:13:48:38 +0800] "GET /favicon.ico HTTP/1.1" 404 973
192.168.1.133 - - [07/Nov/2015:13:48:38 +0800] "GET /favicon.ico HTTP/1.1" 404 973
192.168.1.133 - - [07/Nov/2015:13:48:38 +0800] "GET /favicon.ico HTTP/1.1" 404 973
192.168.1.133 - - [07/Nov/2015:13:48:38 +0800] "GET / HTTP/1.1" 404 951
192.168.1.133 - - [07/Nov/2015:13:48:38 +0800] "GET / HTTP/1.1" 404 951
192.168.1.133 - - [07/Nov/2015:13:48:38 +0800] "GET / HTTP/1.1" 404 951
192.168.1.10 - - [07/Nov/2015:13:48:39 +0800] "GET /web/FileUpload.jsp HTTP/1.1" 200 450
192.168.1.133 - - [07/Nov/2015:13:48:40 +0800] "GET /favicon.ico HTTP/1.1" 404 973
192.168.1.133 - - [07/Nov/2015:13:48:40 +0800] "GET / HTTP/1.1" 404 951
192.168.1.133 - - [07/Nov/2015:13:48:41 +0800] "GET /favicon.ico HTTP/1.1" 404 973
192.168.1.10 - - [07/Nov/2015:13:48:41 +0800] "POST /web/UploadServlet HTTP/1.1" 200 -
192.168.1.133 - - [07/Nov/2015:13:48:41 +0800] "GET / HTTP/1.1" 404 951
192.168.1.133 - - [07/Nov/2015:13:48:41 +0800] "GET /favicon.ico HTTP/1.1" 404 973
192.168.1.133 - - [07/Nov/2015:13:48:41 +0800] "GET / HTTP/1.1" 404 951
192.168.1.133 - - [07/Nov/2015:13:48:41 +0800] "GET /favicon.ico HTTP/1.1" 404 973
192.168.1.133 - - [07/Nov/2015:13:48:41 +0800] "GET / HTTP/1.1" 404 951
192.168.1.44 - - [07/Nov/2015:13:48:41 +0800] "GET /web/FileUpload.jsp HTTP/1.1" 200 450
192.168.1.44 - - [07/Nov/2015:13:48:41 +0800] "GET /favicon.ico HTTP/1.1" 404 973
192.168.1.67 - - [07/Nov/2015:13:48:43 +0800] "GET / HTTP/1.1" 404 951
192.168.1.178 - - [07/Nov/2015:13:48:43 +0800] "GET / HTTP/1.1" 404 951
192.168.1.67 - - [07/Nov/2015:13:48:44 +0800] "GET /favicon.ico HTTP/1.1" 404 973
192.168.1.58 - - [07/Nov/2015:13:48:44 +0800] "GET /web/Fileupload.jsp HTTP/1.1" 404 987
192.168.1.185 - - [07/Nov/2015:13:48:45 +0800] "GET //web/FileUpload.jsp HTTP/1.1" 200 450
192.168.1.106 - - [07/Nov/2015:13:48:46 +0800] "GET /web/FileUpload.jsp HTTP/1.1" 200 450
192.168.1.133 - - [07/Nov/2015:13:49:44 +0800] "GET / HTTP/1.1" 404 951
192.168.1.133 - - [07/Nov/2015:13:49:44 +0800] "GET / HTTP/1.1" 404 951
192.168.1.133 - - [07/Nov/2015:13:49:44 +0800] "GET /favicon.ico HTTP/1.1" 404 973
192.168.1.133 - - [07/Nov/2015:13:49:44 +0800] "GET / HTTP/1.1" 404 951
192.168.1.133 - - [07/Nov/2015:13:49:44 +0800] "GET /favicon.ico HTTP/1.1" 404 973
192.168.1.133 - - [07/Nov/2015:13:49:44 +0800] "GET /favicon.ico HTTP/1.1" 404 973
192.168.1.133 - - [07/Nov/2015:13:49:44 +0800] "GET /favicon.ico HTTP/1.1" 404 973
192.168.1.133 - - [07/Nov/2015:13:49:44 +0800] "GET / HTTP/1.1" 404 951
192.168.1.133 - - [07/Nov/2015:13:49:44 +0800] "GET /favicon.ico HTTP/1.1" 404 973
192.168.1.133 - - [07/Nov/2015:13:49:44 +0800] "GET / HTTP/1.1" 404 951
192.168.1.133 - - [07/Nov/2015:13:49:44 +0800] "GET / HTTP/1.1" 404 951
192.168.1.133 - - [07/Nov/2015:13:49:44 +0800] "GET / HTTP/1.1" 404 951
192.168.1.133 - - [07/Nov/2015:13:49:44 +0800] "GET /favicon.ico HTTP/1.1" 404 973
192.168.1.133 - - [07/Nov/2015:13:49:44 +0800] "GET / HTTP/1.1" 404 951
192.168.1.133 - - [07/Nov/2015:13:49:44 +0800] "GET /favicon.ico HTTP/1.1" 404 973
192.168.1.133 - - [07/Nov/2015:13:49:44 +0800] "GET /favicon.ico HTTP/1.1" 404 973
192.168.1.133 - - [07/Nov/2015:13:49:44 +0800] "GET /favicon.ico HTTP/1.1" 404 973
192.168.1.133 - - [07/Nov/2015:13:49:44 +0800] "GET / HTTP/1.1" 404 951
192.168.1.133 - - [07/Nov/2015:13:49:44 +0800] "GET / HTTP/1.1" 404 951
192.168.1.133 - - [07/Nov/2015:13:49:44 +0800] "GET / HTTP/1.1" 404 951
192.168.1.133 - - [07/Nov/2015:13:49:44 +0800] "GET / HTTP/1.1" 404 951
127.0.0.1 - - [07/Nov/2015:13:49:44 +0800] "GET / HTTP/1.1" 404 951
0:0:0:0:0:0:0:1 - - [07/Nov/2015:13:49:45 +0800] "GET /web/FileUpload.jsp HTTP/1.1" 200 450
192.168.1.10 - - [07/Nov/2015:13:49:49 +0800] "GET /web/FileUpload.jsp HTTP/1.1" 200 450
192.168.1.10 - - [07/Nov/2015:13:49:49 +0800] "GET /favicon.ico HTTP/1.1" 404 973
192.168.1.27 - - [07/Nov/2015:13:49:51 +0800] "GET /web/FikeUpLoad.jsp HTTP/1.1" 404 987
192.168.1.80 - - [07/Nov/2015:13:49:52 +0800] "GET //web//FileUpload HTTP/1.1" 404 983
192.168.1.133 - - [07/Nov/2015:13:49:53 +0800] "GET /web/FileUpload.jsp HTTP/1.1" 200 450
192.168.1.133 - - [07/Nov/2015:13:49:53 +0800] "GET /favicon.ico HTTP/1.1" 404 973
192.168.1.133 - - [07/Nov/2015:13:49:53 +0800] "GET /favicon.ico HTTP/1.1" 404 973
192.168.1.133 - - [07/Nov/2015:13:49:53 +0800] "GET /favicon.ico HTTP/1.1" 404 973
192.168.1.133 - - [07/Nov/2015:13:49:53 +0800] "GET / HTTP/1.1" 404 951
192.168.1.133 - - [07/Nov/2015:13:49:53 +0800] "GET / HTTP/1.1" 404 951
192.168.1.133 - - [07/Nov/2015:13:49:53 +0800] "GET /favicon.ico HTTP/1.1" 404 973
192.168.1.133 - - [07/Nov/2015:13:49:53 +0800] "GET /favicon.ico HTTP/1.1" 404 973
192.168.1.133 - - [07/Nov/2015:13:49:53 +0800] "GET /favicon.ico HTTP/1.1" 404 973
192.168.1.133 - - [07/Nov/2015:13:49:53 +0800] "GET / HTTP/1.1" 404 951
192.168.1.133 - - [07/Nov/2015:13:49:53 +0800] "GET / HTTP/1.1" 404 951
192.168.1.133 - - [07/Nov/2015:13:49:53 +0800] "GET / HTTP/1.1" 404 951
192.168.1.133 - - [07/Nov/2015:13:49:53 +0800] "GET / HTTP/1.1" 404 951
192.168.1.133 - - [07/Nov/2015:13:49:53 +0800] "GET /favicon.ico HTTP/1.1" 404 973
192.168.1.133 - - [07/Nov/2015:13:49:53 +0800] "GET /favicon.ico HTTP/1.1" 404 973
192.168.1.133 - - [07/Nov/2015:13:49:53 +0800] "GET /favicon.ico HTTP/1.1" 404 973
192.168.1.133 - - [07/Nov/2015:13:49:53 +0800] "GET / HTTP/1.1" 404 951
192.168.1.133 - - [07/Nov/2015:13:49:53 +0800] "GET / HTTP/1.1" 404 951
192.168.1.133 - - [07/Nov/2015:13:49:53 +0800] "GET / HTTP/1.1" 404 951
192.168.1.80 - - [07/Nov/2015:13:49:53 +0800] "GET /favicon.ico HTTP/1.1" 404 973
192.168.1.80 - - [07/Nov/2015:13:49:53 +0800] "GET /favicon.ico HTTP/1.1" 404 973
192.168.1.253 - - [07/Nov/2015:13:49:54 +0800] "GET /web/FileUpload.jsp HTTP/1.1" 200 450
192.168.1.252 - - [07/Nov/2015:13:49:56 +0800] "GET /web/FIleload.jsp HTTP/1.1" 404 983
192.168.1.128 - - [07/Nov/2015:13:49:57 +0800] "GET /web/FileUpload.jsp HTTP/1.1" 200 450
192.168.1.222 - - [07/Nov/2015:13:50:00 +0800] "GET /UplpadServlet.jsp HTTP/1.1" 404 985
192.168.1.24 - - [07/Nov/2015:13:50:00 +0800] "GET /web/fileUpload.jsp HTTP/1.1" 404 987
192.168.1.18 - - [07/Nov/2015:13:50:04 +0800] "GET /web/fileupload.jsp HTTP/1.1" 404 987
192.168.1.133 - - [07/Nov/2015:13:50:05 +0800] "GET /favicon.ico HTTP/1.1" 404 973
192.168.1.133 - - [07/Nov/2015:13:50:05 +0800] "GET /favicon.ico HTTP/1.1" 404 973
192.168.1.133 - - [07/Nov/2015:13:50:05 +0800] "GET /favicon.ico HTTP/1.1" 404 973
192.168.1.133 - - [07/Nov/2015:13:50:05 +0800] "GET / HTTP/1.1" 404 951
192.168.1.133 - - [07/Nov/2015:13:50:05 +0800] "GET / HTTP/1.1" 404 951
192.168.1.133 - - [07/Nov/2015:13:50:05 +0800] "GET / HTTP/1.1" 404 951
192.168.1.67 - - [07/Nov/2015:13:50:05 +0800] "GET /web HTTP/1.1" 302 -
192.168.1.67 - - [07/Nov/2015:13:50:05 +0800] "GET /web/ HTTP/1.1" 404 959
192.168.1.67 - - [07/Nov/2015:13:50:05 +0800] "GET /favicon.ico HTTP/1.1" 404 973
192.168.1.67 - - [07/Nov/2015:13:50:05 +0800] "GET /favicon.ico HTTP/1.1" 404 973
192.168.1.253 - - [07/Nov/2015:13:50:09 +0800] "POST /web/UploadServlet HTTP/1.1" 200 -
192.168.1.81 - - [07/Nov/2015:13:50:13 +0800] "GET /web/FileUpload.jsp HTTP/1.1" 200 450
192.168.1.81 - - [07/Nov/2015:13:50:13 +0800] "GET /favicon.ico HTTP/1.1" 404 973
192.168.1.222 - - [07/Nov/2015:13:50:18 +0800] "GET /Upload.jsp HTTP/1.1" 404 971
192.168.1.80 - - [07/Nov/2015:13:50:20 +0800] "GET //web//FileUpload.jsp HTTP/1.1" 200 450
192.168.1.252 - - [07/Nov/2015:13:50:32 +0800] "GET /web/Fileload.jsp HTTP/1.1" 404 983
192.168.1.82 - - [07/Nov/2015:13:50:33 +0800] "GET /web/FileUpload.jsp HTTP/1.1" 200 450
192.168.1.82 - - [07/Nov/2015:13:50:33 +0800] "GET /favicon.ico HTTP/1.1" 404 973
192.168.1.82 - - [07/Nov/2015:13:50:33 +0800] "GET /favicon.ico HTTP/1.1" 404 973
192.168.1.24 - - [07/Nov/2015:13:50:45 +0800] "GET /web/Uploadservlet HTTP/1.1" 404 985
192.168.1.226 - - [07/Nov/2015:13:50:48 +0800] "GET /web/UpLoad HTTP/1.1" 404 971
192.168.1.226 - - [07/Nov/2015:13:50:49 +0800] "GET /favicon.ico HTTP/1.1" 404 973
192.168.1.226 - - [07/Nov/2015:13:50:49 +0800] "GET /favicon.ico HTTP/1.1" 404 973
192.168.1.226 - - [07/Nov/2015:13:50:56 +0800] "GET /web/UpLoad.jsp HTTP/1.1" 404 979
192.168.1.10 - - [07/Nov/2015:13:51:08 +0800] "POST /web/UploadServlet HTTP/1.1" 200 -
192.168.1.10 - - [07/Nov/2015:13:51:08 +0800] "GET /favicon.ico HTTP/1.1" 404 973
192.168.1.10 - - [07/Nov/2015:13:51:23 +0800] "GET /favicon.ico HTTP/1.1" 404 973
192.168.1.54 - - [07/Nov/2015:13:51:28 +0800] "GET /FileUpload.jsp HTTP/1.1" 404 979
192.168.1.54 - - [07/Nov/2015:13:51:35 +0800] "GET /FileUpload.jsp HTTP/1.1" 404 979
192.168.1.54 - - [07/Nov/2015:13:51:44 +0800] "GET / HTTP/1.1" 404 951
192.168.1.54 - - [07/Nov/2015:13:51:47 +0800] "GET /FileUpload.jsp HTTP/1.1" 404 979
192.168.1.54 - - [07/Nov/2015:13:51:54 +0800] "GET / HTTP/1.1" 404 951
192.168.1.54 - - [07/Nov/2015:13:51:57 +0800] "GET //FileUpload.jsp HTTP/1.1" 404 981
192.168.1.18 - - [07/Nov/2015:14:00:54 +0800] "GET /web/UploadServlet HTTP/1.1" 405 1065
127.0.0.1 - - [07/Nov/2015:14:00:54 +0800] "GET / HTTP/1.1" 404 951
0:0:0:0:0:0:0:1 - - [07/Nov/2015:14:00:55 +0800] "GET /web/FileUpload.jsp HTTP/1.1" 200 450
192.168.1.44 - - [07/Nov/2015:14:00:55 +0800] "GET /web/FileUpload.jsp HTTP/1.1" 200 450
192.168.1.44 - - [07/Nov/2015:14:00:55 +0800] "GET /favicon.ico HTTP/1.1" 404 973
192.168.1.128 - - [07/Nov/2015:14:00:56 +0800] "GET /web/FileUpload.jsp HTTP/1.1" 200 450
192.168.1.252 - - [07/Nov/2015:14:00:56 +0800] "GET /web/UploadServlet HTTP/1.1" 405 1065
192.168.1.82 - - [07/Nov/2015:14:00:59 +0800] "GET /web/FileUpload.jsp HTTP/1.1" 200 450
192.168.1.18 - - [07/Nov/2015:14:00:59 +0800] "GET /web/UploadServlet HTTP/1.1" 405 1065
192.168.1.9 - - [07/Nov/2015:14:01:00 +0800] "GET /web/UploadServlet HTTP/1.1" 405 1065
192.168.1.222 - - [07/Nov/2015:14:01:02 +0800] "GET /FileUpload.jsp HTTP/1.1" 404 979
192.168.1.185 - - [07/Nov/2015:14:01:10 +0800] "GET //web/FileUpload.jsp HTTP/1.1" 200 450
192.168.1.222 - - [07/Nov/2015:14:01:24 +0800] "GET /FileUpload.jsp HTTP/1.1" 404 979
192.168.1.222 - - [07/Nov/2015:14:01:25 +0800] "GET /FileUpload.jsp HTTP/1.1" 404 979
192.168.1.222 - - [07/Nov/2015:14:01:25 +0800] "GET /FileUpload.jsp HTTP/1.1" 404 979
192.168.1.222 - - [07/Nov/2015:14:01:25 +0800] "GET /FileUpload.jsp HTTP/1.1" 404 979
192.168.1.9 - - [07/Nov/2015:14:01:58 +0800] "GET /web/UploadServlet HTTP/1.1" 405 1065
192.168.1.222 - - [07/Nov/2015:14:02:29 +0800] "GET /FileUpload.jsp HTTP/1.1" 404 979
192.168.1.222 - - [07/Nov/2015:14:02:29 +0800] "GET /FileUpload.jsp HTTP/1.1" 404 979
192.168.1.222 - - [07/Nov/2015:14:02:29 +0800] "GET /FileUpload.jsp HTTP/1.1" 404 979
192.168.1.222 - - [07/Nov/2015:14:02:30 +0800] "GET /FileUpload.jsp HTTP/1.1" 404 979
192.168.1.222 - - [07/Nov/2015:14:02:30 +0800] "GET /FileUpload.jsp HTTP/1.1" 404 979
192.168.1.222 - - [07/Nov/2015:14:02:30 +0800] "GET /FileUpload.jsp HTTP/1.1" 404 979
192.168.1.222 - - [07/Nov/2015:14:02:30 +0800] "GET /FileUpload.jsp HTTP/1.1" 404 979
192.168.1.222 - - [07/Nov/2015:14:02:30 +0800] "GET /FileUpload.jsp HTTP/1.1" 404 979
192.168.1.222 - - [07/Nov/2015:14:02:31 +0800] "GET /FileUpload.jsp HTTP/1.1" 404 979
192.168.1.222 - - [07/Nov/2015:14:02:31 +0800] "GET /FileUpload.jsp HTTP/1.1" 404 979
192.168.1.222 - - [07/Nov/2015:14:02:31 +0800] "GET /FileUpload.jsp HTTP/1.1" 404 979
192.168.1.222 - - [07/Nov/2015:14:02:31 +0800] "GET /FileUpload.jsp HTTP/1.1" 404 979
192.168.1.222 - - [07/Nov/2015:14:02:32 +0800] "GET /FileUpload.jsp HTTP/1.1" 404 979
192.168.1.222 - - [07/Nov/2015:14:02:32 +0800] "GET /FileUpload.jsp HTTP/1.1" 404 979
192.168.1.222 - - [07/Nov/2015:14:02:32 +0800] "GET /FileUpload.jsp HTTP/1.1" 404 979
192.168.1.222 - - [07/Nov/2015:14:02:32 +0800] "GET /FileUpload.jsp HTTP/1.1" 404 979
192.168.1.222 - - [07/Nov/2015:14:02:32 +0800] "GET /FileUpload.jsp HTTP/1.1" 404 979
192.168.1.222 - - [07/Nov/2015:14:02:33 +0800] "GET /FileUpload.jsp HTTP/1.1" 404 979
192.168.1.222 - - [07/Nov/2015:14:02:33 +0800] "GET /FileUpload.jsp HTTP/1.1" 404 979
192.168.1.222 - - [07/Nov/2015:14:02:33 +0800] "GET /FileUpload.jsp HTTP/1.1" 404 979
192.168.1.222 - - [07/Nov/2015:14:02:33 +0800] "GET /FileUpload.jsp HTTP/1.1" 404 979
192.168.1.252 - - [07/Nov/2015:14:02:43 +0800] "GET /web/UploadServlet HTTP/1.1" 405 1065
192.168.1.252 - - [07/Nov/2015:14:02:46 +0800] "GET /web/UploadServlet HTTP/1.1" 405 1065
192.168.1.222 - - [07/Nov/2015:14:02:49 +0800] "GET /FileUpload.jsp HTTP/1.1" 404 979
192.168.1.222 - - [07/Nov/2015:14:02:49 +0800] "GET /FileUpload.jsp HTTP/1.1" 404 979
192.168.1.222 - - [07/Nov/2015:14:02:49 +0800] "GET /FileUpload.jsp HTTP/1.1" 404 979
192.168.1.222 - - [07/Nov/2015:14:02:49 +0800] "GET /FileUpload.jsp HTTP/1.1" 404 979
192.168.1.222 - - [07/Nov/2015:14:02:50 +0800] "GET /FileUpload.jsp HTTP/1.1" 404 979
192.168.1.253 - - [07/Nov/2015:14:02:51 +0800] "POST /web/UploadServlet HTTP/1.1" 200 -
192.168.1.9 - - [07/Nov/2015:14:02:53 +0800] "GET /web/UploadServlet HTTP/1.1" 405 1065
192.168.1.9 - - [07/Nov/2015:14:02:56 +0800] "GET /web/UploadServlet HTTP/1.1" 405 1065
192.168.1.128 - - [07/Nov/2015:14:03:04 +0800] "POST /web/UploadServlet HTTP/1.1" 200 -
192.168.1.133 - - [07/Nov/2015:14:03:17 +0800] "GET /favicon.ico HTTP/1.1" 404 973
192.168.1.133 - - [07/Nov/2015:14:03:17 +0800] "GET /favicon.ico HTTP/1.1" 404 973
192.168.1.133 - - [07/Nov/2015:14:03:17 +0800] "GET /favicon.ico HTTP/1.1" 404 973
192.168.1.133 - - [07/Nov/2015:14:03:17 +0800] "GET / HTTP/1.1" 404 951
192.168.1.133 - - [07/Nov/2015:14:03:17 +0800] "GET /favicon.ico HTTP/1.1" 404 973
192.168.1.133 - - [07/Nov/2015:14:03:17 +0800] "GET / HTTP/1.1" 404 951
192.168.1.133 - - [07/Nov/2015:14:03:17 +0800] "GET / HTTP/1.1" 404 951
192.168.1.133 - - [07/Nov/2015:14:03:17 +0800] "GET /favicon.ico HTTP/1.1" 404 973
192.168.1.133 - - [07/Nov/2015:14:03:17 +0800] "GET / HTTP/1.1" 404 951
192.168.1.133 - - [07/Nov/2015:14:03:17 +0800] "GET /favicon.ico HTTP/1.1" 404 973
192.168.1.133 - - [07/Nov/2015:14:03:17 +0800] "GET / HTTP/1.1" 404 951
192.168.1.133 - - [07/Nov/2015:14:03:17 +0800] "GET / HTTP/1.1" 404 951
192.168.1.133 - - [07/Nov/2015:14:03:18 +0800] "POST /web/UploadServlet HTTP/1.1" 200 -
192.168.1.133 - - [07/Nov/2015:14:03:18 +0800] "GET /favicon.ico HTTP/1.1" 404 973
192.168.1.133 - - [07/Nov/2015:14:03:18 +0800] "GET /favicon.ico HTTP/1.1" 404 973
192.168.1.133 - - [07/Nov/2015:14:03:18 +0800] "GET /favicon.ico HTTP/1.1" 404 973
192.168.1.133 - - [07/Nov/2015:14:03:18 +0800] "GET / HTTP/1.1" 404 951
192.168.1.133 - - [07/Nov/2015:14:03:18 +0800] "GET / HTTP/1.1" 404 951
192.168.1.133 - - [07/Nov/2015:14:03:18 +0800] "GET / HTTP/1.1" 404 951
192.168.1.133 - - [07/Nov/2015:14:03:18 +0800] "GET /favicon.ico HTTP/1.1" 404 973
192.168.1.133 - - [07/Nov/2015:14:03:18 +0800] "GET /favicon.ico HTTP/1.1" 404 973
192.168.1.133 - - [07/Nov/2015:14:03:18 +0800] "GET / HTTP/1.1" 404 951
192.168.1.133 - - [07/Nov/2015:14:03:18 +0800] "GET /favicon.ico HTTP/1.1" 404 973
192.168.1.133 - - [07/Nov/2015:14:03:18 +0800] "GET / HTTP/1.1" 404 951
192.168.1.133 - - [07/Nov/2015:14:03:18 +0800] "GET / HTTP/1.1" 404 951
192.168.1.44 - - [07/Nov/2015:14:03:19 +0800] "POST /web/UploadServlet HTTP/1.1" 200 -
192.168.1.44 - - [07/Nov/2015:14:03:19 +0800] "GET /favicon.ico HTTP/1.1" 404 973
192.168.1.24 - - [07/Nov/2015:14:03:27 +0800] "GET /web/UploadServlet HTTP/1.1" 405 1065
192.168.1.133 - - [07/Nov/2015:14:03:30 +0800] "GET /favicon.ico HTTP/1.1" 404 973
192.168.1.133 - - [07/Nov/2015:14:03:30 +0800] "GET /favicon.ico HTTP/1.1" 404 973
192.168.1.133 - - [07/Nov/2015:14:03:30 +0800] "GET /favicon.ico HTTP/1.1" 404 973
192.168.1.133 - - [07/Nov/2015:14:03:30 +0800] "GET / HTTP/1.1" 404 951
192.168.1.133 - - [07/Nov/2015:14:03:30 +0800] "GET / HTTP/1.1" 404 951
192.168.1.133 - - [07/Nov/2015:14:03:30 +0800] "GET / HTTP/1.1" 404 951
192.168.1.18 - - [07/Nov/2015:14:03:38 +0800] "GET /web/Upload.jsp HTTP/1.1" 404 979
192.168.1.18 - - [07/Nov/2015:14:03:42 +0800] "GET /web/FileUpload.jsp HTTP/1.1" 200 450
192.168.1.82 - - [07/Nov/2015:14:03:51 +0800] "POST /web/UploadServlet HTTP/1.1" 200 -
192.168.1.222 - - [07/Nov/2015:14:04:07 +0800] "GET /FileUpload.jsp HTTP/1.1" 404 979
192.168.1.222 - - [07/Nov/2015:14:04:08 +0800] "GET /FileUpload.jsp HTTP/1.1" 404 979
192.168.1.222 - - [07/Nov/2015:14:04:08 +0800] "GET /FileUpload.jsp HTTP/1.1" 404 979
192.168.1.222 - - [07/Nov/2015:14:04:08 +0800] "GET /FileUpload.jsp HTTP/1.1" 404 979
192.168.1.222 - - [07/Nov/2015:14:04:08 +0800] "GET /FileUpload.jsp HTTP/1.1" 404 979
192.168.1.185 - - [07/Nov/2015:14:04:19 +0800] "POST //web/UploadServlet HTTP/1.1" 200 -
192.168.1.226 - - [07/Nov/2015:14:04:23 +0800] "GET /web/FileUpLoad.jsp HTTP/1.1" 404 987
127.0.0.1 - - [07/Nov/2015:14:08:04 +0800] "GET / HTTP/1.1" 404 951
0:0:0:0:0:0:0:1 - - [07/Nov/2015:14:08:04 +0800] "GET /web/FileUpload.jsp HTTP/1.1" 200 450
192.168.1.226 - - [07/Nov/2015:14:08:06 +0800] "GET /web/FileUpLoad.jsp HTTP/1.1" 404 987
192.168.1.222 - - [07/Nov/2015:14:08:07 +0800] "GET /web/FileUpload.jsp HTTP/1.1" 200 450
192.168.1.128 - - [07/Nov/2015:14:08:08 +0800] "GET /favicon.ico HTTP/1.1" 404 973
192.168.1.128 - - [07/Nov/2015:14:08:12 +0800] "GET /web/FileUpload.jsp HTTP/1.1" 200 450
192.168.1.16 - - [07/Nov/2015:14:08:17 +0800] "GET /File/Uplod.jsp HTTP/1.1" 404 979
192.168.1.253 - - [07/Nov/2015:14:08:34 +0800] "POST /web/UploadServlet HTTP/1.1" 200 -
192.168.1.222 - - [07/Nov/2015:14:08:45 +0800] "POST /web/UploadServlet HTTP/1.1" 200 -
192.168.1.222 - - [07/Nov/2015:14:08:45 +0800] "GET /favicon.ico HTTP/1.1" 404 973
192.168.1.226 - - [07/Nov/2015:14:08:48 +0800] "GET /web/FileUpload.jsp HTTP/1.1" 200 450
127.0.0.1 - - [07/Nov/2015:18:45:33 +0800] "GET / HTTP/1.1" 404 951
0:0:0:0:0:0:0:1 - - [07/Nov/2015:18:45:34 +0800] "GET /web/login.jsp HTTP/1.1" 200 769
192.168.1.35 - - [07/Nov/2015:18:45:49 +0800] "GET /favicon.ico HTTP/1.1" 404 973
192.168.1.156 - - [07/Nov/2015:18:45:54 +0800] "GET /web/login.jsp HTTP/1.1" 200 769
192.168.1.35 - - [07/Nov/2015:18:45:58 +0800] "GET /web HTTP/1.1" 302 -
192.168.1.35 - - [07/Nov/2015:18:45:58 +0800] "GET /web/ HTTP/1.1" 404 959
192.168.1.156 - - [07/Nov/2015:18:45:58 +0800] "GET /web/login.jsp HTTP/1.1" 200 769
192.168.1.35 - - [07/Nov/2015:18:45:58 +0800] "GET /favicon.ico HTTP/1.1" 404 973
192.168.1.37 - - [07/Nov/2015:18:46:07 +0800] "GET /web/login.jsp HTTP/1.1" 200 769
192.168.1.82 - - [07/Nov/2015:18:46:11 +0800] "GET /web/Login.jsp HTTP/1.1" 404 977
192.168.1.82 - - [07/Nov/2015:18:46:11 +0800] "GET /favicon.ico HTTP/1.1" 404 973
192.168.1.82 - - [07/Nov/2015:18:46:11 +0800] "GET /favicon.ico HTTP/1.1" 404 973
192.168.1.37 - - [07/Nov/2015:18:46:13 +0800] "GET /web/LoginServlet?qq=123&pwd=asd HTTP/1.1" 200 12
192.168.1.131 - - [07/Nov/2015:18:46:14 +0800] "GET /web/login.jsp HTTP/1.1" 200 769
192.168.1.189 - - [07/Nov/2015:18:46:15 +0800] "GET /web/LoginServlet.jsp HTTP/1.1" 404 991
192.168.1.189 - - [07/Nov/2015:18:46:15 +0800] "GET /favicon.ico HTTP/1.1" 404 973
192.168.1.189 - - [07/Nov/2015:18:46:16 +0800] "GET /favicon.ico HTTP/1.1" 404 973
192.168.1.37 - - [07/Nov/2015:18:46:18 +0800] "GET /web/LoginServlet?qq=123&pwd=asd HTTP/1.1" 200 12
192.168.1.4 - - [07/Nov/2015:18:46:18 +0800] "GET /web/login.jsp HTTP/1.1" 200 769
192.168.1.82 - - [07/Nov/2015:18:46:30 +0800] "GET /web/Login.jsp HTTP/1.1" 404 977
192.168.1.82 - - [07/Nov/2015:18:46:35 +0800] "GET /web/LoginServlet HTTP/1.1" 500 1359
192.168.1.189 - - [07/Nov/2015:18:46:36 +0800] "GET /web/LoginServlet.jsp HTTP/1.1" 404 991
192.168.1.156 - - [07/Nov/2015:18:46:39 +0800] "GET /web/FileUpload.jsp HTTP/1.1" 200 450
192.168.1.189 - - [07/Nov/2015:18:46:41 +0800] "GET /web/LoginServlet.jsp HTTP/1.1" 404 991
127.0.0.1 - - [07/Nov/2015:18:46:56 +0800] "GET / HTTP/1.1" 404 951
0:0:0:0:0:0:0:1 - - [07/Nov/2015:18:46:57 +0800] "GET /web/login.jsp HTTP/1.1" 200 769
192.168.1.156 - - [07/Nov/2015:18:47:01 +0800] "POST /web/UploadServlet HTTP/1.1" 200 -
192.168.1.176 - - [07/Nov/2015:18:47:03 +0800] "GET /web/UpLoadServlet HTTP/1.1" 404 985
192.168.1.189 - - [07/Nov/2015:18:47:04 +0800] "GET /web/LoginServlet?qq=100000&pwd=13 HTTP/1.1" 200 12
192.168.1.24 - - [07/Nov/2015:18:47:36 +0800] "GET /web/LoginServlet HTTP/1.1" 500 1359
127.0.0.1 - - [07/Nov/2015:18:47:36 +0800] "GET / HTTP/1.1" 404 951
0:0:0:0:0:0:0:1 - - [07/Nov/2015:18:47:37 +0800] "GET /web/login.jsp HTTP/1.1" 200 769
192.168.1.189 - - [07/Nov/2015:18:47:40 +0800] "GET /web/LoginServlet?qq=100000&pwd=13 HTTP/1.1" 200 12
192.168.1.24 - - [07/Nov/2015:18:47:43 +0800] "GET /web/Login%E3%80%82jsp HTTP/1.1" 404 993
192.168.1.176 - - [07/Nov/2015:18:47:43 +0800] "GET /web/UploadServlet HTTP/1.1" 405 1065
192.168.1.24 - - [07/Nov/2015:18:47:48 +0800] "GET /web/Login%E3%80%82jsp HTTP/1.1" 404 993
192.168.1.82 - - [07/Nov/2015:18:47:49 +0800] "POST /web/LoginServlet HTTP/1.1" 500 1418
192.168.1.24 - - [07/Nov/2015:18:47:55 +0800] "GET /web/Login.jsp HTTP/1.1" 404 977
192.168.1.82 - - [07/Nov/2015:18:47:55 +0800] "POST /web/LoginServlet HTTP/1.1" 500 1418
192.168.1.24 - - [07/Nov/2015:18:48:00 +0800] "GET /web/Login.jsp HTTP/1.1" 404 977
192.168.1.225 - - [07/Nov/2015:18:48:04 +0800] "GET /web/LoginSrevlet?qq=&pws=acd HTTP/1.1" 404 983
192.168.1.82 - - [07/Nov/2015:18:48:04 +0800] "POST /web/LoginServlet HTTP/1.1" 500 1418
192.168.1.82 - - [07/Nov/2015:18:48:08 +0800] "POST /web/LoginServlet HTTP/1.1" 500 1418
192.168.1.189 - - [07/Nov/2015:18:48:08 +0800] "GET /web/Login.jsp HTTP/1.1" 404 977
192.168.1.35 - - [07/Nov/2015:18:48:09 +0800] "GET /web/FileUpload.jsp HTTP/1.1" 200 459
192.168.1.35 - - [07/Nov/2015:18:48:09 +0800] "GET /favicon.ico HTTP/1.1" 404 973
192.168.1.225 - - [07/Nov/2015:18:48:11 +0800] "GET /web/LoginSrevlet?qq=&pws=acd HTTP/1.1" 404 983
192.168.1.189 - - [07/Nov/2015:18:48:14 +0800] "GET /web/login.jsp HTTP/1.1" 200 769
192.168.1.82 - - [07/Nov/2015:18:48:15 +0800] "POST /web/LoginServlet HTTP/1.1" 500 1418
192.168.1.82 - - [07/Nov/2015:18:48:18 +0800] "POST /web/LoginServlet HTTP/1.1" 500 1418
192.168.1.225 - - [07/Nov/2015:18:48:20 +0800] "GET /web/LoginSrevlet?qq=&pws=acd HTTP/1.1" 404 983
192.168.1.35 - - [07/Nov/2015:18:48:29 +0800] "GET / HTTP/1.1" 404 951
192.168.1.35 - - [07/Nov/2015:18:48:29 +0800] "GET /favicon.ico HTTP/1.1" 404 973
192.168.1.189 - - [07/Nov/2015:18:48:30 +0800] "POST /web/LoginServlet HTTP/1.1" 200 12
192.168.1.131 - - [07/Nov/2015:18:48:31 +0800] "GET /web/loginServlet HTTP/1.1" 404 983
192.168.1.35 - - [07/Nov/2015:18:48:33 +0800] "GET / HTTP/1.1" 404 951
192.168.1.35 - - [07/Nov/2015:18:48:33 +0800] "GET /favicon.ico HTTP/1.1" 404 973
192.168.1.82 - - [07/Nov/2015:18:48:37 +0800] "POST /web/LoginServlet HTTP/1.1" 500 1418
192.168.1.35 - - [07/Nov/2015:18:48:37 +0800] "GET / HTTP/1.1" 404 951
192.168.1.35 - - [07/Nov/2015:18:48:37 +0800] "GET /favicon.ico HTTP/1.1" 404 973
192.168.1.82 - - [07/Nov/2015:18:48:40 +0800] "POST /web/LoginServlet HTTP/1.1" 500 1418
192.168.1.131 - - [07/Nov/2015:18:48:41 +0800] "GET /web/loginServlet?leevin&123 HTTP/1.1" 404 983
192.168.1.189 - - [07/Nov/2015:18:48:44 +0800] "GET /web/LoginServlet?qq=100000&pwd=13 HTTP/1.1" 200 12
192.168.1.35 - - [07/Nov/2015:18:48:45 +0800] "GET / HTTP/1.1" 404 951
192.168.1.35 - - [07/Nov/2015:18:48:45 +0800] "GET /favicon.ico HTTP/1.1" 404 973
192.168.1.38 - - [07/Nov/2015:18:49:09 +0800] "GET /web/LoginServlet HTTP/1.1" 500 1359
192.168.1.207 - - [07/Nov/2015:18:49:10 +0800] "GET /web/LoginServlet HTTP/1.1" 500 1359
192.168.1.38 - - [07/Nov/2015:18:49:15 +0800] "GET /web/LoginServlet HTTP/1.1" 500 1359
192.168.1.207 - - [07/Nov/2015:18:49:20 +0800] "GET /web/LoginServlet HTTP/1.1" 500 1359
192.168.1.185 - - [07/Nov/2015:18:49:53 +0800] "GET /web/FileUpload HTTP/1.1" 404 979
192.168.1.185 - - [07/Nov/2015:18:50:01 +0800] "GET /web/FileUpload.jsp HTTP/1.1" 200 459
192.168.1.163 - - [07/Nov/2015:18:50:16 +0800] "GET /web/ HTTP/1.1" 404 959
192.168.1.82 - - [07/Nov/2015:18:50:19 +0800] "POST /web/LoginServlet HTTP/1.1" 500 1418
192.168.1.44 - - [07/Nov/2015:18:50:21 +0800] "GET /web/LoginServlet HTTP/1.1" 500 1359
192.168.1.163 - - [07/Nov/2015:18:50:24 +0800] "GET /web/login.jsp HTTP/1.1" 200 769
192.168.1.185 - - [07/Nov/2015:18:50:26 +0800] "GET /web/Login.jsp HTTP/1.1" 404 977
192.168.1.189 - - [07/Nov/2015:18:50:30 +0800] "POST /web/LoginServlet HTTP/1.1" 200 12
192.168.1.57 - - [07/Nov/2015:18:50:32 +0800] "GET /web/LoginServlet/?qq=sdf&pwd=sdf HTTP/1.1" 404 985
192.168.1.57 - - [07/Nov/2015:18:50:38 +0800] "GET /web/LoginServlet/?qq=sdf&pwd=sdf HTTP/1.1" 404 985
192.168.1.189 - - [07/Nov/2015:18:50:40 +0800] "GET /web/login.jsp HTTP/1.1" 200 769
192.168.1.44 - - [07/Nov/2015:18:50:44 +0800] "GET /web/login.jsp HTTP/1.1" 200 769
192.168.1.185 - - [07/Nov/2015:18:50:46 +0800] "GET /web/FileUpload.jsp HTTP/1.1" 200 459
192.168.1.189 - - [07/Nov/2015:18:50:47 +0800] "GET /web/LoginServlet?qq=1231&pwd=adsf HTTP/1.1" 200 12
192.168.1.57 - - [07/Nov/2015:18:50:48 +0800] "GET /web/LoginServlet/?qq=123&pwd=asd HTTP/1.1" 404 985
192.168.1.185 - - [07/Nov/2015:18:51:01 +0800] "GET /web/login.jsp HTTP/1.1" 200 769
192.168.1.35 - - [07/Nov/2015:18:51:09 +0800] "GET / HTTP/1.1" 404 951
192.168.1.35 - - [07/Nov/2015:18:51:09 +0800] "GET /favicon.ico HTTP/1.1" 404 973
192.168.1.185 - - [07/Nov/2015:18:51:10 +0800] "GET /web/LoginServlet?qq=123&pwd=316512 HTTP/1.1" 200 12
192.168.1.185 - - [07/Nov/2015:18:51:18 +0800] "GET /web/login.jsp HTTP/1.1" 200 769
192.168.1.185 - - [07/Nov/2015:18:51:27 +0800] "GET / HTTP/1.1" 404 951
192.168.1.185 - - [07/Nov/2015:18:51:34 +0800] "GET / HTTP/1.1" 404 951
192.168.1.35 - - [07/Nov/2015:18:51:39 +0800] "GET /web/login.jsp HTTP/1.1" 200 769
192.168.1.35 - - [07/Nov/2015:18:51:39 +0800] "GET /favicon.ico HTTP/1.1" 404 973
192.168.1.185 - - [07/Nov/2015:18:51:48 +0800] "GET / HTTP/1.1" 404 951
192.168.1.35 - - [07/Nov/2015:18:51:52 +0800] "GET /web/LoginServlet?qq=123&pwd=asd HTTP/1.1" 200 12
192.168.1.35 - - [07/Nov/2015:18:51:52 +0800] "GET /favicon.ico HTTP/1.1" 404 973
192.168.1.79 - - [07/Nov/2015:18:51:58 +0800] "GET /web/LoginServlet?qq=123&pwd=asd HTTP/1.1" 200 12
192.168.1.185 - - [07/Nov/2015:18:52:03 +0800] "GET /web/FileUpload.jsp HTTP/1.1" 200 459
192.168.1.79 - - [07/Nov/2015:18:52:05 +0800] "GET /web/LoginServlet?qq=123&pwd=asdaa HTTP/1.1" 200 12
192.168.1.57 - - [07/Nov/2015:18:52:28 +0800] "POST /web/LoginServlet HTTP/1.1" 200 12
192.168.1.57 - - [07/Nov/2015:18:52:33 +0800] "POST /web/LoginServlet HTTP/1.1" 200 12
192.168.1.57 - - [07/Nov/2015:18:52:39 +0800] "POST /web/LoginServlet HTTP/1.1" 200 12
192.168.1.57 - - [07/Nov/2015:18:53:00 +0800] "POST /web/LoginServlet HTTP/1.1" 200 12
192.168.1.207 - - [07/Nov/2015:18:53:14 +0800] "POST /web/LoginServlet HTTP/1.1" 200 12
192.168.1.57 - - [07/Nov/2015:18:53:14 +0800] "GET /web/LoginServlet/?qq=123&pwd=asd HTTP/1.1" 404 985
192.168.1.57 - - [07/Nov/2015:18:53:18 +0800] "GET /web/LoginServlet/?qq=123&pwd=asd HTTP/1.1" 404 985
192.168.1.57 - - [07/Nov/2015:18:53:19 +0800] "GET /web/LoginServlet/?qq=123&pwd=asd HTTP/1.1" 404 985
192.168.1.207 - - [07/Nov/2015:18:53:20 +0800] "POST /web/LoginServlet HTTP/1.1" 200 12
192.168.1.44 - - [07/Nov/2015:18:53:34 +0800] "GET /web/LoginServlet HTTP/1.1" 500 1359
192.168.1.44 - - [07/Nov/2015:18:53:43 +0800] "GET /web/loginServlet HTTP/1.1" 404 983
192.168.1.44 - - [07/Nov/2015:18:53:51 +0800] "GET /web/login.jsp HTTP/1.1" 200 769
192.168.1.147 - - [07/Nov/2015:18:53:55 +0800] "GET /web/login.jsp HTTP/1.1" 200 769
192.168.1.44 - - [07/Nov/2015:18:53:56 +0800] "GET /web/LoginServlet?qq=123&pwd=123 HTTP/1.1" 200 12
192.168.1.207 - - [07/Nov/2015:18:53:56 +0800] "POST /web/LoginServlet HTTP/1.1" 200 12
192.168.1.147 - - [07/Nov/2015:18:53:56 +0800] "GET /favicon.ico HTTP/1.1" 404 973
192.168.1.207 - - [07/Nov/2015:18:53:58 +0800] "POST /web/LoginServlet HTTP/1.1" 200 12
192.168.1.207 - - [07/Nov/2015:18:53:58 +0800] "POST /web/LoginServlet HTTP/1.1" 200 12
192.168.1.207 - - [07/Nov/2015:18:53:58 +0800] "POST /web/LoginServlet HTTP/1.1" 200 12
192.168.1.207 - - [07/Nov/2015:18:53:58 +0800] "POST /web/LoginServlet HTTP/1.1" 200 12
192.168.1.207 - - [07/Nov/2015:18:53:59 +0800] "POST /web/LoginServlet HTTP/1.1" 200 12
192.168.1.207 - - [07/Nov/2015:18:53:59 +0800] "POST /web/LoginServlet HTTP/1.1" 200 12
192.168.1.207 - - [07/Nov/2015:18:53:59 +0800] "POST /web/LoginServlet HTTP/1.1" 200 12
192.168.1.207 - - [07/Nov/2015:18:53:59 +0800] "POST /web/LoginServlet HTTP/1.1" 200 12
192.168.1.207 - - [07/Nov/2015:18:53:59 +0800] "POST /web/LoginServlet HTTP/1.1" 200 12
192.168.1.207 - - [07/Nov/2015:18:53:59 +0800] "POST /web/LoginServlet HTTP/1.1" 200 12
192.168.1.207 - - [07/Nov/2015:18:53:59 +0800] "POST /web/LoginServlet HTTP/1.1" 200 12
192.168.1.207 - - [07/Nov/2015:18:53:59 +0800] "POST /web/LoginServlet HTTP/1.1" 200 12
192.168.1.207 - - [07/Nov/2015:18:54:00 +0800] "POST /web/LoginServlet HTTP/1.1" 200 12
192.168.1.207 - - [07/Nov/2015:18:54:00 +0800] "POST /web/LoginServlet HTTP/1.1" 200 12
192.168.1.207 - - [07/Nov/2015:18:54:00 +0800] "POST /web/LoginServlet HTTP/1.1" 200 12
192.168.1.207 - - [07/Nov/2015:18:54:00 +0800] "POST /web/LoginServlet HTTP/1.1" 200 12
192.168.1.207 - - [07/Nov/2015:18:54:00 +0800] "POST /web/LoginServlet HTTP/1.1" 200 12
192.168.1.207 - - [07/Nov/2015:18:54:00 +0800] "POST /web/LoginServlet HTTP/1.1" 200 12
192.168.1.207 - - [07/Nov/2015:18:54:01 +0800] "POST /web/LoginServlet HTTP/1.1" 200 12
192.168.1.207 - - [07/Nov/2015:18:54:01 +0800] "POST /web/LoginServlet HTTP/1.1" 200 12
192.168.1.207 - - [07/Nov/2015:18:54:01 +0800] "POST /web/LoginServlet HTTP/1.1" 200 12
192.168.1.207 - - [07/Nov/2015:18:54:01 +0800] "POST /web/LoginServlet HTTP/1.1" 200 12
192.168.1.207 - - [07/Nov/2015:18:54:01 +0800] "POST /web/LoginServlet HTTP/1.1" 200 12
192.168.1.207 - - [07/Nov/2015:18:54:01 +0800] "POST /web/LoginServlet HTTP/1.1" 200 12
192.168.1.207 - - [07/Nov/2015:18:54:01 +0800] "POST /web/LoginServlet HTTP/1.1" 200 12
192.168.1.207 - - [07/Nov/2015:18:54:04 +0800] "POST /web/LoginServlet HTTP/1.1" 200 12
192.168.1.207 - - [07/Nov/2015:18:54:05 +0800] "POST /web/LoginServlet HTTP/1.1" 200 12
192.168.1.207 - - [07/Nov/2015:18:54:05 +0800] "POST /web/LoginServlet HTTP/1.1" 200 12
192.168.1.207 - - [07/Nov/2015:18:54:05 +0800] "POST /web/LoginServlet HTTP/1.1" 200 12
192.168.1.207 - - [07/Nov/2015:18:54:05 +0800] "POST /web/LoginServlet HTTP/1.1" 200 12
192.168.1.207 - - [07/Nov/2015:18:54:05 +0800] "POST /web/LoginServlet HTTP/1.1" 200 12
192.168.1.207 - - [07/Nov/2015:18:54:05 +0800] "POST /web/LoginServlet HTTP/1.1" 200 12
192.168.1.207 - - [07/Nov/2015:18:54:05 +0800] "POST /web/LoginServlet HTTP/1.1" 200 12
192.168.1.207 - - [07/Nov/2015:18:54:06 +0800] "POST /web/LoginServlet HTTP/1.1" 200 12
192.168.1.207 - - [07/Nov/2015:18:54:06 +0800] "POST /web/LoginServlet HTTP/1.1" 200 12
192.168.1.147 - - [07/Nov/2015:18:54:07 +0800] "GET /web/LoginServlet?qq=11&pwd=11 HTTP/1.1" 200 12
192.168.1.147 - - [07/Nov/2015:18:54:07 +0800] "GET /favicon.ico HTTP/1.1" 404 973
192.168.1.44 - - [07/Nov/2015:18:54:16 +0800] "GET /web/LoginServlet?qq=123&pwd=123 HTTP/1.1" 200 12
192.168.1.176 - - [07/Nov/2015:18:55:02 +0800] "POST /web/UploadServlet HTTP/1.1" 200 -
192.168.1.44 - - [07/Nov/2015:18:55:03 +0800] "GET /web/LoginServlet?qq=123&pwd=123 HTTP/1.1" 200 12
192.168.1.48 - - [07/Nov/2015:18:55:09 +0800] "GET /web/LoginServlet?qq=123&pwd=123 HTTP/1.1" 200 12
192.168.1.156 - - [07/Nov/2015:18:55:16 +0800] "GET /web/LoginServlet?qq=123&pwd=qwe HTTP/1.1" 200 12
192.168.1.156 - - [07/Nov/2015:18:55:42 +0800] "GET /web/LoginServlet?qq=123&pwd=qwe HTTP/1.1" 200 12
192.168.1.176 - - [07/Nov/2015:18:55:57 +0800] "GET /web/UploadServlet HTTP/1.1" 405 1065
192.168.1.176 - - [07/Nov/2015:18:56:04 +0800] "GET /web/UploadServlet HTTP/1.1" 405 1065
192.168.1.57 - - [07/Nov/2015:18:56:06 +0800] "GET /web/LoginServlet/?qq=123&pwd=asd HTTP/1.1" 404 985
192.168.1.35 - - [07/Nov/2015:18:56:26 +0800] "GET /web/login.jsp HTTP/1.1" 200 769
192.168.1.35 - - [07/Nov/2015:18:56:26 +0800] "GET /favicon.ico HTTP/1.1" 404 973
192.168.1.35 - - [07/Nov/2015:18:56:37 +0800] "POST /web/LoginServlet HTTP/1.1" 200 12
192.168.1.35 - - [07/Nov/2015:18:56:37 +0800] "GET /favicon.ico HTTP/1.1" 404 973
192.168.1.63 - - [07/Nov/2015:18:57:21 +0800] "GET /web/LoginServlet HTTP/1.1" 500 1359
192.168.1.63 - - [07/Nov/2015:18:57:21 +0800] "GET /favicon.ico HTTP/1.1" 404 973
192.168.1.164 - - [07/Nov/2015:18:57:32 +0800] "GET /web/LoginServlet?name=zhangsan&word=c122 HTTP/1.1" 500 1359
192.168.1.164 - - [07/Nov/2015:18:57:38 +0800] "GET /web/LoginServlet?name=zhangsan&word=c122 HTTP/1.1" 500 1359
192.168.1.120 - - [07/Nov/2015:18:57:41 +0800] "GET /web/LoginServlet?qq=123&pwd=asd HTTP/1.1" 200 12
192.168.1.120 - - [07/Nov/2015:18:57:47 +0800] "GET /web/LoginServlet?qq=12&pwd=asd HTTP/1.1" 200 12
192.168.1.57 - - [07/Nov/2015:18:57:57 +0800] "POST /web/LoginServlet HTTP/1.1" 200 12
192.168.1.48 - - [07/Nov/2015:18:58:07 +0800] "GET /web/login.jsp HTTP/1.1" 200 769
192.168.1.48 - - [07/Nov/2015:18:58:14 +0800] "GET /web/LoginServlet?qq=ff&pwd=f HTTP/1.1" 200 12
192.168.1.185 - - [07/Nov/2015:18:58:45 +0800] "GET /web/FileUpload.jsp HTTP/1.1" 200 459
192.168.1.35 - - [07/Nov/2015:18:58:47 +0800] "GET /web/LoginServlet?qq=123&pwd=asd HTTP/1.1" 200 12
192.168.1.185 - - [07/Nov/2015:18:58:55 +0800] "GET /web/login.jsp HTTP/1.1" 200 769
192.168.1.57 - - [07/Nov/2015:18:58:55 +0800] "POST /web/LoginServlet HTTP/1.1" 200 12
192.168.1.35 - - [07/Nov/2015:18:58:57 +0800] "GET /favicon.ico HTTP/1.1" 404 973
