192.168.1.185 - - [07/Nov/2015:18:59:00 +0800] "POST /web/LoginServlet HTTP/1.1" 200 12
192.168.1.57 - - [07/Nov/2015:18:59:06 +0800] "POST /web/LoginServlet HTTP/1.1" 200 12
192.168.1.57 - - [07/Nov/2015:18:59:06 +0800] "POST /web/LoginServlet HTTP/1.1" 200 12
192.168.1.57 - - [07/Nov/2015:18:59:06 +0800] "POST /web/LoginServlet HTTP/1.1" 200 12
192.168.1.57 - - [07/Nov/2015:18:59:06 +0800] "POST /web/LoginServlet HTTP/1.1" 200 12
192.168.1.35 - - [07/Nov/2015:18:59:20 +0800] "GET /web/FileUpload.jsp HTTP/1.1" 200 459
192.168.1.35 - - [07/Nov/2015:18:59:20 +0800] "GET /favicon.ico HTTP/1.1" 404 973
192.168.1.35 - - [07/Nov/2015:18:59:34 +0800] "GET /web/FileUpload.jsp HTTP/1.1" 200 459
192.168.1.35 - - [07/Nov/2015:18:59:34 +0800] "GET /favicon.ico HTTP/1.1" 404 973
192.168.1.185 - - [07/Nov/2015:18:59:37 +0800] "GET /web/FileUpload.jsp HTTP/1.1" 200 459
192.168.1.185 - - [07/Nov/2015:18:59:39 +0800] "GET /web/LoginServlet HTTP/1.1" 500 1359
192.168.1.185 - - [07/Nov/2015:18:59:56 +0800] "GET /web/ HTTP/1.1" 404 959
192.168.1.185 - - [07/Nov/2015:19:00:05 +0800] "GET /web/FileUpload.jsp HTTP/1.1" 200 459
192.168.1.185 - - [07/Nov/2015:19:00:11 +0800] "GET /web/FileUpload.jsp HTTP/1.1" 200 459
192.168.1.44 - - [07/Nov/2015:19:01:21 +0800] "GET /web/LoginServlet?qq=123&pwd=123 HTTP/1.1" 200 12
192.168.1.164 - - [07/Nov/2015:19:01:30 +0800] "GET /news/news.xml HTTP/1.1" 404 977
192.168.1.113 - - [07/Nov/2015:19:01:32 +0800] "GET /web/LoginServlet?qq=123&pwd= HTTP/1.1" 200 12
192.168.1.113 - - [07/Nov/2015:19:01:37 +0800] "GET /web/LoginServlet?qq=123&pwd=123 HTTP/1.1" 200 12
192.168.1.113 - - [07/Nov/2015:19:01:43 +0800] "GET /web/LoginServlet?qq=123&pwd=asd HTTP/1.1" 200 12
192.168.1.79 - - [07/Nov/2015:19:02:11 +0800] "POST /web/LoginServlet HTTP/1.1" 500 1418
192.168.1.44 - - [07/Nov/2015:19:02:39 +0800] "GET /web/LoginServlet?qq=123&pwd=123 HTTP/1.1" 200 12
192.168.1.44 - - [07/Nov/2015:19:02:40 +0800] "GET /web/LoginServlet?qq=123&pwd=123 HTTP/1.1" 200 12
192.168.1.44 - - [07/Nov/2015:19:02:54 +0800] "GET /web/login.jsp?qq=123&pwd123 HTTP/1.1" 200 769
192.168.1.44 - - [07/Nov/2015:19:02:55 +0800] "GET /web/login.jsp?qq=123&pwd123 HTTP/1.1" 200 769
192.168.1.44 - - [07/Nov/2015:19:03:01 +0800] "GET /web/login.jsp?qq=123&pwd123 HTTP/1.1" 200 769
192.168.1.82 - - [07/Nov/2015:19:03:06 +0800] "GET /web/LoginServlet?qq=null&pwd=null HTTP/1.1" 200 12
192.168.1.82 - - [07/Nov/2015:19:03:09 +0800] "GET /web/LoginServlet?qq=null&pwd=null HTTP/1.1" 200 12
192.168.1.82 - - [07/Nov/2015:19:03:15 +0800] "GET /web/LoginServlet?qq=null&pwd=null HTTP/1.1" 200 12
192.168.1.82 - - [07/Nov/2015:19:03:25 +0800] "GET /web/LoginServlet?qq=null&pwd=null HTTP/1.1" 200 12
192.168.1.3 - - [07/Nov/2015:19:03:28 +0800] "POST /web/LoginServlet HTTP/1.1" 200 12
192.168.1.3 - - [07/Nov/2015:19:03:31 +0800] "POST /web/LoginServlet HTTP/1.1" 200 12
192.168.1.41 - - [07/Nov/2015:19:03:35 +0800] "GET /web/LoginServlet?qq=123&pwd=asd HTTP/1.1" 200 12
192.168.1.41 - - [07/Nov/2015:19:03:38 +0800] "GET /web/LoginServlet?qq=123123&pwd=asd123 HTTP/1.1" 200 12
192.168.1.44 - - [07/Nov/2015:19:03:51 +0800] "GET /web/login.jsp?qq=123&pwd123d HTTP/1.1" 200 769
192.168.1.3 - - [07/Nov/2015:19:03:52 +0800] "POST /web/LoginServlet HTTP/1.1" 200 12
192.168.1.82 - - [07/Nov/2015:19:03:59 +0800] "GET /web/LoginServlet?qq=null&pwd=null HTTP/1.1" 200 12
192.168.1.44 - - [07/Nov/2015:19:03:59 +0800] "GET /web/login.jsp?qq=123d&pwd123d HTTP/1.1" 200 769
192.168.1.79 - - [07/Nov/2015:19:04:25 +0800] "GET /web/LoginServlet?num=123&pwd=asd HTTP/1.1" 500 1359
192.168.1.44 - - [07/Nov/2015:19:04:50 +0800] "GET /web/LoginServlet?qq=123&pwd=12 HTTP/1.1" 200 12
192.168.1.44 - - [07/Nov/2015:19:05:01 +0800] "GET /web/login.jsp?qq=123d&pwd123d HTTP/1.1" 200 769
192.168.1.63 - - [07/Nov/2015:19:05:02 +0800] "GET /web/LoginServlet HTTP/1.1" 500 1359
192.168.1.38 - - [07/Nov/2015:19:05:02 +0800] "GET /web/LoginServlet HTTP/1.1" 500 1359
192.168.1.44 - - [07/Nov/2015:19:05:04 +0800] "GET /web/login.jsp?qq=123d&pwd123d HTTP/1.1" 200 769
192.168.1.63 - - [07/Nov/2015:19:05:14 +0800] "GET /web/loginservlet HTTP/1.1" 404 983
192.168.1.63 - - [07/Nov/2015:19:05:23 +0800] "GET /web/login.jsp HTTP/1.1" 200 769
192.168.1.38 - - [07/Nov/2015:19:05:30 +0800] "GET /web/Login.jsp HTTP/1.1" 404 977
192.168.1.82 - - [07/Nov/2015:19:05:30 +0800] "GET /web/LoginServlet?qq=123&pwd=asd HTTP/1.1" 200 12
192.168.1.63 - - [07/Nov/2015:19:06:05 +0800] "GET /web/login.jsp HTTP/1.1" 200 769
192.168.1.38 - - [07/Nov/2015:19:06:33 +0800] "GET /web/Login.jsp HTTP/1.1" 404 977
192.168.1.48 - - [07/Nov/2015:19:07:58 +0800] "GET /web/LoginServlet?name=asd&psd=123 HTTP/1.1" 500 1359
192.168.1.38 - - [07/Nov/2015:19:08:56 +0800] "GET /web/Login.jsp HTTP/1.1" 404 977
192.168.1.176 - - [07/Nov/2015:19:09:20 +0800] "POST /web/UploadServlet HTTP/1.1" 200 -
192.168.1.44 - - [07/Nov/2015:19:09:59 +0800] "GET /web/login.jsp?qq=123&pwd123 HTTP/1.1" 200 769
192.168.1.48 - - [07/Nov/2015:19:10:16 +0800] "GET /web/LoginServlet?name=asd&psd=123 HTTP/1.1" 500 1359
192.168.1.44 - - [07/Nov/2015:19:10:24 +0800] "GET /web/login.jsp?qq=123&pwd123 HTTP/1.1" 200 769
192.168.1.44 - - [07/Nov/2015:19:10:32 +0800] "GET /web/login.jsp?qq=123&pwd123 HTTP/1.1" 200 769
192.168.1.44 - - [07/Nov/2015:19:10:36 +0800] "GET /web/login.jsp?qq=123&pwd1232 HTTP/1.1" 200 769
192.168.1.44 - - [07/Nov/2015:19:10:38 +0800] "GET /web/login.jsp?qq=12333&pwd1232 HTTP/1.1" 200 769
192.168.1.41 - - [07/Nov/2015:19:10:40 +0800] "GET /web/LoginServlet?qq=123&pwd=123 HTTP/1.1" 200 12
192.168.1.41 - - [07/Nov/2015:19:10:53 +0800] "GET /web/LoginServlet?qq=123&pwd=123 HTTP/1.1" 200 12
192.168.1.48 - - [07/Nov/2015:19:11:13 +0800] "GET /web/LoginServlet?name=asd&psd=123 HTTP/1.1" 500 1359
192.168.1.48 - - [07/Nov/2015:19:11:16 +0800] "GET /web/LoginServlet?name=asd&psd=123 HTTP/1.1" 500 1359
192.168.1.63 - - [07/Nov/2015:19:12:31 +0800] "GET /web/LoginServlet?qq=121&pwd=1212 HTTP/1.1" 200 12
192.168.1.48 - - [07/Nov/2015:19:13:37 +0800] "GET /web/LoginServlet?name=asd&psd=123 HTTP/1.1" 500 1359
192.168.1.48 - - [07/Nov/2015:19:13:38 +0800] "GET /web/LoginServlet?name=asd&psd=123 HTTP/1.1" 500 1359
192.168.1.48 - - [07/Nov/2015:19:13:38 +0800] "GET /web/LoginServlet?name=asd&psd=123 HTTP/1.1" 500 1359
192.168.1.48 - - [07/Nov/2015:19:13:39 +0800] "GET /web/LoginServlet?name=asd&psd=123 HTTP/1.1" 500 1359
192.168.1.48 - - [07/Nov/2015:19:13:39 +0800] "GET /web/LoginServlet?name=asd&psd=123 HTTP/1.1" 500 1359
192.168.1.48 - - [07/Nov/2015:19:13:39 +0800] "GET /web/LoginServlet?name=asd&psd=123 HTTP/1.1" 500 1359
192.168.1.48 - - [07/Nov/2015:19:13:39 +0800] "GET /web/LoginServlet?name=asd&psd=123 HTTP/1.1" 500 1359
192.168.1.48 - - [07/Nov/2015:19:13:39 +0800] "GET /web/LoginServlet?name=asd&psd=123 HTTP/1.1" 500 1359
192.168.1.48 - - [07/Nov/2015:19:13:40 +0800] "GET /web/LoginServlet?name=asd&psd=123 HTTP/1.1" 500 1359
192.168.1.48 - - [07/Nov/2015:19:13:40 +0800] "GET /web/LoginServlet?name=asd&psd=123 HTTP/1.1" 500 1359
192.168.1.48 - - [07/Nov/2015:19:13:40 +0800] "GET /web/LoginServlet?name=asd&psd=123 HTTP/1.1" 500 1359
192.168.1.48 - - [07/Nov/2015:19:13:40 +0800] "GET /web/LoginServlet?name=asd&psd=123 HTTP/1.1" 500 1359
192.168.1.48 - - [07/Nov/2015:19:13:40 +0800] "GET /web/LoginServlet?name=asd&psd=123 HTTP/1.1" 500 1359
192.168.1.48 - - [07/Nov/2015:19:13:41 +0800] "GET /web/LoginServlet?name=asd&psd=123 HTTP/1.1" 500 1359
192.168.1.48 - - [07/Nov/2015:19:13:41 +0800] "GET /web/LoginServlet?name=asd&psd=123 HTTP/1.1" 500 1359
192.168.1.48 - - [07/Nov/2015:19:13:41 +0800] "GET /web/LoginServlet?name=asd&psd=123 HTTP/1.1" 500 1359
192.168.1.48 - - [07/Nov/2015:19:13:41 +0800] "GET /web/LoginServlet?name=asd&psd=123 HTTP/1.1" 500 1359
192.168.1.48 - - [07/Nov/2015:19:13:41 +0800] "GET /web/LoginServlet?name=asd&psd=123 HTTP/1.1" 500 1359
192.168.1.48 - - [07/Nov/2015:19:13:42 +0800] "GET /web/LoginServlet?name=asd&psd=123 HTTP/1.1" 500 1359
192.168.1.48 - - [07/Nov/2015:19:13:42 +0800] "GET /web/LoginServlet?name=asd&psd=123 HTTP/1.1" 500 1359
192.168.1.48 - - [07/Nov/2015:19:13:42 +0800] "GET /web/LoginServlet?name=asd&psd=123 HTTP/1.1" 500 1359
192.168.1.48 - - [07/Nov/2015:19:13:42 +0800] "GET /web/LoginServlet?name=asd&psd=123 HTTP/1.1" 500 1359
192.168.1.48 - - [07/Nov/2015:19:13:42 +0800] "GET /web/LoginServlet?name=asd&psd=123 HTTP/1.1" 500 1359
192.168.1.48 - - [07/Nov/2015:19:13:43 +0800] "GET /web/LoginServlet?name=asd&psd=123 HTTP/1.1" 500 1359
192.168.1.48 - - [07/Nov/2015:19:14:50 +0800] "GET /web/LoginServlet?name=123&psd=asd HTTP/1.1" 500 1359
192.168.1.44 - - [07/Nov/2015:19:14:54 +0800] "GET /news/news.xml HTTP/1.1" 404 977
192.168.1.48 - - [07/Nov/2015:19:14:56 +0800] "GET /web/LoginServlet?name=123&psd=asd HTTP/1.1" 500 1359
192.168.1.48 - - [07/Nov/2015:19:14:57 +0800] "GET /web/LoginServlet?name=123&psd=asd HTTP/1.1" 500 1359
192.168.1.48 - - [07/Nov/2015:19:14:58 +0800] "GET /web/LoginServlet?name=123&psd=asd HTTP/1.1" 500 1359
192.168.1.58 - - [07/Nov/2015:19:15:55 +0800] "GET /web/LoginServlet?qq=123&pwd=asd HTTP/1.1" 200 12
192.168.1.24 - - [07/Nov/2015:19:16:19 +0800] "GET /web/LoginServlet?qq=123&pwd=asd HTTP/1.1" 200 12
192.168.1.100 - - [07/Nov/2015:19:16:28 +0800] "GET /news/news.xml HTTP/1.1" 404 977
192.168.1.100 - - [07/Nov/2015:19:16:48 +0800] "GET /news/news.xml HTTP/1.1" 404 977
192.168.1.156 - - [07/Nov/2015:19:16:48 +0800] "GET /web/LoginServlet?qq=123&pwd=qwe HTTP/1.1" 200 12
192.168.1.156 - - [07/Nov/2015:19:16:48 +0800] "GET /web/LoginServlet?qq=123&pwd=qwe HTTP/1.1" 200 12
192.168.1.44 - - [07/Nov/2015:19:17:05 +0800] "GET /news/news.xml HTTP/1.1" 404 977
192.168.1.113 - - [07/Nov/2015:19:17:34 +0800] "GET /web/LoginServlet?qq=&pwd= HTTP/1.1" 200 12
192.168.1.44 - - [07/Nov/2015:19:17:37 +0800] "GET /web/LoginServlet HTTP/1.1" 500 1359
192.168.1.113 - - [07/Nov/2015:19:17:44 +0800] "GET /web/LoginServlet?qq=123&pwd=qwe HTTP/1.1" 200 12
192.168.1.100 - - [07/Nov/2015:19:17:44 +0800] "GET /news/news.xml HTTP/1.1" 404 977
192.168.1.113 - - [07/Nov/2015:19:17:49 +0800] "GET /web/LoginServlet?qq=123&pwd=asd HTTP/1.1" 200 12
192.168.1.44 - - [07/Nov/2015:19:18:15 +0800] "GET /web/LoginServlet HTTP/1.1" 500 1359
192.168.1.100 - - [07/Nov/2015:19:18:35 +0800] "GET /news/news.xml HTTP/1.1" 404 977
192.168.1.3 - - [07/Nov/2015:19:18:53 +0800] "POST /web/LoginServlet HTTP/1.1" 200 12
192.168.1.3 - - [07/Nov/2015:19:19:15 +0800] "POST /web/LoginServlet HTTP/1.1" 200 12
192.168.1.220 - - [07/Nov/2015:19:20:31 +0800] "GET /web/LoginServlet?qq=122&pwd=123 HTTP/1.1" 200 12
192.168.1.220 - - [07/Nov/2015:19:20:45 +0800] "GET /web/LoginServlet?qq=112211111&pwd=123 HTTP/1.1" 200 12
192.168.1.220 - - [07/Nov/2015:19:20:48 +0800] "GET /web/LoginServlet?qq=112211111&pwd=123 HTTP/1.1" 200 12
192.168.1.220 - - [07/Nov/2015:19:20:50 +0800] "GET /web/LoginServlet?qq=112211111&pwd=123 HTTP/1.1" 200 12
192.168.1.220 - - [07/Nov/2015:19:20:50 +0800] "GET /web/LoginServlet?qq=112211111&pwd=123 HTTP/1.1" 200 12
192.168.1.220 - - [07/Nov/2015:19:20:50 +0800] "GET /web/LoginServlet?qq=112211111&pwd=123 HTTP/1.1" 200 12
192.168.1.220 - - [07/Nov/2015:19:20:51 +0800] "GET /web/LoginServlet?qq=112211111&pwd=123 HTTP/1.1" 200 12
192.168.1.220 - - [07/Nov/2015:19:20:51 +0800] "GET /web/LoginServlet?qq=112211111&pwd=123 HTTP/1.1" 200 12
192.168.1.220 - - [07/Nov/2015:19:21:11 +0800] "GET /web/LoginServlet?qq=112211111&pwd=123 HTTP/1.1" 200 12
192.168.1.220 - - [07/Nov/2015:19:21:13 +0800] "GET /web/LoginServlet?qq=112211111&pwd=123 HTTP/1.1" 200 12
192.168.1.220 - - [07/Nov/2015:19:21:26 +0800] "GET /web/LoginServlet?qq=123&pwd=asd HTTP/1.1" 200 12
192.168.1.3 - - [07/Nov/2015:19:22:04 +0800] "POST /web/LoginServlet HTTP/1.1" 500 1418
192.168.1.3 - - [07/Nov/2015:19:22:22 +0800] "POST /web/LoginServlet HTTP/1.1" 500 1418
192.168.1.24 - - [07/Nov/2015:19:22:31 +0800] "GET /web/LoginServlet?qq=123&pwd=asd HTTP/1.1" 200 12
192.168.1.24 - - [07/Nov/2015:19:22:34 +0800] "GET /web/LoginServlet?qq=123&pwd=asd HTTP/1.1" 200 12
192.168.1.24 - - [07/Nov/2015:19:22:35 +0800] "GET /web/LoginServlet?qq=123&pwd=asd HTTP/1.1" 200 12
192.168.1.3 - - [07/Nov/2015:19:22:45 +0800] "POST /web/LoginServlet HTTP/1.1" 500 1418
192.168.1.3 - - [07/Nov/2015:19:23:03 +0800] "POST /web/LoginServlet HTTP/1.1" 200 12
192.168.1.219 - - [07/Nov/2015:19:23:10 +0800] "GET /web/LoginServlet?qq=&pwd= HTTP/1.1" 200 12
192.168.1.219 - - [07/Nov/2015:19:23:24 +0800] "GET /web/LoginServlet?qq=1212&pwd=1212 HTTP/1.1" 200 12
192.168.1.100 - - [07/Nov/2015:19:23:53 +0800] "GET /news/news.xml HTTP/1.1" 404 977
192.168.1.3 - - [07/Nov/2015:19:24:00 +0800] "POST /web/LoginServlet HTTP/1.1" 500 1418
192.168.1.209 - - [07/Nov/2015:19:24:49 +0800] "GET /web/LoginServlet HTTP/1.1" 500 1359
192.168.1.219 - - [07/Nov/2015:19:24:52 +0800] "GET /web/LoginServlet?qq=&pwd= HTTP/1.1" 200 12
192.168.1.209 - - [07/Nov/2015:19:24:56 +0800] "GET /web/LoginServlet.login.jsp HTTP/1.1" 404 1003
192.168.1.219 - - [07/Nov/2015:19:24:57 +0800] "GET /web/LoginServlet?qq=12&pwd=12 HTTP/1.1" 200 12
192.168.1.219 - - [07/Nov/2015:19:24:58 +0800] "GET /web/LoginServlet?qq=12&pwd=12 HTTP/1.1" 200 12
192.168.1.219 - - [07/Nov/2015:19:25:06 +0800] "GET /web/LoginServlet?qq=123&pwd=asd HTTP/1.1" 200 12
192.168.1.219 - - [07/Nov/2015:19:25:07 +0800] "GET /web/LoginServlet?qq=123&pwd=asd HTTP/1.1" 200 12
192.168.1.58 - - [07/Nov/2015:19:25:23 +0800] "GET /favicon.ico HTTP/1.1" 404 973
192.168.1.58 - - [07/Nov/2015:19:25:34 +0800] "GET /web/FileUpload.jsp HTTP/1.1" 200 459
192.168.1.58 - - [07/Nov/2015:19:25:40 +0800] "GET /web/FileUpload.jsp HTTP/1.1" 200 459
192.168.1.1 - - [07/Nov/2015:19:26:44 +0800] "GET /web/LoginServlet?qq=asd&pwd=123 HTTP/1.1" 200 12
192.168.1.3 - - [07/Nov/2015:19:27:06 +0800] "POST /web/LoginServlet HTTP/1.1" 500 1418
192.168.1.3 - - [07/Nov/2015:19:27:07 +0800] "POST /web/LoginServlet HTTP/1.1" 500 1418
192.168.1.3 - - [07/Nov/2015:19:27:09 +0800] "POST /web/LoginServlet HTTP/1.1" 500 1418
192.168.1.1 - - [07/Nov/2015:19:27:17 +0800] "GET /web/LoginServlet?qq=123&pwd=asd HTTP/1.1" 200 12
192.168.1.3 - - [07/Nov/2015:19:28:58 +0800] "GET /favicon.ico HTTP/1.1" 404 973
192.168.1.3 - - [07/Nov/2015:19:28:59 +0800] "GET /web/LoginServlet HTTP/1.1" 500 1359
192.168.1.3 - - [07/Nov/2015:19:29:00 +0800] "GET /favicon.ico HTTP/1.1" 404 973
192.168.1.3 - - [07/Nov/2015:19:29:03 +0800] "GET /web/LoginServlet HTTP/1.1" 500 1359
192.168.1.3 - - [07/Nov/2015:19:29:03 +0800] "GET /favicon.ico HTTP/1.1" 404 973
192.168.1.3 - - [07/Nov/2015:19:29:56 +0800] "GET /web/login.jsp HTTP/1.1" 200 769
192.168.1.3 - - [07/Nov/2015:19:29:56 +0800] "GET /favicon.ico HTTP/1.1" 404 973
192.168.1.67 - - [07/Nov/2015:19:29:57 +0800] "GET /web/LoginServlet HTTP/1.1" 500 1359
192.168.1.67 - - [07/Nov/2015:19:29:59 +0800] "GET /favicon.ico HTTP/1.1" 404 973
192.168.1.3 - - [07/Nov/2015:19:30:22 +0800] "POST /web/LoginServlet HTTP/1.1" 200 12
192.168.1.3 - - [07/Nov/2015:19:30:22 +0800] "GET /favicon.ico HTTP/1.1" 404 973
192.168.1.67 - - [07/Nov/2015:19:30:34 +0800] "GET /web/login.jsp HTTP/1.1" 200 769
192.168.1.3 - - [07/Nov/2015:19:30:35 +0800] "GET /favicon.ico HTTP/1.1" 404 973
192.168.1.44 - - [07/Nov/2015:19:31:02 +0800] "GET /web/login.jsp HTTP/1.1" 200 769
192.168.1.1 - - [07/Nov/2015:19:31:13 +0800] "GET /web/LoginServlet?qq=123&pwd=asd HTTP/1.1" 200 12
192.168.1.3 - - [07/Nov/2015:19:31:17 +0800] "POST /web/LoginServlet HTTP/1.1" 500 1418
192.168.1.3 - - [07/Nov/2015:19:31:23 +0800] "POST /web/LoginServlet HTTP/1.1" 500 1418
192.168.1.185 - - [07/Nov/2015:19:31:27 +0800] "GET /web/loginServlet?qq=3454667-&pwd=ibjnjjn HTTP/1.1" 404 983
192.168.1.185 - - [07/Nov/2015:19:31:33 +0800] "GET /web/loginServlet?qq=3454667-&pwd=ibjnjjn HTTP/1.1" 404 983
192.168.1.185 - - [07/Nov/2015:19:31:38 +0800] "GET /web/loginServlet?qq=3454667-&pwd=ibjnjjn HTTP/1.1" 404 983
127.0.0.1 - - [07/Nov/2015:19:34:54 +0800] "GET / HTTP/1.1" 404 951
0:0:0:0:0:0:0:1 - - [07/Nov/2015:19:34:54 +0800] "GET /web/login.jsp HTTP/1.1" 200 769
192.168.1.163 - - [07/Nov/2015:19:35:01 +0800] "GET /web/LoginServlet?qq=123&pwd=asd HTTP/1.1" 200 12
192.168.1.120 - - [07/Nov/2015:19:35:46 +0800] "POST /web/UploadServlet HTTP/1.1" 200 -
192.168.1.5 - - [07/Nov/2015:19:36:23 +0800] "GET /web/LoginServlet?qq=1111&pwd=2222 HTTP/1.1" 200 12
192.168.1.185 - - [07/Nov/2015:19:36:26 +0800] "GET /web/loginServlet?qq=123-&pwd=asd HTTP/1.1" 404 983
192.168.1.185 - - [07/Nov/2015:19:36:30 +0800] "GET /web/loginServlet?qq=123-&pwd=asd HTTP/1.1" 404 983
192.168.1.120 - - [07/Nov/2015:19:36:43 +0800] "POST /web/UploadServlet HTTP/1.1" 200 -
192.168.1.164 - - [07/Nov/2015:19:36:46 +0800] "GET /web/LoginServlet?name=1223&word=12323 HTTP/1.1" 500 1359
192.168.1.82 - - [07/Nov/2015:19:36:46 +0800] "GET /web/LoginServlet?qq=123&pwd=aaa HTTP/1.1" 200 12
192.168.1.4 - - [07/Nov/2015:19:36:49 +0800] "GET /web/LoginServlet?qq=android.widget.EditText@4101a7e8&pwd=dfef HTTP/1.1" 200 12
192.168.1.82 - - [07/Nov/2015:19:36:49 +0800] "GET /web/LoginServlet?qq=123&pwd=asd HTTP/1.1" 200 12
192.168.1.120 - - [07/Nov/2015:19:36:54 +0800] "POST /web/UploadServlet HTTP/1.1" 200 -
192.168.1.4 - - [07/Nov/2015:19:36:55 +0800] "GET /web/LoginServlet?qq=android.widget.EditText@4101a7e8&pwd=123 HTTP/1.1" 200 12
192.168.1.120 - - [07/Nov/2015:19:36:59 +0800] "POST /web/UploadServlet HTTP/1.1" 200 -
192.168.1.4 - - [07/Nov/2015:19:37:02 +0800] "GET /web/LoginServlet?qq=android.widget.EditText@4101a7e8&pwd=123 HTTP/1.1" 200 12
192.168.1.16 - - [07/Nov/2015:19:37:08 +0800] "POST /web/UploadServlet HTTP/1.1" 200 -
192.168.1.120 - - [07/Nov/2015:19:37:25 +0800] "POST /web/UploadServlet HTTP/1.1" 200 -
192.168.1.120 - - [07/Nov/2015:19:38:05 +0800] "POST /web/UploadServlet HTTP/1.1" 200 -
192.168.1.120 - - [07/Nov/2015:19:38:11 +0800] "POST /web/UploadServlet HTTP/1.1" 200 -
192.168.1.31 - - [07/Nov/2015:19:38:50 +0800] "GET / HTTP/1.1" 404 951
192.168.1.31 - - [07/Nov/2015:19:39:09 +0800] "GET / HTTP/1.1" 404 951
192.168.1.58 - - [07/Nov/2015:19:39:32 +0800] "GET /web/LoginServlet?qq=123&pwd=asd HTTP/1.1" 200 12
192.168.1.133 - - [07/Nov/2015:19:39:34 +0800] "GET /web/LoginServlet?qq=1123&pwd=123 HTTP/1.1" 200 12
192.168.1.58 - - [07/Nov/2015:19:39:34 +0800] "GET /web/LoginServlet?qq=123&pwd=asd HTTP/1.1" 200 12
192.168.1.58 - - [07/Nov/2015:19:39:35 +0800] "GET /web/LoginServlet?qq=123&pwd=asd HTTP/1.1" 200 12
192.168.1.58 - - [07/Nov/2015:19:39:35 +0800] "GET /web/LoginServlet?qq=123&pwd=asd HTTP/1.1" 200 12
192.168.1.58 - - [07/Nov/2015:19:39:35 +0800] "GET /web/LoginServlet?qq=123&pwd=asd HTTP/1.1" 200 12
192.168.1.58 - - [07/Nov/2015:19:39:35 +0800] "GET /web/LoginServlet?qq=123&pwd=asd HTTP/1.1" 200 12
192.168.1.58 - - [07/Nov/2015:19:39:36 +0800] "GET /web/LoginServlet?qq=123&pwd=asd HTTP/1.1" 200 12
192.168.1.58 - - [07/Nov/2015:19:39:36 +0800] "GET /web/LoginServlet?qq=123&pwd=asd HTTP/1.1" 200 12
192.168.1.58 - - [07/Nov/2015:19:39:36 +0800] "GET /web/LoginServlet?qq=123&pwd=asd HTTP/1.1" 200 12
192.168.1.58 - - [07/Nov/2015:19:39:36 +0800] "GET /web/LoginServlet?qq=123&pwd=asd HTTP/1.1" 200 12
192.168.1.58 - - [07/Nov/2015:19:39:37 +0800] "GET /web/LoginServlet?qq=123&pwd=asd HTTP/1.1" 200 12
192.168.1.58 - - [07/Nov/2015:19:39:37 +0800] "GET /web/LoginServlet?qq=123&pwd=asd HTTP/1.1" 200 12
192.168.1.58 - - [07/Nov/2015:19:39:37 +0800] "GET /web/LoginServlet?qq=123&pwd=asd HTTP/1.1" 200 12
192.168.1.31 - - [07/Nov/2015:19:39:37 +0800] "GET /web/LoginServlet HTTP/1.1" 500 1359
192.168.1.58 - - [07/Nov/2015:19:39:42 +0800] "GET /web/LoginServlet?qq=123&pwd=asdff HTTP/1.1" 200 12
192.168.1.58 - - [07/Nov/2015:19:39:43 +0800] "GET /web/LoginServlet?qq=123&pwd=asdff HTTP/1.1" 200 12
192.168.1.58 - - [07/Nov/2015:19:39:43 +0800] "GET /web/LoginServlet?qq=123&pwd=asdff HTTP/1.1" 200 12
192.168.1.58 - - [07/Nov/2015:19:39:43 +0800] "GET /web/LoginServlet?qq=123&pwd=asdff HTTP/1.1" 200 12
192.168.1.58 - - [07/Nov/2015:19:39:43 +0800] "GET /web/LoginServlet?qq=123&pwd=asdff HTTP/1.1" 200 12
192.168.1.58 - - [07/Nov/2015:19:39:44 +0800] "GET /web/LoginServlet?qq=123&pwd=asdff HTTP/1.1" 200 12
192.168.1.31 - - [07/Nov/2015:19:39:44 +0800] "GET /web/ HTTP/1.1" 404 959
192.168.1.44 - - [07/Nov/2015:19:39:47 +0800] "POST /web/login.jsp HTTP/1.1" 200 769
192.168.1.44 - - [07/Nov/2015:19:39:48 +0800] "POST /web/login.jsp HTTP/1.1" 200 769
192.168.1.44 - - [07/Nov/2015:19:39:53 +0800] "POST /web/login.jsp HTTP/1.1" 200 769
192.168.1.44 - - [07/Nov/2015:19:40:02 +0800] "POST /web/login.jsp HTTP/1.1" 200 769
192.168.1.3 - - [07/Nov/2015:19:40:08 +0800] "POST /web/LoginServlet HTTP/1.1" 500 1418
192.168.1.44 - - [07/Nov/2015:19:40:08 +0800] "POST /web/login.jsp HTTP/1.1" 200 769
192.168.1.16 - - [07/Nov/2015:19:40:13 +0800] "POST /web/UploadServlet HTTP/1.1" 200 -
192.168.1.44 - - [07/Nov/2015:19:40:16 +0800] "POST /web/login.jsp HTTP/1.1" 200 769
192.168.1.1 - - [07/Nov/2015:19:40:28 +0800] "GET /web/LoginServlet?qq=null&pwd=null HTTP/1.1" 200 12
192.168.1.5 - - [07/Nov/2015:19:40:30 +0800] "GET /web/LoginServlet?qq=1111&pwd=2222s HTTP/1.1" 200 12
192.168.1.44 - - [07/Nov/2015:19:40:35 +0800] "POST /web/login.jsp HTTP/1.1" 200 769
192.168.1.44 - - [07/Nov/2015:19:40:40 +0800] "POST /web/login.jsp HTTP/1.1" 200 769
192.168.1.128 - - [07/Nov/2015:19:40:57 +0800] "GET / HTTP/1.1" 404 951
192.168.1.3 - - [07/Nov/2015:19:41:01 +0800] "POST /web/LoginServlet HTTP/1.1" 200 12
192.168.1.38 - - [07/Nov/2015:19:41:07 +0800] "GET /web/Login.jsp HTTP/1.1" 404 977
192.168.1.128 - - [07/Nov/2015:19:41:09 +0800] "GET /favicon.ico HTTP/1.1" 404 973
192.168.1.13 - - [07/Nov/2015:19:41:17 +0800] "GET /web/login.jsp HTTP/1.1" 200 769
192.168.1.58 - - [07/Nov/2015:19:41:18 +0800] "GET /web/LoginServlet HTTP/1.1" 500 1359
192.168.1.128 - - [07/Nov/2015:19:41:20 +0800] "GET /web/login.jsp HTTP/1.1" 200 769
192.168.1.111 - - [07/Nov/2015:19:41:28 +0800] "GET /web/LoginServlet?qq=123&pwd=asd HTTP/1.1" 200 12
192.168.1.38 - - [07/Nov/2015:19:41:29 +0800] "GET /web/Login.jsp HTTP/1.1" 404 977
192.168.1.120 - - [07/Nov/2015:19:41:32 +0800] "POST /web/UploadServlet HTTP/1.1" 200 -
192.168.1.31 - - [07/Nov/2015:19:41:46 +0800] "GET /web/LoginServlet.jsp HTTP/1.1" 404 991
192.168.1.58 - - [07/Nov/2015:19:41:46 +0800] "GET /web/LoginServlet?qq=123&pwd=asd HTTP/1.1" 200 12
192.168.1.44 - - [07/Nov/2015:19:41:52 +0800] "POST /web/login.jsp HTTP/1.1" 200 769
192.168.1.44 - - [07/Nov/2015:19:41:59 +0800] "GET /web/login.jsp HTTP/1.1" 200 769
192.168.1.44 - - [07/Nov/2015:19:41:59 +0800] "GET /favicon.ico HTTP/1.1" 404 973
192.168.1.38 - - [07/Nov/2015:19:42:00 +0800] "GET /web/Login.jsp HTTP/1.1" 404 977
192.168.1.44 - - [07/Nov/2015:19:42:03 +0800] "POST /web/LoginServlet HTTP/1.1" 200 12
192.168.1.58 - - [07/Nov/2015:19:42:19 +0800] "GET /web/LoginServlet?qq=123&pwd=asd HTTP/1.1" 200 12
192.168.1.44 - - [07/Nov/2015:19:42:21 +0800] "POST /web/LoginServlet HTTP/1.1" 200 12
192.168.1.188 - - [07/Nov/2015:19:42:36 +0800] "GET /web/LoginServlet HTTP/1.1" 500 1359
192.168.1.131 - - [07/Nov/2015:19:42:39 +0800] "GET /favicon.ico HTTP/1.1" 404 973
192.168.1.131 - - [07/Nov/2015:19:42:41 +0800] "GET /web/loginSeverlet HTTP/1.1" 404 985
192.168.1.131 - - [07/Nov/2015:19:42:44 +0800] "GET / HTTP/1.1" 404 951
192.168.1.38 - - [07/Nov/2015:19:42:47 +0800] "GET /web/login.jsp HTTP/1.1" 200 769
192.168.1.131 - - [07/Nov/2015:19:42:50 +0800] "GET / HTTP/1.1" 404 951
192.168.1.113 - - [07/Nov/2015:19:43:09 +0800] "GET /web/LoginServlet?qq=123&pwd=qwe HTTP/1.1" 200 12
192.168.1.31 - - [07/Nov/2015:19:43:10 +0800] "GET /web/LoginServlet HTTP/1.1" 500 1359
192.168.1.31 - - [07/Nov/2015:19:43:14 +0800] "GET /web/LoginServlet/ HTTP/1.1" 404 985
192.168.1.31 - - [07/Nov/2015:19:43:16 +0800] "GET /web/LoginServlet HTTP/1.1" 500 1359
192.168.1.113 - - [07/Nov/2015:19:43:19 +0800] "GET /web/LoginServlet?qq=123&pwd=asd HTTP/1.1" 200 12
192.168.1.31 - - [07/Nov/2015:19:43:19 +0800] "GET /web/ HTTP/1.1" 404 959
192.168.1.44 - - [07/Nov/2015:19:43:22 +0800] "POST /web/login.jsp HTTP/1.1" 200 769
192.168.1.44 - - [07/Nov/2015:19:43:23 +0800] "POST /web/login.jsp HTTP/1.1" 200 769
192.168.1.131 - - [07/Nov/2015:19:43:26 +0800] "GET / HTTP/1.1" 404 951
192.168.1.38 - - [07/Nov/2015:19:43:57 +0800] "GET /web/LoginServlet?qq=123&pwd=123 HTTP/1.1" 200 12
192.168.1.219 - - [07/Nov/2015:19:44:02 +0800] "POST /web/LoginServlet HTTP/1.1" 500 1418
192.168.1.188 - - [07/Nov/2015:19:44:08 +0800] "GET /web/LoginServlet HTTP/1.1" 500 1359
192.168.1.44 - - [07/Nov/2015:19:44:10 +0800] "POST /web/LoginServlet HTTP/1.1" 500 1418
192.168.1.219 - - [07/Nov/2015:19:44:13 +0800] "POST /web/LoginServlet HTTP/1.1" 500 1418
192.168.1.44 - - [07/Nov/2015:19:44:13 +0800] "POST /web/LoginServlet HTTP/1.1" 500 1418
192.168.1.41 - - [07/Nov/2015:19:44:22 +0800] "GET /web/LoginServlet?qq=123&pwd=123 HTTP/1.1" 200 12
192.168.1.219 - - [07/Nov/2015:19:44:23 +0800] "POST /web/LoginServlet HTTP/1.1" 500 1418
192.168.1.41 - - [07/Nov/2015:19:44:25 +0800] "GET /web/LoginServlet?qq=123&pwd=asd HTTP/1.1" 200 12
192.168.1.41 - - [07/Nov/2015:19:44:29 +0800] "GET /web/LoginServlet?qq=1231123123&pwd=asd123123 HTTP/1.1" 200 12
192.168.1.113 - - [07/Nov/2015:19:44:40 +0800] "GET /web/LoginServlet?qq=123&pwd=123 HTTP/1.1" 200 12
192.168.1.44 - - [07/Nov/2015:19:44:46 +0800] "POST /web/LoginServlet HTTP/1.1" 500 1418
192.168.1.113 - - [07/Nov/2015:19:44:46 +0800] "GET /web/LoginServlet?qq=123&pwd=asd HTTP/1.1" 200 12
192.168.1.44 - - [07/Nov/2015:19:44:50 +0800] "POST /web/LoginServlet HTTP/1.1" 500 1418
192.168.1.188 - - [07/Nov/2015:19:45:02 +0800] "GET /web/LoginServlet?qq=123&pwd=asd HTTP/1.1" 200 12
192.168.1.4 - - [07/Nov/2015:19:45:05 +0800] "GET /web/login.jsp/ HTTP/1.1" 404 979
192.168.1.188 - - [07/Nov/2015:19:45:08 +0800] "GET /web/LoginServlet HTTP/1.1" 500 1359
192.168.1.188 - - [07/Nov/2015:19:45:10 +0800] "GET /web/LoginServlet HTTP/1.1" 500 1359
192.168.1.32 - - [07/Nov/2015:19:45:16 +0800] "GET /web/login.jsp HTTP/1.1" 200 769
192.168.1.188 - - [07/Nov/2015:19:45:22 +0800] "GET / HTTP/1.1" 404 951
192.168.1.44 - - [07/Nov/2015:19:45:50 +0800] "POST /web/LoginServlet HTTP/1.1" 500 1418
192.168.1.44 - - [07/Nov/2015:19:45:52 +0800] "POST /web/LoginServlet HTTP/1.1" 500 1418
192.168.1.44 - - [07/Nov/2015:19:46:18 +0800] "POST /web/LoginServlet HTTP/1.1" 500 1418
192.168.1.44 - - [07/Nov/2015:19:46:23 +0800] "POST /web/LoginServlet HTTP/1.1" 500 1418
192.168.1.147 - - [07/Nov/2015:19:46:26 +0800] "GET /Web/Login/Servlet HTTP/1.1" 404 985
192.168.1.147 - - [07/Nov/2015:19:46:26 +0800] "GET /favicon.ico HTTP/1.1" 404 973
192.168.1.147 - - [07/Nov/2015:19:46:30 +0800] "GET /web/LoginServlet?qq=11&pwd=11 HTTP/1.1" 200 12
192.168.1.147 - - [07/Nov/2015:19:46:30 +0800] "GET /favicon.ico HTTP/1.1" 404 973
192.168.1.44 - - [07/Nov/2015:19:46:33 +0800] "GET /web/LoginServlet HTTP/1.1" 500 1359
192.168.1.147 - - [07/Nov/2015:19:46:37 +0800] "GET /web/LoginServlet HTTP/1.1" 500 1359
192.168.1.147 - - [07/Nov/2015:19:46:37 +0800] "GET /favicon.ico HTTP/1.1" 404 973
192.168.1.63 - - [07/Nov/2015:19:46:46 +0800] "GET /web/login.jsp HTTP/1.1" 200 769
192.168.1.147 - - [07/Nov/2015:19:46:46 +0800] "GET /web/LoginServlet HTTP/1.1" 500 1359
192.168.1.147 - - [07/Nov/2015:19:46:46 +0800] "GET /favicon.ico HTTP/1.1" 404 973
192.168.1.63 - - [07/Nov/2015:19:46:50 +0800] "GET /web/LoginServlet?qq=123&pwd=123 HTTP/1.1" 200 12
192.168.1.147 - - [07/Nov/2015:19:47:01 +0800] "GET /web/Login/Servlet HTTP/1.1" 404 985
192.168.1.147 - - [07/Nov/2015:19:47:01 +0800] "GET /favicon.ico HTTP/1.1" 404 973
192.168.1.63 - - [07/Nov/2015:19:47:03 +0800] "GET /web/LoginServlet?qq=123&pwd=123 HTTP/1.1" 200 12
192.168.1.44 - - [07/Nov/2015:19:47:13 +0800] "GET /web/LoginServlet?qq=123&pwd=123 HTTP/1.1" 200 12
192.168.1.63 - - [07/Nov/2015:19:47:17 +0800] "GET /web/LoginServlet?qq=123&pwd=123 HTTP/1.1" 200 12
192.168.1.63 - - [07/Nov/2015:19:47:18 +0800] "GET /favicon.ico HTTP/1.1" 404 973
192.168.1.63 - - [07/Nov/2015:19:47:18 +0800] "GET /favicon.ico HTTP/1.1" 404 973
192.168.1.44 - - [07/Nov/2015:19:47:19 +0800] "POST /web/LoginServlet HTTP/1.1" 200 12
192.168.1.219 - - [07/Nov/2015:19:47:27 +0800] "POST /web/LoginServlet HTTP/1.1" 200 12
192.168.1.147 - - [07/Nov/2015:19:47:34 +0800] "GET /web/LoginServlet HTTP/1.1" 500 1359
192.168.1.147 - - [07/Nov/2015:19:47:34 +0800] "GET /favicon.ico HTTP/1.1" 404 973
192.168.1.219 - - [07/Nov/2015:19:47:53 +0800] "POST /web/LoginServlet HTTP/1.1" 500 1418
192.168.1.44 - - [07/Nov/2015:19:47:55 +0800] "POST /web/LoginServlet HTTP/1.1" 500 1418
192.168.1.35 - - [07/Nov/2015:19:47:56 +0800] "GET /favicon.ico HTTP/1.1" 404 973
192.168.1.44 - - [07/Nov/2015:19:47:58 +0800] "POST /web/LoginServlet HTTP/1.1" 500 1418
192.168.1.38 - - [07/Nov/2015:19:48:02 +0800] "GET /web/LoginServlet?qq=123&pwd=123 HTTP/1.1" 200 12
192.168.1.44 - - [07/Nov/2015:19:48:03 +0800] "POST /web/LoginServlet HTTP/1.1" 500 1418
192.168.1.164 - - [07/Nov/2015:19:48:04 +0800] "POST /web/LoginServlet HTTP/1.1" 500 1418
192.168.1.147 - - [07/Nov/2015:19:48:06 +0800] "GET /web/LoginServlet HTTP/1.1" 500 1359
192.168.1.147 - - [07/Nov/2015:19:48:06 +0800] "GET /favicon.ico HTTP/1.1" 404 973
192.168.1.58 - - [07/Nov/2015:19:48:06 +0800] "GET /web/LoginServlet?qq=123&pwd=asd HTTP/1.1" 200 12
192.168.1.176 - - [07/Nov/2015:19:48:06 +0800] "POST /web/LoginServlet HTTP/1.1" 500 1418
192.168.1.164 - - [07/Nov/2015:19:48:08 +0800] "POST /web/LoginServlet HTTP/1.1" 500 1418
192.168.1.58 - - [07/Nov/2015:19:48:18 +0800] "GET /web/LoginServlet?qq=123&pwd=asdw HTTP/1.1" 200 12
192.168.1.3 - - [07/Nov/2015:19:48:20 +0800] "GET /web/LoginServent?qq=123&pwd=asd HTTP/1.1" 404 983
192.168.1.176 - - [07/Nov/2015:19:48:25 +0800] "POST /web/LoginServlet HTTP/1.1" 500 1418
192.168.1.147 - - [07/Nov/2015:19:48:26 +0800] "GET /web/LoginServlet HTTP/1.1" 500 1359
192.168.1.147 - - [07/Nov/2015:19:48:26 +0800] "GET /favicon.ico HTTP/1.1" 404 973
192.168.1.147 - - [07/Nov/2015:19:48:30 +0800] "GET /web/Login HTTP/1.1" 404 969
192.168.1.147 - - [07/Nov/2015:19:48:30 +0800] "GET /favicon.ico HTTP/1.1" 404 973
192.168.1.147 - - [07/Nov/2015:19:48:32 +0800] "GET /web/LoginServlet HTTP/1.1" 500 1359
192.168.1.147 - - [07/Nov/2015:19:48:32 +0800] "GET /favicon.ico HTTP/1.1" 404 973
192.168.1.147 - - [07/Nov/2015:19:48:33 +0800] "GET /web/Login/Servlet HTTP/1.1" 404 985
192.168.1.147 - - [07/Nov/2015:19:48:33 +0800] "GET /favicon.ico HTTP/1.1" 404 973
192.168.1.147 - - [07/Nov/2015:19:48:33 +0800] "GET /web/LoginServlet HTTP/1.1" 500 1359
192.168.1.147 - - [07/Nov/2015:19:48:33 +0800] "GET /favicon.ico HTTP/1.1" 404 973
192.168.1.147 - - [07/Nov/2015:19:48:34 +0800] "GET /web/LoginServlet?qq=11&pwd=11 HTTP/1.1" 200 12
192.168.1.147 - - [07/Nov/2015:19:48:34 +0800] "GET /favicon.ico HTTP/1.1" 404 973
192.168.1.147 - - [07/Nov/2015:19:48:39 +0800] "GET /web/login.jsp HTTP/1.1" 200 769
192.168.1.147 - - [07/Nov/2015:19:48:39 +0800] "GET /favicon.ico HTTP/1.1" 404 973
192.168.1.147 - - [07/Nov/2015:19:48:51 +0800] "GET /web/login.jsp HTTP/1.1" 200 769
192.168.1.147 - - [07/Nov/2015:19:48:51 +0800] "GET /favicon.ico HTTP/1.1" 404 973
192.168.1.147 - - [07/Nov/2015:19:48:52 +0800] "GET /web/LoginServlet?qq=11&pwd=11 HTTP/1.1" 200 12
192.168.1.147 - - [07/Nov/2015:19:48:52 +0800] "GET /favicon.ico HTTP/1.1" 404 973
192.168.1.3 - - [07/Nov/2015:19:49:00 +0800] "GET /web/LoginServlet?qq=123&pwd=asd HTTP/1.1" 200 12
192.168.1.38 - - [07/Nov/2015:19:49:24 +0800] "GET /web/LoginServlet?qq=123&pwd=123 HTTP/1.1" 200 12
192.168.1.147 - - [07/Nov/2015:19:49:33 +0800] "GET /web/LoginServlet HTTP/1.1" 500 1359
192.168.1.147 - - [07/Nov/2015:19:49:33 +0800] "GET /favicon.ico HTTP/1.1" 404 973
192.168.1.186 - - [07/Nov/2015:19:49:34 +0800] "GET /web/download/gui.exe HTTP/1.1" 404 991
192.168.1.147 - - [07/Nov/2015:19:49:34 +0800] "GET /web/LoginServlet?qq=11&pwd=11 HTTP/1.1" 200 12
192.168.1.147 - - [07/Nov/2015:19:49:34 +0800] "GET /favicon.ico HTTP/1.1" 404 973
192.168.1.147 - - [07/Nov/2015:19:49:35 +0800] "GET /web/login.jsp HTTP/1.1" 200 769
192.168.1.147 - - [07/Nov/2015:19:49:35 +0800] "GET /favicon.ico HTTP/1.1" 404 973
192.168.1.31 - - [07/Nov/2015:19:49:38 +0800] "GET /web/LoginServlet HTTP/1.1" 500 1359
192.168.1.147 - - [07/Nov/2015:19:49:38 +0800] "GET /web/LoginServlet?qq=1&pwd=1 HTTP/1.1" 200 12
192.168.1.147 - - [07/Nov/2015:19:49:38 +0800] "GET /favicon.ico HTTP/1.1" 404 973
192.168.1.147 - - [07/Nov/2015:19:49:39 +0800] "GET /web/login.jsp HTTP/1.1" 200 769
192.168.1.147 - - [07/Nov/2015:19:49:39 +0800] "GET /favicon.ico HTTP/1.1" 404 973
192.168.1.147 - - [07/Nov/2015:19:49:43 +0800] "POST /web/LoginServlet HTTP/1.1" 200 12
192.168.1.147 - - [07/Nov/2015:19:49:43 +0800] "GET /favicon.ico HTTP/1.1" 404 973
192.168.1.219 - - [07/Nov/2015:19:49:46 +0800] "POST /web/LoginServlet HTTP/1.1" 200 12
192.168.1.44 - - [07/Nov/2015:19:49:59 +0800] "GET /web/LoginServlet?qq=123&pwd=123 HTTP/1.1" 200 12
192.168.1.44 - - [07/Nov/2015:19:50:04 +0800] "GET /web/LoginServlet?qq=123&pwd=123 HTTP/1.1" 200 12
192.168.1.225 - - [07/Nov/2015:19:50:07 +0800] "POST /web/LoginSrevlet HTTP/1.1" 404 983
192.168.1.225 - - [07/Nov/2015:19:50:19 +0800] "POST /web/LoginSrevlet HTTP/1.1" 404 983
192.168.1.31 - - [07/Nov/2015:19:50:25 +0800] "GET /web/LoginServlet?qq=qq&pwd=pwd HTTP/1.1" 200 12
192.168.1.176 - - [07/Nov/2015:19:50:50 +0800] "GET /web/download/winmine.exe HTTP/1.1" 404 999
192.168.1.44 - - [07/Nov/2015:19:51:01 +0800] "GET /web/LoginServlet?qq=123&pwd=asd HTTP/1.1" 200 12
192.168.1.58 - - [07/Nov/2015:19:51:02 +0800] "GET /web/LoginServlet?qq=123&pwd=asdw HTTP/1.1" 200 12
192.168.1.58 - - [07/Nov/2015:19:51:07 +0800] "GET /web/LoginServlet?qq=123&pwd=asd HTTP/1.1" 200 12
192.168.1.3 - - [07/Nov/2015:19:51:11 +0800] "GET /web/LoginServlet?qq=123&pwd=asd HTTP/1.1" 200 12
192.168.1.35 - - [07/Nov/2015:19:51:17 +0800] "POST /web/LoginServlet HTTP/1.1" 200 12
192.168.1.23 - - [07/Nov/2015:19:51:23 +0800] "GET / HTTP/1.1" 404 951
192.168.1.79 - - [07/Nov/2015:19:51:28 +0800] "GET /web/LoginServlet?num=123&pwd=asd HTTP/1.1" 500 1359
192.168.1.176 - - [07/Nov/2015:19:51:37 +0800] "GET /web/download/winmine.exe HTTP/1.1" 404 999
192.168.1.44 - - [07/Nov/2015:19:51:45 +0800] "POST /web/LoginServlet HTTP/1.1" 500 1418
192.168.1.44 - - [07/Nov/2015:19:51:46 +0800] "POST /web/LoginServlet HTTP/1.1" 500 1418
192.168.1.16 - - [07/Nov/2015:19:51:50 +0800] "GET /web/LoginServlet?qq=123&pwd=asd HTTP/1.1" 200 12
192.168.1.23 - - [07/Nov/2015:19:51:57 +0800] "GET / HTTP/1.1" 404 951
192.168.1.44 - - [07/Nov/2015:19:52:09 +0800] "POST /web/LoginServlet HTTP/1.1" 500 1418
192.168.1.44 - - [07/Nov/2015:19:52:13 +0800] "POST /web/LoginServlet HTTP/1.1" 500 1418
192.168.1.44 - - [07/Nov/2015:19:52:20 +0800] "POST /web/LoginServlet HTTP/1.1" 500 1418
192.168.1.48 - - [07/Nov/2015:19:52:26 +0800] "GET /web/login.jsp HTTP/1.1" 200 769
192.168.1.23 - - [07/Nov/2015:19:52:38 +0800] "GET / HTTP/1.1" 404 951
192.168.1.48 - - [07/Nov/2015:19:52:44 +0800] "POST /web/LoginServlet HTTP/1.1" 200 12
192.168.1.48 - - [07/Nov/2015:19:52:49 +0800] "GET /web/LoginServlet HTTP/1.1" 500 1359
192.168.1.219 - - [07/Nov/2015:19:52:50 +0800] "GET /netpage/page.html HTTP/1.1" 404 985
192.168.1.79 - - [07/Nov/2015:19:52:57 +0800] "POST /web/LoginServlet HTTP/1.1" 200 12
192.168.1.219 - - [07/Nov/2015:19:52:57 +0800] "GET /netpage/page.html HTTP/1.1" 404 985
192.168.1.219 - - [07/Nov/2015:19:52:58 +0800] "GET /netpage/page.html HTTP/1.1" 404 985
192.168.1.219 - - [07/Nov/2015:19:52:58 +0800] "GET /netpage/page.html HTTP/1.1" 404 985
192.168.1.219 - - [07/Nov/2015:19:52:58 +0800] "GET /netpage/page.html HTTP/1.1" 404 985
192.168.1.219 - - [07/Nov/2015:19:52:59 +0800] "GET /netpage/page.html HTTP/1.1" 404 985
192.168.1.219 - - [07/Nov/2015:19:52:59 +0800] "GET /netpage/page.html HTTP/1.1" 404 985
192.168.1.219 - - [07/Nov/2015:19:52:59 +0800] "GET /netpage/page.html HTTP/1.1" 404 985
192.168.1.219 - - [07/Nov/2015:19:52:59 +0800] "GET /netpage/page.html HTTP/1.1" 404 985
192.168.1.219 - - [07/Nov/2015:19:52:59 +0800] "GET /netpage/page.html HTTP/1.1" 404 985
192.168.1.219 - - [07/Nov/2015:19:53:00 +0800] "GET /netpage/page.html HTTP/1.1" 404 985
192.168.1.219 - - [07/Nov/2015:19:53:00 +0800] "GET /netpage/page.html HTTP/1.1" 404 985
192.168.1.219 - - [07/Nov/2015:19:53:00 +0800] "GET /netpage/page.html HTTP/1.1" 404 985
192.168.1.219 - - [07/Nov/2015:19:53:00 +0800] "GET /netpage/page.html HTTP/1.1" 404 985
192.168.1.219 - - [07/Nov/2015:19:53:00 +0800] "GET /netpage/page.html HTTP/1.1" 404 985
192.168.1.219 - - [07/Nov/2015:19:53:01 +0800] "GET /netpage/page.html HTTP/1.1" 404 985
192.168.1.219 - - [07/Nov/2015:19:53:01 +0800] "GET /netpage/page.html HTTP/1.1" 404 985
192.168.1.219 - - [07/Nov/2015:19:53:01 +0800] "GET /netpage/page.html HTTP/1.1" 404 985
192.168.1.219 - - [07/Nov/2015:19:53:01 +0800] "GET /netpage/page.html HTTP/1.1" 404 985
192.168.1.219 - - [07/Nov/2015:19:53:02 +0800] "GET /netpage/page.html HTTP/1.1" 404 985
192.168.1.219 - - [07/Nov/2015:19:53:02 +0800] "GET /netpage/page.html HTTP/1.1" 404 985
192.168.1.219 - - [07/Nov/2015:19:53:02 +0800] "GET /netpage/page.html HTTP/1.1" 404 985
192.168.1.41 - - [07/Nov/2015:19:53:02 +0800] "GET /web/LoginServlet?qq=1231123123&pwd=asd123123 HTTP/1.1" 200 12
192.168.1.41 - - [07/Nov/2015:19:53:03 +0800] "GET /web/LoginServlet?qq=1231123123&pwd=asd123123 HTTP/1.1" 200 12
192.168.1.41 - - [07/Nov/2015:19:53:03 +0800] "GET /web/LoginServlet?qq=1231123123&pwd=asd123123 HTTP/1.1" 200 12
192.168.1.41 - - [07/Nov/2015:19:53:11 +0800] "GET /web/LoginServlet?qq=123&pwd=asd HTTP/1.1" 200 12
192.168.1.41 - - [07/Nov/2015:19:53:12 +0800] "GET /web/LoginServlet?qq=123&pwd=asd HTTP/1.1" 200 12
192.168.1.44 - - [07/Nov/2015:19:53:14 +0800] "POST /web/LoginServlet HTTP/1.1" 500 1418
192.168.1.44 - - [07/Nov/2015:19:53:15 +0800] "POST /web/LoginServlet HTTP/1.1" 500 1418
192.168.1.188 - - [07/Nov/2015:19:53:25 +0800] "GET /web/LoginServlet?qq=123&pwd=asd HTTP/1.1" 200 12
192.168.1.44 - - [07/Nov/2015:19:53:25 +0800] "POST /web/LoginServlet HTTP/1.1" 500 1418
192.168.1.44 - - [07/Nov/2015:19:53:26 +0800] "POST /web/LoginServlet HTTP/1.1" 500 1418
192.168.1.79 - - [07/Nov/2015:19:53:30 +0800] "GET /web/LoginServlet?qq=123&pwd=asd HTTP/1.1" 200 12
192.168.1.44 - - [07/Nov/2015:19:53:30 +0800] "POST /web/LoginServlet HTTP/1.1" 500 1418
192.168.1.113 - - [07/Nov/2015:19:53:31 +0800] "GET /news/news.xml HTTP/1.1" 404 977
192.168.1.113 - - [07/Nov/2015:19:53:31 +0800] "GET /favicon.ico HTTP/1.1" 404 973
192.168.1.113 - - [07/Nov/2015:19:53:31 +0800] "GET /favicon.ico HTTP/1.1" 404 973
192.168.1.155 - - [07/Nov/2015:19:53:32 +0800] "GET /web/LoginServlet?qq=123&pwd=222 HTTP/1.1" 200 12
192.168.1.155 - - [07/Nov/2015:19:53:35 +0800] "GET /web/LoginServlet?qq=123&pwd=222 HTTP/1.1" 200 12
192.168.1.155 - - [07/Nov/2015:19:53:35 +0800] "GET /web/LoginServlet?qq=123&pwd=222 HTTP/1.1" 200 12
192.168.1.155 - - [07/Nov/2015:19:53:35 +0800] "GET /web/LoginServlet?qq=123&pwd=222 HTTP/1.1" 200 12
192.168.1.155 - - [07/Nov/2015:19:53:35 +0800] "GET /web/LoginServlet?qq=123&pwd=222 HTTP/1.1" 200 12
192.168.1.155 - - [07/Nov/2015:19:53:35 +0800] "GET /web/LoginServlet?qq=123&pwd=222 HTTP/1.1" 200 12
192.168.1.155 - - [07/Nov/2015:19:53:36 +0800] "GET /web/LoginServlet?qq=123&pwd=222 HTTP/1.1" 200 12
192.168.1.155 - - [07/Nov/2015:19:53:36 +0800] "GET /web/LoginServlet?qq=123&pwd=222 HTTP/1.1" 200 12
192.168.1.44 - - [07/Nov/2015:19:53:37 +0800] "POST /web/LoginServlet HTTP/1.1" 500 1418
192.168.1.44 - - [07/Nov/2015:19:53:40 +0800] "POST /web/LoginServlet HTTP/1.1" 500 1418
192.168.1.176 - - [07/Nov/2015:19:53:44 +0800] "GET /web/download/winmine.exe HTTP/1.1" 404 999
192.168.1.44 - - [07/Nov/2015:19:53:49 +0800] "POST /web/LoginServlet HTTP/1.1" 500 1418
192.168.1.41 - - [07/Nov/2015:19:53:51 +0800] "GET /web/LoginServlet?qq=123&pwd=asd HTTP/1.1" 200 12
192.168.1.188 - - [07/Nov/2015:19:53:54 +0800] "GET /web/LoginServlet?qq=c123asfe&pwd=casdfaefrawew HTTP/1.1" 200 12
192.168.1.79 - - [07/Nov/2015:19:53:57 +0800] "POST /web/LoginServlet HTTP/1.1" 500 1418
192.168.1.113 - - [07/Nov/2015:19:54:03 +0800] "GET /web/LoginServlet?qq=123&pwd=asd HTTP/1.1" 200 12
192.168.1.44 - - [07/Nov/2015:19:54:08 +0800] "POST /web/LoginServlet HTTP/1.1" 500 1418
192.168.1.155 - - [07/Nov/2015:19:54:10 +0800] "GET /web/LoginServlet HTTP/1.1" 500 1359
192.168.1.155 - - [07/Nov/2015:19:54:10 +0800] "GET /favicon.ico HTTP/1.1" 404 973
192.168.1.155 - - [07/Nov/2015:19:54:21 +0800] "GET /web/LoginServlet%E3%80%81 HTTP/1.1" 404 1001
192.168.1.155 - - [07/Nov/2015:19:54:26 +0800] "GET /web/LoginServlet/ HTTP/1.1" 404 985
192.168.1.35 - - [07/Nov/2015:19:54:31 +0800] "GET /web/LoginServletqq=123&mm=asd HTTP/1.1" 404 1017
192.168.1.155 - - [07/Nov/2015:19:54:38 +0800] "GET /web/ HTTP/1.1" 404 959
192.168.1.200 - - [07/Nov/2015:19:54:48 +0800] "GET /loginServlet HTTP/1.1" 404 975
192.168.1.23 - - [07/Nov/2015:19:54:48 +0800] "GET / HTTP/1.1" 404 951
192.168.1.173 - - [07/Nov/2015:19:54:49 +0800] "GET /web/LoginServlet HTTP/1.1" 500 1359
192.168.1.173 - - [07/Nov/2015:19:54:50 +0800] "GET /favicon.ico HTTP/1.1" 404 973
192.168.1.173 - - [07/Nov/2015:19:54:50 +0800] "GET /favicon.ico HTTP/1.1" 404 973
192.168.1.200 - - [07/Nov/2015:19:54:50 +0800] "GET / HTTP/1.1" 404 951
192.168.1.200 - - [07/Nov/2015:19:54:53 +0800] "GET / HTTP/1.1" 404 951
192.168.1.44 - - [07/Nov/2015:19:54:55 +0800] "GET /web/login.jsp HTTP/1.1" 200 769
192.168.1.173 - - [07/Nov/2015:19:55:05 +0800] "GET /web/LoginServlet HTTP/1.1" 500 1359
192.168.1.44 - - [07/Nov/2015:19:55:07 +0800] "POST /web/LoginServlet HTTP/1.1" 200 12
192.168.1.173 - - [07/Nov/2015:19:55:08 +0800] "GET /web/LoginServlet HTTP/1.1" 500 1359
192.168.1.24 - - [07/Nov/2015:19:55:11 +0800] "GET /web/Login.jsp HTTP/1.1" 404 977
192.168.1.44 - - [07/Nov/2015:19:55:15 +0800] "POST /web/LoginServlet HTTP/1.1" 500 1418
192.168.1.176 - - [07/Nov/2015:19:55:17 +0800] "GET /web/download/winmine.exe HTTP/1.1" 404 999
192.168.1.24 - - [07/Nov/2015:19:55:17 +0800] "GET / HTTP/1.1" 404 951
192.168.1.173 - - [07/Nov/2015:19:55:24 +0800] "GET /web/LoginServlet HTTP/1.1" 500 1359
192.168.1.113 - - [07/Nov/2015:19:55:25 +0800] "GET /web/LoginServlet?qq=123&pwd=asd HTTP/1.1" 200 12
192.168.1.254 - - [07/Nov/2015:19:55:25 +0800] "POST /web/UploadServlet HTTP/1.1" 200 -
192.168.1.219 - - [07/Nov/2015:19:55:26 +0800] "GET /netpage/page.html HTTP/1.1" 404 985
192.168.1.24 - - [07/Nov/2015:19:55:35 +0800] "GET /login.jsp HTTP/1.1" 404 969
192.168.1.24 - - [07/Nov/2015:19:55:48 +0800] "GET /servletlogin.jsp HTTP/1.1" 404 983
192.168.1.35 - - [07/Nov/2015:19:55:57 +0800] "POST /web/LoginServlet HTTP/1.1" 200 12
192.168.1.173 - - [07/Nov/2015:19:56:07 +0800] "GET /web/LoginServlet HTTP/1.1" 500 1359
192.168.1.63 - - [07/Nov/2015:19:56:20 +0800] "GET /web/login.jsp HTTP/1.1" 200 769
192.168.1.63 - - [07/Nov/2015:19:56:21 +0800] "GET /web/login.jsp HTTP/1.1" 200 769
192.168.1.63 - - [07/Nov/2015:19:56:21 +0800] "GET /web/login.jsp HTTP/1.1" 200 769
192.168.1.44 - - [07/Nov/2015:19:56:44 +0800] "POST /web/LoginServlet HTTP/1.1" 200 12
192.168.1.41 - - [07/Nov/2015:19:56:52 +0800] "GET /favicon.ico HTTP/1.1" 404 973
192.168.1.41 - - [07/Nov/2015:19:56:55 +0800] "GET /web/LoginServlet HTTP/1.1" 500 1359
192.168.1.173 - - [07/Nov/2015:19:56:56 +0800] "GET /web/LoginServlet HTTP/1.1" 500 1359
192.168.1.111 - - [07/Nov/2015:19:56:59 +0800] "POST /web/LoginServlet HTTP/1.1" 500 1418
192.168.1.41 - - [07/Nov/2015:19:57:00 +0800] "GET /web/ HTTP/1.1" 404 959
192.168.1.111 - - [07/Nov/2015:19:57:04 +0800] "POST /web/LoginServlet HTTP/1.1" 500 1418
192.168.1.41 - - [07/Nov/2015:19:57:08 +0800] "GET /web/LoginServlet.jsp HTTP/1.1" 404 991
192.168.1.44 - - [07/Nov/2015:19:57:37 +0800] "POST /web/LoginServlet HTTP/1.1" 500 1418
192.168.1.44 - - [07/Nov/2015:19:57:39 +0800] "POST /web/LoginServlet HTTP/1.1" 500 1418
192.168.1.3 - - [07/Nov/2015:19:57:43 +0800] "GET /web/LoginServlet?qq=123&pwd=asd HTTP/1.1" 200 12
192.168.1.44 - - [07/Nov/2015:19:57:49 +0800] "POST /web/LoginServlet HTTP/1.1" 200 12
192.168.1.111 - - [07/Nov/2015:19:57:51 +0800] "POST /web/LoginServlet HTTP/1.1" 500 1418
192.168.1.41 - - [07/Nov/2015:19:57:54 +0800] "GET /web/LoginServlet?qq=123&pwd=asd HTTP/1.1" 200 12
192.168.1.41 - - [07/Nov/2015:19:57:58 +0800] "GET /web/LoginServlet?qq=123&pwd=asd HTTP/1.1" 200 12
192.168.1.41 - - [07/Nov/2015:19:57:59 +0800] "GET /web/LoginServlet?qq=123&pwd=asd HTTP/1.1" 200 12
192.168.1.41 - - [07/Nov/2015:19:57:59 +0800] "GET /web/LoginServlet?qq=123&pwd=asd HTTP/1.1" 200 12
192.168.1.41 - - [07/Nov/2015:19:57:59 +0800] "GET /web/LoginServlet?qq=123&pwd=asd HTTP/1.1" 200 12
192.168.1.41 - - [07/Nov/2015:19:57:59 +0800] "GET /web/LoginServlet?qq=123&pwd=asd HTTP/1.1" 200 12
192.168.1.41 - - [07/Nov/2015:19:58:00 +0800] "GET /web/LoginServlet?qq=123&pwd=asd HTTP/1.1" 200 12
192.168.1.41 - - [07/Nov/2015:19:58:00 +0800] "GET /web/LoginServlet?qq=123&pwd=asd HTTP/1.1" 200 12
192.168.1.41 - - [07/Nov/2015:19:58:00 +0800] "GET /web/LoginServlet?qq=123&pwd=asd HTTP/1.1" 200 12
192.168.1.111 - - [07/Nov/2015:19:58:00 +0800] "POST /web/LoginServlet HTTP/1.1" 500 1418
192.168.1.41 - - [07/Nov/2015:19:58:00 +0800] "GET /web/LoginServlet?qq=123&pwd=asd HTTP/1.1" 200 12
192.168.1.44 - - [07/Nov/2015:19:58:00 +0800] "POST /web/LoginServlet HTTP/1.1" 200 12
192.168.1.41 - - [07/Nov/2015:19:58:02 +0800] "GET /web/LoginServlet?qq=123&pwd=asd1123 HTTP/1.1" 200 12
192.168.1.35 - - [07/Nov/2015:19:58:21 +0800] "GET /web/LoginServletqq=123&mm=asd HTTP/1.1" 404 1017
192.168.1.35 - - [07/Nov/2015:19:58:24 +0800] "GET /web/LoginServletqq=123&mm=asd HTTP/1.1" 404 1017
192.168.1.111 - - [07/Nov/2015:19:58:49 +0800] "POST /web/LoginServlet HTTP/1.1" 500 1418
192.168.1.23 - - [07/Nov/2015:19:58:57 +0800] "GET /web/LoginServlet?qq=213&pwd=213321 HTTP/1.1" 200 12
192.168.1.111 - - [07/Nov/2015:19:59:07 +0800] "POST /web/LoginServlet HTTP/1.1" 200 12
192.168.1.254 - - [07/Nov/2015:19:59:11 +0800] "POST /web/UploadServlet HTTP/1.1" 200 -
192.168.1.47 - - [07/Nov/2015:19:59:24 +0800] "GET /web/LoginServlet HTTP/1.1" 500 1359
192.168.1.47 - - [07/Nov/2015:19:59:24 +0800] "GET /favicon.ico HTTP/1.1" 404 973
192.168.1.47 - - [07/Nov/2015:19:59:24 +0800] "GET /favicon.ico HTTP/1.1" 404 973
192.168.1.47 - - [07/Nov/2015:19:59:41 +0800] "GET / HTTP/1.1" 404 951
192.168.1.47 - - [07/Nov/2015:19:59:49 +0800] "GET / HTTP/1.1" 404 951
192.168.1.111 - - [07/Nov/2015:19:59:57 +0800] "POST /web/LoginServlet HTTP/1.1" 500 1418
192.168.1.111 - - [07/Nov/2015:20:00:00 +0800] "POST /web/LoginServlet HTTP/1.1" 500 1418
192.168.1.47 - - [07/Nov/2015:20:00:00 +0800] "GET / HTTP/1.1" 404 951
192.168.1.111 - - [07/Nov/2015:20:00:03 +0800] "POST /web/LoginServlet HTTP/1.1" 500 1418
192.168.1.173 - - [07/Nov/2015:20:00:36 +0800] "GET /web/LoginServlet.jsp HTTP/1.1" 404 991
192.168.1.47 - - [07/Nov/2015:20:01:04 +0800] "GET /web/LoginServlet.jsp HTTP/1.1" 404 991
192.168.1.47 - - [07/Nov/2015:20:01:14 +0800] "GET / HTTP/1.1" 404 951
192.168.1.47 - - [07/Nov/2015:20:01:20 +0800] "GET / HTTP/1.1" 404 951
192.168.1.173 - - [07/Nov/2015:20:01:52 +0800] "GET /web/LoginServlet.jsp HTTP/1.1" 404 991
192.168.1.44 - - [07/Nov/2015:20:01:53 +0800] "POST /web/LoginServlet HTTP/1.1" 200 12
192.168.1.173 - - [07/Nov/2015:20:02:04 +0800] "GET /web/LoginServlet HTTP/1.1" 500 1359
192.168.1.44 - - [07/Nov/2015:20:02:16 +0800] "POST /web/LoginServlet HTTP/1.1" 200 12
192.168.1.79 - - [07/Nov/2015:20:02:38 +0800] "GET /favicon.ico HTTP/1.1" 404 973
192.168.1.79 - - [07/Nov/2015:20:02:43 +0800] "GET /web/login.jsp HTTP/1.1" 200 769
192.168.1.47 - - [07/Nov/2015:20:02:49 +0800] "GET / HTTP/1.1" 404 951
192.168.1.79 - - [07/Nov/2015:20:02:51 +0800] "POST /web/LoginServlet HTTP/1.1" 200 12
192.168.1.44 - - [07/Nov/2015:20:03:15 +0800] "POST /web/LoginServlet HTTP/1.1" 200 12
192.168.1.111 - - [07/Nov/2015:20:03:20 +0800] "POST /web/LoginServlet HTTP/1.1" 500 1418
192.168.1.111 - - [07/Nov/2015:20:03:24 +0800] "POST /web/LoginServlet HTTP/1.1" 500 1418
192.168.1.111 - - [07/Nov/2015:20:03:27 +0800] "POST /web/LoginServlet HTTP/1.1" 500 1418
192.168.1.41 - - [07/Nov/2015:20:03:56 +0800] "GET /web/LoginServlet?qq=123&pwd=asd1123 HTTP/1.1" 200 12
192.168.1.41 - - [07/Nov/2015:20:04:00 +0800] "GET /web/LoginServlet?qq=123&pwd=asd HTTP/1.1" 200 12
192.168.1.173 - - [07/Nov/2015:20:04:05 +0800] "GET /web/Login.jsp HTTP/1.1" 404 977
192.168.1.48 - - [07/Nov/2015:20:04:12 +0800] "POST /web/LoginServlet HTTP/1.1" 500 1418
192.168.1.48 - - [07/Nov/2015:20:04:23 +0800] "POST /web/LoginServlet HTTP/1.1" 500 1418
192.168.1.47 - - [07/Nov/2015:20:04:29 +0800] "GET / HTTP/1.1" 404 951
192.168.1.72 - - [07/Nov/2015:20:04:29 +0800] "GET /web/LoginServlet?qq=123&pwd=asd HTTP/1.1" 200 12
192.168.1.48 - - [07/Nov/2015:20:04:34 +0800] "GET /web/LoginServlet HTTP/1.1" 500 1359
192.168.1.47 - - [07/Nov/2015:20:04:44 +0800] "GET / HTTP/1.1" 404 951
192.168.1.47 - - [07/Nov/2015:20:04:44 +0800] "GET / HTTP/1.1" 404 951
192.168.1.47 - - [07/Nov/2015:20:04:44 +0800] "GET / HTTP/1.1" 404 951
192.168.1.47 - - [07/Nov/2015:20:04:44 +0800] "GET / HTTP/1.1" 404 951
192.168.1.47 - - [07/Nov/2015:20:04:44 +0800] "GET / HTTP/1.1" 404 951
192.168.1.48 - - [07/Nov/2015:20:04:49 +0800] "GET /web/Login.jsp HTTP/1.1" 404 977
192.168.1.41 - - [07/Nov/2015:20:04:50 +0800] "GET /web/LoginServlet?qq=123&pwd=asd HTTP/1.1" 200 12
192.168.1.47 - - [07/Nov/2015:20:04:53 +0800] "GET / HTTP/1.1" 404 951
192.168.1.111 - - [07/Nov/2015:20:05:03 +0800] "POST /web/LoginServlet HTTP/1.1" 500 1418
192.168.1.48 - - [07/Nov/2015:20:05:26 +0800] "GET /web/LoginServlet HTTP/1.1" 500 1359
192.168.1.173 - - [07/Nov/2015:20:05:33 +0800] "GET /web/login.jsp HTTP/1.1" 200 769
192.168.1.3 - - [07/Nov/2015:20:05:40 +0800] "GET /web/LoginServlet HTTP/1.1" 500 1359
192.168.1.47 - - [07/Nov/2015:20:05:57 +0800] "GET /web/login.jsp HTTP/1.1" 200 769
192.168.1.47 - - [07/Nov/2015:20:05:57 +0800] "GET /favicon.ico HTTP/1.1" 404 973
